Archive member included because of file (symbol)

.\ARM_GCC_493\Debug\Active_Load_v5.a(cyfitter_cfg.o)
                              .\ARM_GCC_493\Debug\Cm3Start.o (cyfitter_cfg)
.\ARM_GCC_493\Debug\Active_Load_v5.a(PWM_1.o)
                              .\ARM_GCC_493\Debug\main01.o (PWM_1_Start)
.\ARM_GCC_493\Debug\Active_Load_v5.a(QD.o)
                              .\ARM_GCC_493\Debug\main01.o (QD_Start)
.\ARM_GCC_493\Debug\Active_Load_v5.a(QD_Cnt16.o)
                              .\ARM_GCC_493\Debug\Active_Load_v5.a(QD.o) (QD_Cnt16_WriteCounter)
.\ARM_GCC_493\Debug\Active_Load_v5.a(CyBootAsmGnu.o)
                              .\ARM_GCC_493\Debug\Active_Load_v5.a(cyfitter_cfg.o) (CyDelayCycles)
.\ARM_GCC_493\Debug\Active_Load_v5.a(CyDmac.o)
                              .\ARM_GCC_493\Debug\Cm3Start.o (CyDmacConfigure)
.\ARM_GCC_493\Debug\Active_Load_v5.a(CyLib.o)
                              .\ARM_GCC_493\Debug\Cm3Start.o (CyResetStatus)
.\ARM_GCC_493\Debug\Active_Load_v5.a(cyPm.o)
                              .\ARM_GCC_493\Debug\Active_Load_v5.a(CyLib.o) (CyPmReadStatus)
.\ARM_GCC_493\Debug\Active_Load_v5.a(WaveDAC8_1.o)
                              .\ARM_GCC_493\Debug\main01.o (WaveDAC8_1_Start)
.\ARM_GCC_493\Debug\Active_Load_v5.a(WaveDAC8_1_Wave1_DMA_dma.o)
                              .\ARM_GCC_493\Debug\Active_Load_v5.a(WaveDAC8_1.o) (WaveDAC8_1_Wave1_DMA_DmaInitialize)
.\ARM_GCC_493\Debug\Active_Load_v5.a(WaveDAC8_1_Wave2_DMA_dma.o)
                              .\ARM_GCC_493\Debug\Active_Load_v5.a(WaveDAC8_1.o) (WaveDAC8_1_Wave2_DMA_DmaInitialize)
.\ARM_GCC_493\Debug\Active_Load_v5.a(WaveDAC8_1_VDAC8.o)
                              .\ARM_GCC_493\Debug\Active_Load_v5.a(WaveDAC8_1.o) (WaveDAC8_1_VDAC8_Init)
.\ARM_GCC_493\Debug\Active_Load_v5.a(Clock_QD_1.o)
                              .\ARM_GCC_493\Debug\main01.o (Clock_QD_1_Start)
.\ARM_GCC_493\Debug\Active_Load_v5.a(WaveDAC8_1_BuffAmp.o)
                              .\ARM_GCC_493\Debug\Active_Load_v5.a(WaveDAC8_1.o) (WaveDAC8_1_BuffAmp_Init)
.\ARM_GCC_493\Debug\Active_Load_v5.a(AMux_1.o)
                              .\ARM_GCC_493\Debug\main01.o (AMux_1_Select)
.\ARM_GCC_493\Debug\Active_Load_v5.a(DieTemp.o)
                              .\ARM_GCC_493\Debug\temp_manage.o (DieTemp_GetTemp)
.\ARM_GCC_493\Debug\Active_Load_v5.a(Button1_Reg.o)
                              .\ARM_GCC_493\Debug\global_variables.o (Button1_Reg_Read)
.\ARM_GCC_493\Debug\Active_Load_v5.a(Button2_Reg.o)
                              .\ARM_GCC_493\Debug\global_variables.o (Button2_Reg_Read)
.\ARM_GCC_493\Debug\Active_Load_v5.a(Button3_Reg.o)
                              .\ARM_GCC_493\Debug\global_variables.o (Button3_Reg_Read)
.\ARM_GCC_493\Debug\Active_Load_v5.a(Button4_Reg.o)
                              .\ARM_GCC_493\Debug\global_variables.o (Button4_Reg_Read)
.\ARM_GCC_493\Debug\Active_Load_v5.a(Push_Reg.o)
                              .\ARM_GCC_493\Debug\state_machine.o (Push_Reg_Read)
.\ARM_GCC_493\Debug\Active_Load_v5.a(ADC_SAR_1.o)
                              .\ARM_GCC_493\Debug\main01.o (ADC_SAR_1_Start)
.\ARM_GCC_493\Debug\Active_Load_v5.a(ADC_SAR_1_INT.o)
                              .\ARM_GCC_493\Debug\Active_Load_v5.a(ADC_SAR_1.o) (ADC_SAR_1_ISR)
.\ARM_GCC_493\Debug\Active_Load_v5.a(ADC_SAR_2.o)
                              .\ARM_GCC_493\Debug\main01.o (ADC_SAR_2_Start)
.\ARM_GCC_493\Debug\Active_Load_v5.a(ADC_SAR_2_INT.o)
                              .\ARM_GCC_493\Debug\Active_Load_v5.a(ADC_SAR_2.o) (ADC_SAR_2_ISR)
.\ARM_GCC_493\Debug\Active_Load_v5.a(I2C.o)
                              .\ARM_GCC_493\Debug\main01.o (I2C_Start)
.\ARM_GCC_493\Debug\Active_Load_v5.a(I2C_INT.o)
                              .\ARM_GCC_493\Debug\Active_Load_v5.a(I2C.o) (I2C_ISR)
.\ARM_GCC_493\Debug\Active_Load_v5.a(I2C_PM.o)
                              .\ARM_GCC_493\Debug\Active_Load_v5.a(I2C.o) (I2C_backup)
.\ARM_GCC_493\Debug\Active_Load_v5.a(I2C_MASTER.o)
                              .\ARM_GCC_493\Debug\Active_Load_v5.a(I2C.o) (I2C_mstrStatus)
.\ARM_GCC_493\Debug\Active_Load_v5.a(Clock_QD_2.o)
                              .\ARM_GCC_493\Debug\main01.o (Clock_QD_2_Start)
.\ARM_GCC_493\Debug\Active_Load_v5.a(PWM_Buzz.o)
                              .\ARM_GCC_493\Debug\main01.o (PWM_Buzz_Start)
.\ARM_GCC_493\Debug\Active_Load_v5.a(SPIM.o)
                              .\ARM_GCC_493\Debug\u8g_arm.o (SPIM_Start)
.\ARM_GCC_493\Debug\Active_Load_v5.a(SPIM_IntClock.o)
                              .\ARM_GCC_493\Debug\Active_Load_v5.a(SPIM.o) (SPIM_IntClock_Start)
.\ARM_GCC_493\Debug\Active_Load_v5.a(LCD_RESET.o)
                              .\ARM_GCC_493\Debug\u8g_arm.o (LCD_RESET_Write)
.\ARM_GCC_493\Debug\Active_Load_v5.a(LCD_A0.o)
                              .\ARM_GCC_493\Debug\u8g_arm.o (LCD_A0_Write)
.\ARM_GCC_493\Debug\Active_Load_v5.a(LCD_CS.o)
                              .\ARM_GCC_493\Debug\u8g_arm.o (LCD_CS_Write)
[...]
Memory Configuration

Name             Origin             Length             Attributes
rom              0x00000000         0x00040000         xr
ram              0x1fff8000         0x00010000         xrw
*default*        0x00000000         0xffffffff

Linker script and memory map

LOAD c:/program files (x86)/cypress/psoc creator/3.3/psoc creator/import/gnu/arm/4.9.3/bin/../lib/gcc/arm-none-eabi/4.9.3/armv7-m/crti.o
LOAD c:/program files (x86)/cypress/psoc creator/3.3/psoc creator/import/gnu/arm/4.9.3/bin/../lib/gcc/arm-none-eabi/4.9.3/armv7-m/crtbegin.o
LOAD c:/program files (x86)/cypress/psoc creator/3.3/psoc creator/import/gnu/arm/4.9.3/bin/../lib/gcc/arm-none-eabi/4.9.3/../../../../arm-none-eabi/lib/armv7-m/crt0.o
START GROUP
LOAD .\ARM_GCC_493\Debug\chessengine.o
LOAD .\ARM_GCC_493\Debug\u8g_bitmap.o
LOAD .\ARM_GCC_493\Debug\u8g_circle.o
LOAD .\ARM_GCC_493\Debug\u8g_clip.o
LOAD .\ARM_GCC_493\Debug\u8g_com_api.o
LOAD .\ARM_GCC_493\Debug\u8g_com_api_16gr.o
LOAD .\ARM_GCC_493\Debug\u8g_com_i2c.o
LOAD .\ARM_GCC_493\Debug\u8g_com_io.o
LOAD .\ARM_GCC_493\Debug\u8g_com_msp430_hw_spi.o
LOAD .\ARM_GCC_493\Debug\u8g_com_null.o
LOAD .\ARM_GCC_493\Debug\u8g_com_raspberrypi_hw_spi.o
LOAD .\ARM_GCC_493\Debug\u8g_com_raspberrypi_ssd_i2c.o
LOAD .\ARM_GCC_493\Debug\u8g_com_std_sw_spi.o
LOAD .\ARM_GCC_493\Debug\u8g_cursor.o
LOAD .\ARM_GCC_493\Debug\u8g_delay.o
LOAD .\ARM_GCC_493\Debug\u8g_ellipse.o
LOAD .\ARM_GCC_493\Debug\u8g_font.o
LOAD .\ARM_GCC_493\Debug\u8g_line.o
LOAD .\ARM_GCC_493\Debug\u8g_ll_api.o
LOAD .\ARM_GCC_493\Debug\u8g_page.o
LOAD .\ARM_GCC_493\Debug\u8g_pb.o
LOAD .\ARM_GCC_493\Debug\u8g_pb8h1.o
LOAD .\ARM_GCC_493\Debug\u8g_pb8h1f.o
LOAD .\ARM_GCC_493\Debug\u8g_pb8h2.o
LOAD .\ARM_GCC_493\Debug\u8g_pb8h8.o
LOAD .\ARM_GCC_493\Debug\u8g_pb8v1.o
LOAD .\ARM_GCC_493\Debug\u8g_pb8v2.o
LOAD .\ARM_GCC_493\Debug\u8g_pb14v1.o
LOAD .\ARM_GCC_493\Debug\u8g_pb16h1.o
LOAD .\ARM_GCC_493\Debug\u8g_pb16h2.o
LOAD .\ARM_GCC_493\Debug\u8g_pb16v1.o
LOAD .\ARM_GCC_493\Debug\u8g_pb16v2.o
LOAD .\ARM_GCC_493\Debug\u8g_pb32h1.o
LOAD .\ARM_GCC_493\Debug\u8g_pbxh16.o
LOAD .\ARM_GCC_493\Debug\u8g_pbxh24.o
LOAD .\ARM_GCC_493\Debug\u8g_polygon.o
LOAD .\ARM_GCC_493\Debug\u8g_rect.o
LOAD .\ARM_GCC_493\Debug\u8g_rot.o
LOAD .\ARM_GCC_493\Debug\u8g_scale.o
LOAD .\ARM_GCC_493\Debug\u8g_state.o
LOAD .\ARM_GCC_493\Debug\u8g_u8toa.o
LOAD .\ARM_GCC_493\Debug\u8g_u16toa.o
LOAD .\ARM_GCC_493\Debug\u8g_virtual_screen.o
LOAD .\ARM_GCC_493\Debug\u8g_font_data.o
LOAD .\ARM_GCC_493\Debug\u8g_arm.o
LOAD .\ARM_GCC_493\Debug\u8g_dev_uc1601_c128032.o
LOAD .\ARM_GCC_493\Debug\u8g_dev_st7565_dogm128.o
LOAD .\ARM_GCC_493\Debug\main01.o
LOAD .\ARM_GCC_493\Debug\state_machine.o
LOAD .\ARM_GCC_493\Debug\LCD_Menu.o
LOAD .\ARM_GCC_493\Debug\global_variables.o
LOAD .\ARM_GCC_493\Debug\temp_manage.o
LOAD .\ARM_GCC_493\Debug\cymetadata.o
LOAD .\ARM_GCC_493\Debug\Cm3Start.o
LOAD .\ARM_GCC_493\Debug\Active_Load_v5.a
LOAD C:\Program Files (x86)\Cypress\PSoC Creator\3.3\PSoC Creator\psoc\content\cycomponentlibrary\CyComponentLibrary.cylib\CortexM3\ARM_GCC_493\Debug\CyComponentLibrary.a
END GROUP
START GROUP
LOAD c:/program files (x86)/cypress/psoc creator/3.3/psoc creator/import/gnu/arm/4.9.3/bin/../lib/gcc/arm-none-eabi/4.9.3/armv7-m\libgcc.a
LOAD c:/program files (x86)/cypress/psoc creator/3.3/psoc creator/import/gnu/arm/4.9.3/bin/../lib/gcc/arm-none-eabi/4.9.3/../../../../arm-none-eabi/lib/armv7-m\libg_nano.a
LOAD c:/program files (x86)/cypress/psoc creator/3.3/psoc creator/import/gnu/arm/4.9.3/bin/../lib/gcc/arm-none-eabi/4.9.3/../../../../arm-none-eabi/lib/armv7-m\libc_nano.a
END GROUP
START GROUP
LOAD c:/program files (x86)/cypress/psoc creator/3.3/psoc creator/import/gnu/arm/4.9.3/bin/../lib/gcc/arm-none-eabi/4.9.3/armv7-m\libgcc.a
LOAD c:/program files (x86)/cypress/psoc creator/3.3/psoc creator/import/gnu/arm/4.9.3/bin/../lib/gcc/arm-none-eabi/4.9.3/../../../../arm-none-eabi/lib/armv7-m\libc_nano.a
END GROUP
LOAD c:/program files (x86)/cypress/psoc creator/3.3/psoc creator/import/gnu/arm/4.9.3/bin/../lib/gcc/arm-none-eabi/4.9.3/armv7-m/crtend.o
LOAD c:/program files (x86)/cypress/psoc creator/3.3/psoc creator/import/gnu/arm/4.9.3/bin/../lib/gcc/arm-none-eabi/4.9.3/armv7-m/crtn.o
START GROUP
LOAD c:/program files (x86)/cypress/psoc creator/3.3/psoc creator/import/gnu/arm/4.9.3/bin/../lib/gcc/arm-none-eabi/4.9.3/armv7-m\libgcc.a
LOAD c:/program files (x86)/cypress/psoc creator/3.3/psoc creator/import/gnu/arm/4.9.3/bin/../lib/gcc/arm-none-eabi/4.9.3/../../../../arm-none-eabi/lib/armv7-m\libc.a
LOAD c:/program files (x86)/cypress/psoc creator/3.3/psoc creator/import/gnu/arm/4.9.3/bin/../lib/gcc/arm-none-eabi/4.9.3/../../../../arm-none-eabi/lib/armv7-m\libnosys.a
END GROUP
                0x00000000                CY_APPL_ORIGIN = 0x0
                0x00000100                CY_FLASH_ROW_SIZE = 0x100
                0x00000020                CY_ECC_ROW_SIZE = 0x20
                0x00000000                CY_EE_IN_BTLDR = 0x0
                0x00000000                CY_APPL_LOADABLE = 0x0
                0x00000800                CY_EE_SIZE = 0x800
                0x00000001                CY_APPL_NUM = 0x1
                0x00000001                CY_APPL_MAX = 0x1
                0x00000040                CY_METADATA_SIZE = 0x40
                0x00000000                CY_APPL_LOADABLE = 0x0
                0x00000000                CY_CHECKSUM_EXCLUDE_SIZE = ALIGN (0x0, CY_FLASH_ROW_SIZE)
                0x1fff8590                PROVIDE (__cy_heap_start, _end)
                0x00000001                PROVIDE (__cy_region_num, ((__cy_regions_end - __cy_regions) / 0x10))
                0x20008000                PROVIDE (__cy_stack, (ORIGIN (ram) + 0x10000))
                0x20007800                PROVIDE (__cy_heap_end, (__cy_stack - 0x800))

.cybootloader   0x00000000        0x0
 *(.cybootloader)
                0x00000000                appl1_start = CY_APPL_ORIGIN?CY_APPL_ORIGIN:ALIGN (CY_FLASH_ROW_SIZE)
                0x0001ff00                appl2_start = (appl1_start + ALIGN ((((0x40000 - appl1_start) - (0x2 * CY_FLASH_ROW_SIZE)) / 0x2), CY_FLASH_ROW_SIZE))
                0x00000000                appl_start = (CY_APPL_NUM == 0x1)?appl1_start:appl2_start
                0x00000000                ecc_offset = ((appl_start / CY_FLASH_ROW_SIZE) * CY_ECC_ROW_SIZE)
                0x00000000                ee_offset = (CY_APPL_LOADABLE && ! (CY_EE_IN_BTLDR))?((CY_EE_SIZE / CY_APPL_MAX) * (CY_APPL_NUM - 0x1)):0x0
                0x00000800                ee_size = (CY_APPL_LOADABLE && ! (CY_EE_IN_BTLDR))?(CY_EE_SIZE / CY_APPL_MAX):CY_EE_SIZE
                0x00000000                PROVIDE (CY_ECC_OFFSET, ecc_offset)

.text           0x00000000     0xb5c4
 CREATE_OBJECT_SYMBOLS
                0x00000000                PROVIDE (__cy_interrupt_vector, RomVectors)
 *(.romvectors)
 .romvectors    0x00000000       0x10 .\ARM_GCC_493\Debug\Cm3Start.o
                0x00000000                RomVectors
                0x00000001                ASSERT ((. != __cy_interrupt_vector), No interrupt vector)
                0x00000001                ASSERT (CY_APPL_ORIGIN?(SIZEOF (.cybootloader) <= CY_APPL_ORIGIN):0x1, Wrong image location)
                0x00000010                PROVIDE (__cy_reset, Reset)
 *(.text.Reset)
 .text.Reset    0x00000010       0x18 .\ARM_GCC_493\Debug\Cm3Start.o
                0x00000010                Reset
                0x00000001                ASSERT ((. != __cy_reset), No reset code)
 *(.dma_init)
                0x00000001                ASSERT ((((appl_start + .) <= 0x10000) || 0x1), DMA Init must be within the first 64k of flash)
 *(.text .text.* .gnu.linkonce.t.*)
 .text          0x00000028       0x5c c:/program files (x86)/cypress/psoc creator/3.3/psoc creator/import/gnu/arm/4.9.3/bin/../lib/gcc/arm-none-eabi/4.9.3/armv7-m/crtbegin.o
 .text.u8g_IsBBXIntersection
                0x00000084       0xf8 .\ARM_GCC_493\Debug\u8g_clip.o
                0x00000084                u8g_IsBBXIntersection
 .text.u8g_InitCom
                0x0000017c       0x28 .\ARM_GCC_493\Debug\u8g_com_api.o
                0x0000017c                u8g_InitCom
 .text.u8g_SetChipSelect
                0x000001a4       0x24 .\ARM_GCC_493\Debug\u8g_com_api.o
                0x000001a4                u8g_SetChipSelect
 .text.u8g_SetResetLow
                0x000001c8       0x20 .\ARM_GCC_493\Debug\u8g_com_api.o
                0x000001c8                u8g_SetResetLow
 .text.u8g_SetResetHigh
                0x000001e8       0x20 .\ARM_GCC_493\Debug\u8g_com_api.o
                0x000001e8                u8g_SetResetHigh
 .text.u8g_SetAddress
                0x00000208       0x24 .\ARM_GCC_493\Debug\u8g_com_api.o
                0x00000208                u8g_SetAddress
 .text.u8g_WriteByte
                0x0000022c       0x28 .\ARM_GCC_493\Debug\u8g_com_api.o
                0x0000022c                u8g_WriteByte
 .text.u8g_WriteSequence
                0x00000254       0x2c .\ARM_GCC_493\Debug\u8g_com_api.o
                0x00000254                u8g_WriteSequence
 .text.u8g_WriteEscSeqP
                0x00000280      0x10c .\ARM_GCC_493\Debug\u8g_com_api.o
                0x00000280                u8g_WriteEscSeqP
 .text.u8g_com_null_fn
                0x0000038c       0x4c .\ARM_GCC_493\Debug\u8g_com_null.o
                0x0000038c                u8g_com_null_fn
 .text.u8g_font_get_byte
                0x000003d8       0x24 .\ARM_GCC_493\Debug\u8g_font.o
 .text.u8g_font_get_word
                0x000003fc       0x40 .\ARM_GCC_493\Debug\u8g_font.o
 .text.u8g_font_GetFormat
                0x0000043c       0x1c .\ARM_GCC_493\Debug\u8g_font.o
 .text.u8g_font_GetFontGlyphStructureSize
                0x00000458       0x34 .\ARM_GCC_493\Debug\u8g_font.o
 .text.u8g_font_GetCapitalAHeight
                0x0000048c       0x1c .\ARM_GCC_493\Debug\u8g_font.o
                0x0000048c                u8g_font_GetCapitalAHeight
 .text.u8g_font_GetEncoding65Pos
                0x000004a8       0x1c .\ARM_GCC_493\Debug\u8g_font.o
                0x000004a8                u8g_font_GetEncoding65Pos
 .text.u8g_font_GetEncoding97Pos
                0x000004c4       0x1c .\ARM_GCC_493\Debug\u8g_font.o
                0x000004c4                u8g_font_GetEncoding97Pos
 .text.u8g_font_GetFontStartEncoding
                0x000004e0       0x1c .\ARM_GCC_493\Debug\u8g_font.o
                0x000004e0                u8g_font_GetFontStartEncoding
 .text.u8g_font_GetFontEndEncoding
                0x000004fc       0x1c .\ARM_GCC_493\Debug\u8g_font.o
                0x000004fc                u8g_font_GetFontEndEncoding
 .text.u8g_font_GetLowerGDescent
                0x00000518       0x20 .\ARM_GCC_493\Debug\u8g_font.o
                0x00000518                u8g_font_GetLowerGDescent
 .text.u8g_font_GetFontAscent
                0x00000538       0x20 .\ARM_GCC_493\Debug\u8g_font.o
                0x00000538                u8g_font_GetFontAscent
 .text.u8g_font_GetFontDescent
                0x00000558       0x20 .\ARM_GCC_493\Debug\u8g_font.o
                0x00000558                u8g_font_GetFontDescent
 .text.u8g_font_GetFontXAscent
                0x00000578       0x20 .\ARM_GCC_493\Debug\u8g_font.o
                0x00000578                u8g_font_GetFontXAscent
 .text.u8g_font_GetFontXDescent
                0x00000598       0x20 .\ARM_GCC_493\Debug\u8g_font.o
                0x00000598                u8g_font_GetFontXDescent
 .text.u8g_font_GetGlyphDataStart
                0x000005b8       0x20 .\ARM_GCC_493\Debug\u8g_font.o
 .text.u8g_CopyGlyphDataToCache
                0x000005d8       0xc0 .\ARM_GCC_493\Debug\u8g_font.o
 .text.u8g_FillEmptyGlyphCache
                0x00000698       0x34 .\ARM_GCC_493\Debug\u8g_font.o
 .text.u8g_GetGlyph
                0x000006cc      0x130 .\ARM_GCC_493\Debug\u8g_font.o
                0x000006cc                u8g_GetGlyph
 .text.u8g_draw_glyph
                0x000007fc      0x110 .\ARM_GCC_493\Debug\u8g_font.o
                0x000007fc                u8g_draw_glyph
 .text.u8g_DrawStr
                0x0000090c       0x64 .\ARM_GCC_493\Debug\u8g_font.o
                0x0000090c                u8g_DrawStr
 .text.u8g_UpdateRefHeight
                0x00000970       0xf4 .\ARM_GCC_493\Debug\u8g_font.o
                0x00000970                u8g_UpdateRefHeight
 .text.u8g_font_calc_vref_font
                0x00000a64       0x18 .\ARM_GCC_493\Debug\u8g_font.o
                0x00000a64                u8g_font_calc_vref_font
 .text.u8g_SetFontPosBaseline
                0x00000a7c       0x1c .\ARM_GCC_493\Debug\u8g_font.o
                0x00000a7c                u8g_SetFontPosBaseline
 .text.u8g_SetFont
                0x00000a98       0x2c .\ARM_GCC_493\Debug\u8g_font.o
                0x00000a98                u8g_SetFont
 .text.u8g_DrawLine
                0x00000ac4      0x130 .\ARM_GCC_493\Debug\u8g_line.o
                0x00000ac4                u8g_DrawLine
 .text.u8g_call_dev_fn
                0x00000bf4       0x2c .\ARM_GCC_493\Debug\u8g_ll_api.o
                0x00000bf4                u8g_call_dev_fn
 .text.u8g_InitLL
                0x00000c20       0x3c .\ARM_GCC_493\Debug\u8g_ll_api.o
                0x00000c20                u8g_InitLL
 .text.u8g_FirstPageLL
                0x00000c5c       0x44 .\ARM_GCC_493\Debug\u8g_ll_api.o
                0x00000c5c                u8g_FirstPageLL
 .text.u8g_NextPageLL
                0x00000ca0       0x50 .\ARM_GCC_493\Debug\u8g_ll_api.o
                0x00000ca0                u8g_NextPageLL
 .text.u8g_SetContrastLL
                0x00000cf0       0x24 .\ARM_GCC_493\Debug\u8g_ll_api.o
                0x00000cf0                u8g_SetContrastLL
 .text.u8g_DrawPixelLL
                0x00000d14       0x3c .\ARM_GCC_493\Debug\u8g_ll_api.o
                0x00000d14                u8g_DrawPixelLL
 .text.u8g_Draw8PixelLL
                0x00000d50       0x4c .\ARM_GCC_493\Debug\u8g_ll_api.o
                0x00000d50                u8g_Draw8PixelLL
 .text.u8g_GetWidthLL
                0x00000d9c       0x24 .\ARM_GCC_493\Debug\u8g_ll_api.o
                0x00000d9c                u8g_GetWidthLL
 .text.u8g_GetHeightLL
                0x00000dc0       0x24 .\ARM_GCC_493\Debug\u8g_ll_api.o
                0x00000dc0                u8g_GetHeightLL
 .text.u8g_GetModeLL
                0x00000de4       0x20 .\ARM_GCC_493\Debug\u8g_ll_api.o
                0x00000de4                u8g_GetModeLL
 .text.u8g_UpdateDimension
                0x00000e04       0x5c .\ARM_GCC_493\Debug\u8g_ll_api.o
                0x00000e04                u8g_UpdateDimension
 .text.u8g_init_data
                0x00000e60       0x74 .\ARM_GCC_493\Debug\u8g_ll_api.o
 .text.u8g_Begin
                0x00000ed4       0x30 .\ARM_GCC_493\Debug\u8g_ll_api.o
                0x00000ed4                u8g_Begin
 .text.u8g_InitComFn
                0x00000f04       0x30 .\ARM_GCC_493\Debug\u8g_ll_api.o
                0x00000f04                u8g_InitComFn
 .text.u8g_FirstPage
                0x00000f34       0x1c .\ARM_GCC_493\Debug\u8g_ll_api.o
                0x00000f34                u8g_FirstPage
 .text.u8g_NextPage
                0x00000f50       0x30 .\ARM_GCC_493\Debug\u8g_ll_api.o
                0x00000f50                u8g_NextPage
 .text.u8g_SetContrast
                0x00000f80       0x28 .\ARM_GCC_493\Debug\u8g_ll_api.o
                0x00000f80                u8g_SetContrast
 .text.u8g_DrawPixel
                0x00000fa8       0x24 .\ARM_GCC_493\Debug\u8g_ll_api.o
                0x00000fa8                u8g_DrawPixel
 .text.u8g_Draw8Pixel
                0x00000fcc       0x38 .\ARM_GCC_493\Debug\u8g_ll_api.o
                0x00000fcc                u8g_Draw8Pixel
 .text.u8g_SetColorIndex
                0x00001004       0x20 .\ARM_GCC_493\Debug\u8g_ll_api.o
                0x00001004                u8g_SetColorIndex
 .text.u8g_GetDefaultForegroundColor
                0x00001024       0x34 .\ARM_GCC_493\Debug\u8g_ll_api.o
                0x00001024                u8g_GetDefaultForegroundColor
 .text.u8g_SetDefaultForegroundColor
                0x00001058       0x38 .\ARM_GCC_493\Debug\u8g_ll_api.o
                0x00001058                u8g_SetDefaultForegroundColor
 .text.u8g_GetDefaultBackgroundColor
                0x00001090       0x18 .\ARM_GCC_493\Debug\u8g_ll_api.o
                0x00001090                u8g_GetDefaultBackgroundColor
 .text.u8g_SetDefaultBackgroundColor
                0x000010a8       0x20 .\ARM_GCC_493\Debug\u8g_ll_api.o
                0x000010a8                u8g_SetDefaultBackgroundColor
 .text.u8g_page_First
                0x000010c8       0x34 .\ARM_GCC_493\Debug\u8g_page.o
                0x000010c8                u8g_page_First
 .text.u8g_page_Next
                0x000010fc       0x64 .\ARM_GCC_493\Debug\u8g_page.o
                0x000010fc                u8g_page_Next
 .text.u8g_pb_Clear
                0x00001160       0x3c .\ARM_GCC_493\Debug\u8g_pb.o
                0x00001160                u8g_pb_Clear
 .text.u8g_pb_IsYIntersection
                0x0000119c       0x84 .\ARM_GCC_493\Debug\u8g_pb.o
                0x0000119c                u8g_pb_IsYIntersection
 .text.u8g_pb_GetPageBox
                0x00001220       0x40 .\ARM_GCC_493\Debug\u8g_pb.o
                0x00001220                u8g_pb_GetPageBox
 .text.u8g_pb_Is8PixelVisible
                0x00001260       0x5c .\ARM_GCC_493\Debug\u8g_pb.o
                0x00001260                u8g_pb_Is8PixelVisible
 .text.u8g_pb_WriteBuffer
                0x000012bc       0x28 .\ARM_GCC_493\Debug\u8g_pb.o
                0x000012bc                u8g_pb_WriteBuffer
 .text.u8g_pb8v1_set_pixel
                0x000012e4       0x74 .\ARM_GCC_493\Debug\u8g_pb8v1.o
                0x000012e4                u8g_pb8v1_set_pixel
 .text.u8g_pb8v1_SetPixel
                0x00001358       0x4c .\ARM_GCC_493\Debug\u8g_pb8v1.o
                0x00001358                u8g_pb8v1_SetPixel
 .text.u8g_pb8v1_Set8PixelOpt2
                0x000013a4       0x90 .\ARM_GCC_493\Debug\u8g_pb8v1.o
                0x000013a4                u8g_pb8v1_Set8PixelOpt2
 .text.u8g_dev_pb8v1_base_fn
                0x00001434      0x1a0 .\ARM_GCC_493\Debug\u8g_pb8v1.o
                0x00001434                u8g_dev_pb8v1_base_fn
 .text.pge_Next
                0x000015d4       0xa0 .\ARM_GCC_493\Debug\u8g_polygon.o
 .text.pge_Init
                0x00001674       0xb8 .\ARM_GCC_493\Debug\u8g_polygon.o
 .text.pg_inc   0x0000172c       0x30 .\ARM_GCC_493\Debug\u8g_polygon.o
 .text.pg_dec   0x0000175c       0x34 .\ARM_GCC_493\Debug\u8g_polygon.o
 .text.pg_expand_min_y
                0x00001790       0x74 .\ARM_GCC_493\Debug\u8g_polygon.o
 .text.pg_prepare
                0x00001804      0x134 .\ARM_GCC_493\Debug\u8g_polygon.o
 .text.pg_hline
                0x00001938       0xf0 .\ARM_GCC_493\Debug\u8g_polygon.o
 .text.pg_line_init
                0x00001a28       0x88 .\ARM_GCC_493\Debug\u8g_polygon.o
 .text.pg_exec  0x00001ab0       0x90 .\ARM_GCC_493\Debug\u8g_polygon.o
 .text.pg_ClearPolygonXY
                0x00001b40       0x18 .\ARM_GCC_493\Debug\u8g_polygon.o
                0x00001b40                pg_ClearPolygonXY
 .text.pg_AddPolygonXY
                0x00001b58       0x50 .\ARM_GCC_493\Debug\u8g_polygon.o
                0x00001b58                pg_AddPolygonXY
 .text.pg_DrawPolygon
                0x00001ba8       0x28 .\ARM_GCC_493\Debug\u8g_polygon.o
                0x00001ba8                pg_DrawPolygon
 .text.u8g_ClearPolygonXY
                0x00001bd0       0x10 .\ARM_GCC_493\Debug\u8g_polygon.o
                0x00001bd0                u8g_ClearPolygonXY
 .text.u8g_AddPolygonXY
                0x00001be0       0x2c .\ARM_GCC_493\Debug\u8g_polygon.o
                0x00001be0                u8g_AddPolygonXY
 .text.u8g_DrawPolygon
                0x00001c0c       0x1c .\ARM_GCC_493\Debug\u8g_polygon.o
                0x00001c0c                u8g_DrawPolygon
 .text.u8g_DrawTriangle
                0x00001c28       0x60 .\ARM_GCC_493\Debug\u8g_polygon.o
                0x00001c28                u8g_DrawTriangle
 .text.u8g_draw_hline
                0x00001c88       0x7c .\ARM_GCC_493\Debug\u8g_rect.o
                0x00001c88                u8g_draw_hline
 .text.u8g_DrawHLine
                0x00001d04       0x48 .\ARM_GCC_493\Debug\u8g_rect.o
                0x00001d04                u8g_DrawHLine
 .text.u8g_draw_box
                0x00001d4c       0x40 .\ARM_GCC_493\Debug\u8g_rect.o
                0x00001d4c                u8g_draw_box
 .text.u8g_DrawBox
                0x00001d8c       0x4c .\ARM_GCC_493\Debug\u8g_rect.o
                0x00001d8c                u8g_DrawBox
 .text.u8g_state_dummy_cb
                0x00001dd8       0x14 .\ARM_GCC_493\Debug\u8g_state.o
                0x00001dd8                u8g_state_dummy_cb
 .text.u8g_Delay
                0x00001dec       0x18 .\ARM_GCC_493\Debug\u8g_arm.o
                0x00001dec                u8g_Delay
 .text.u8g_MicroDelay
                0x00001e04        0xc .\ARM_GCC_493\Debug\u8g_arm.o
                0x00001e04                u8g_MicroDelay
 .text.u8g_10MicroDelay
                0x00001e10        0xc .\ARM_GCC_493\Debug\u8g_arm.o
                0x00001e10                u8g_10MicroDelay
 .text.u8g_com_hw_spi_fn
                0x00001e1c       0xf4 .\ARM_GCC_493\Debug\u8g_arm.o
                0x00001e1c                u8g_com_hw_spi_fn
 .text.u8g_dev_st7565_dogm128_fn
                0x00001f10      0x138 .\ARM_GCC_493\Debug\u8g_dev_st7565_dogm128.o
                0x00001f10                u8g_dev_st7565_dogm128_fn
 .text.main     0x00002048       0xb4 .\ARM_GCC_493\Debug\main01.o
                0x00002048                main
 .text.Initialize
                0x000020fc       0x84 .\ARM_GCC_493\Debug\main01.o
                0x000020fc                Initialize
 .text.State_Machine
                0x00002180      0x148 .\ARM_GCC_493\Debug\state_machine.o
                0x00002180                State_Machine
 .text.State_Machine_Error_RP
                0x000022c8       0x84 .\ARM_GCC_493\Debug\state_machine.o
                0x000022c8                State_Machine_Error_RP
 .text.State_Machine_Error_NC
                0x0000234c       0x84 .\ARM_GCC_493\Debug\state_machine.o
                0x0000234c                State_Machine_Error_NC
 .text.State_Machine_Error_OC
                0x000023d0       0x84 .\ARM_GCC_493\Debug\state_machine.o
                0x000023d0                State_Machine_Error_OC
 .text.State_Machine_Error_OT
                0x00002454       0x84 .\ARM_GCC_493\Debug\state_machine.o
                0x00002454                State_Machine_Error_OT
 .text.State_Machine_Error_OV
                0x000024d8       0x84 .\ARM_GCC_493\Debug\state_machine.o
                0x000024d8                State_Machine_Error_OV
 .text.State_Machine_Home
                0x0000255c       0xa0 .\ARM_GCC_493\Debug\state_machine.o
                0x0000255c                State_Machine_Home
 .text.State_Machine_ConstantMode
                0x000025fc      0x134 .\ARM_GCC_493\Debug\state_machine.o
                0x000025fc                State_Machine_ConstantMode
 .text.State_Machine_ArbitraryMode
                0x00002730       0x24 .\ARM_GCC_493\Debug\state_machine.o
                0x00002730                State_Machine_ArbitraryMode
 *fill*         0x00002754        0x4 
 .text.State_Machine_ConstantCurrent
                0x00002758      0x780 .\ARM_GCC_493\Debug\state_machine.o
                0x00002758                State_Machine_ConstantCurrent
 .text.State_Machine_ConstantPower
                0x00002ed8      0x6c0 .\ARM_GCC_493\Debug\state_machine.o
                0x00002ed8                State_Machine_ConstantPower
 .text.State_Machine_ConstantResistance
                0x00003598      0x6c0 .\ARM_GCC_493\Debug\state_machine.o
                0x00003598                State_Machine_ConstantResistance
 .text.State_Machine_Settings
                0x00003c58       0xd0 .\ARM_GCC_493\Debug\state_machine.o
                0x00003c58                State_Machine_Settings
 .text.State_Machine_BacklightSetting
                0x00003d28       0x54 .\ARM_GCC_493\Debug\state_machine.o
                0x00003d28                State_Machine_BacklightSetting
 .text.State_Machine_VolumeSetting
                0x00003d7c       0x54 .\ARM_GCC_493\Debug\state_machine.o
                0x00003d7c                State_Machine_VolumeSetting
 .text.State_Machine_Information
                0x00003dd0       0x4c .\ARM_GCC_493\Debug\state_machine.o
                0x00003dd0                State_Machine_Information
 .text.LCD_Draw
                0x00003e1c     0x139c .\ARM_GCC_493\Debug\LCD_Menu.o
                0x00003e1c                LCD_Draw
 .text.Buzzer_Shot
                0x000051b8       0x2c .\ARM_GCC_493\Debug\global_variables.o
                0x000051b8                Buzzer_Shot
 .text.Buzzer   0x000051e4       0x30 .\ARM_GCC_493\Debug\global_variables.o
                0x000051e4                Buzzer
 .text.Check_Input
                0x00005214       0x5c .\ARM_GCC_493\Debug\global_variables.o
                0x00005214                Check_Input
 .text.Get_Encoder
                0x00005270       0x8c .\ARM_GCC_493\Debug\global_variables.o
                0x00005270                Get_Encoder
 .text.Get_Encoder_Menu
                0x000052fc       0xa0 .\ARM_GCC_493\Debug\global_variables.o
                0x000052fc                Get_Encoder_Menu
 .text.Check_Buttons
                0x0000539c       0x68 .\ARM_GCC_493\Debug\global_variables.o
                0x0000539c                Check_Buttons
 .text.SetBacklight
                0x00005404       0x50 .\ARM_GCC_493\Debug\global_variables.o
                0x00005404                SetBacklight
 .text.SetVolume
                0x00005454       0x50 .\ARM_GCC_493\Debug\global_variables.o
                0x00005454                SetVolume
 .text.TempRead_FET
                0x000054a4       0x50 .\ARM_GCC_493\Debug\temp_manage.o
                0x000054a4                TempRead_FET
 .text.TempRead_DIE
                0x000054f4       0x34 .\ARM_GCC_493\Debug\temp_manage.o
                0x000054f4                TempRead_DIE
 .text.IntDefaultHandler
                0x00005528        0x8 .\ARM_GCC_493\Debug\Cm3Start.o
                0x00005528                IntDefaultHandler
 .text._sbrk    0x00005530       0x54 .\ARM_GCC_493\Debug\Cm3Start.o
                0x00005530                _sbrk
 .text.Start_c  0x00005584       0x98 .\ARM_GCC_493\Debug\Cm3Start.o
                0x00005584                Start_c
 .text.initialize_psoc
                0x0000561c       0x90 .\ARM_GCC_493\Debug\Cm3Start.o
                0x0000561c                initialize_psoc
 .text.CYMEMZERO
                0x000056ac       0x1c .\ARM_GCC_493\Debug\Active_Load_v5.a(cyfitter_cfg.o)
 .text.CYCONFIGCPY
                0x000056c8       0x1c .\ARM_GCC_493\Debug\Active_Load_v5.a(cyfitter_cfg.o)
 .text.CyClockStartupError
                0x000056e4        0xc .\ARM_GCC_493\Debug\Active_Load_v5.a(cyfitter_cfg.o)
 .text.cfg_write_bytes32
                0x000056f0       0x74 .\ARM_GCC_493\Debug\Active_Load_v5.a(cyfitter_cfg.o)
 .text.ClockSetup
                0x00005764      0x1c0 .\ARM_GCC_493\Debug\Active_Load_v5.a(cyfitter_cfg.o)
 .text.AnalogSetDefault
                0x00005924       0xf8 .\ARM_GCC_493\Debug\Active_Load_v5.a(cyfitter_cfg.o)
 .text.AMux_1_Set
                0x00005a1c       0x6c .\ARM_GCC_493\Debug\Active_Load_v5.a(cyfitter_cfg.o)
                0x00005a1c                AMux_1_Set
 .text.AMux_1_Unset
                0x00005a88       0x74 .\ARM_GCC_493\Debug\Active_Load_v5.a(cyfitter_cfg.o)
                0x00005a88                AMux_1_Unset
 .text.cyfitter_cfg
                0x00005afc      0x1dc .\ARM_GCC_493\Debug\Active_Load_v5.a(cyfitter_cfg.o)
                0x00005afc                cyfitter_cfg
 .text.PWM_1_Start
                0x00005cd8       0x20 .\ARM_GCC_493\Debug\Active_Load_v5.a(PWM_1.o)
                0x00005cd8                PWM_1_Start
 .text.PWM_1_Init
                0x00005cf8       0x7c .\ARM_GCC_493\Debug\Active_Load_v5.a(PWM_1.o)
                0x00005cf8                PWM_1_Init
 .text.PWM_1_Enable
                0x00005d74       0x20 .\ARM_GCC_493\Debug\Active_Load_v5.a(PWM_1.o)
                0x00005d74                PWM_1_Enable
 .text.PWM_1_WriteCounter
                0x00005d94       0x20 .\ARM_GCC_493\Debug\Active_Load_v5.a(PWM_1.o)
                0x00005d94                PWM_1_WriteCounter
 .text.PWM_1_ClearFIFO
                0x00005db4       0x1c .\ARM_GCC_493\Debug\Active_Load_v5.a(PWM_1.o)
                0x00005db4                PWM_1_ClearFIFO
 .text.PWM_1_WritePeriod
                0x00005dd0       0x20 .\ARM_GCC_493\Debug\Active_Load_v5.a(PWM_1.o)
                0x00005dd0                PWM_1_WritePeriod
 .text.PWM_1_WriteCompare
                0x00005df0       0x20 .\ARM_GCC_493\Debug\Active_Load_v5.a(PWM_1.o)
                0x00005df0                PWM_1_WriteCompare
 .text.PWM_1_SetInterruptMode
                0x00005e10       0x20 .\ARM_GCC_493\Debug\Active_Load_v5.a(PWM_1.o)
                0x00005e10                PWM_1_SetInterruptMode
 .text.PWM_1_ReadStatusRegister
                0x00005e30       0x18 .\ARM_GCC_493\Debug\Active_Load_v5.a(PWM_1.o)
                0x00005e30                PWM_1_ReadStatusRegister
 .text.PWM_1_ReadCapture
                0x00005e48       0x18 .\ARM_GCC_493\Debug\Active_Load_v5.a(PWM_1.o)
                0x00005e48                PWM_1_ReadCapture
 .text.QD_Init  0x00005e60        0xc .\ARM_GCC_493\Debug\Active_Load_v5.a(QD.o)
                0x00005e60                QD_Init
 .text.QD_Enable
                0x00005e6c       0x3c .\ARM_GCC_493\Debug\Active_Load_v5.a(QD.o)
                0x00005e6c                QD_Enable
 .text.QD_Start
                0x00005ea8       0x2c .\ARM_GCC_493\Debug\Active_Load_v5.a(QD.o)
                0x00005ea8                QD_Start
 .text.QD_GetCounter
                0x00005ed4       0x24 .\ARM_GCC_493\Debug\Active_Load_v5.a(QD.o)
                0x00005ed4                QD_GetCounter
 .text.QD_SetCounter
                0x00005ef8       0x34 .\ARM_GCC_493\Debug\Active_Load_v5.a(QD.o)
                0x00005ef8                QD_SetCounter
 .text.QD_GetEvents
                0x00005f2c       0x20 .\ARM_GCC_493\Debug\Active_Load_v5.a(QD.o)
                0x00005f2c                QD_GetEvents
 .text.QD_SetInterruptMask
                0x00005f4c       0x20 .\ARM_GCC_493\Debug\Active_Load_v5.a(QD.o)
                0x00005f4c                QD_SetInterruptMask
 .text.QD_Cnt16_Init
                0x00005f6c       0x80 .\ARM_GCC_493\Debug\Active_Load_v5.a(QD_Cnt16.o)
                0x00005f6c                QD_Cnt16_Init
 .text.QD_Cnt16_Enable
                0x00005fec       0x20 .\ARM_GCC_493\Debug\Active_Load_v5.a(QD_Cnt16.o)
                0x00005fec                QD_Cnt16_Enable
 .text.QD_Cnt16_Start
                0x0000600c       0x20 .\ARM_GCC_493\Debug\Active_Load_v5.a(QD_Cnt16.o)
                0x0000600c                QD_Cnt16_Start
 .text.QD_Cnt16_SetInterruptMode
                0x0000602c       0x20 .\ARM_GCC_493\Debug\Active_Load_v5.a(QD_Cnt16.o)
                0x0000602c                QD_Cnt16_SetInterruptMode
 .text.QD_Cnt16_ReadStatusRegister
                0x0000604c       0x18 .\ARM_GCC_493\Debug\Active_Load_v5.a(QD_Cnt16.o)
                0x0000604c                QD_Cnt16_ReadStatusRegister
 .text.QD_Cnt16_WriteCounter
                0x00006064       0x20 .\ARM_GCC_493\Debug\Active_Load_v5.a(QD_Cnt16.o)
                0x00006064                QD_Cnt16_WriteCounter
 .text.QD_Cnt16_ReadCounter
                0x00006084       0x20 .\ARM_GCC_493\Debug\Active_Load_v5.a(QD_Cnt16.o)
                0x00006084                QD_Cnt16_ReadCounter
 .text.QD_Cnt16_ReadCapture
                0x000060a4       0x18 .\ARM_GCC_493\Debug\Active_Load_v5.a(QD_Cnt16.o)
                0x000060a4                QD_Cnt16_ReadCapture
 .text.QD_Cnt16_WritePeriod
                0x000060bc       0x20 .\ARM_GCC_493\Debug\Active_Load_v5.a(QD_Cnt16.o)
                0x000060bc                QD_Cnt16_WritePeriod
 .text.QD_Cnt16_WriteCompare
                0x000060dc       0x20 .\ARM_GCC_493\Debug\Active_Load_v5.a(QD_Cnt16.o)
                0x000060dc                QD_Cnt16_WriteCompare
 .text.QD_Cnt16_ClearFIFO
                0x000060fc       0x1c .\ARM_GCC_493\Debug\Active_Load_v5.a(QD_Cnt16.o)
                0x000060fc                QD_Cnt16_ClearFIFO
 .text          0x00006118       0x58 .\ARM_GCC_493\Debug\Active_Load_v5.a(CyBootAsmGnu.o)
                0x00006118                CyDelayCycles
                0x00006156                CyEnterCriticalSection
                0x0000615e                CyExitCriticalSection
 .text.CyDmacConfigure
                0x00006170       0x5c .\ARM_GCC_493\Debug\Active_Load_v5.a(CyDmac.o)
                0x00006170                CyDmacConfigure
 .text.CyDmaChEnable
                0x000061cc       0x8c .\ARM_GCC_493\Debug\Active_Load_v5.a(CyDmac.o)
                0x000061cc                CyDmaChEnable
 .text.CyDmaChPriority
                0x00006258       0x60 .\ARM_GCC_493\Debug\Active_Load_v5.a(CyDmac.o)
                0x00006258                CyDmaChPriority
 .text.CyDmaChSetExtendedAddress
                0x000062b8       0x7c .\ARM_GCC_493\Debug\Active_Load_v5.a(CyDmac.o)
                0x000062b8                CyDmaChSetExtendedAddress
 .text.CyDmaChSetInitialTd
                0x00006334       0x3c .\ARM_GCC_493\Debug\Active_Load_v5.a(CyDmac.o)
                0x00006334                CyDmaChSetInitialTd
 .text.CyDmaChSetConfiguration
                0x00006370       0xa0 .\ARM_GCC_493\Debug\Active_Load_v5.a(CyDmac.o)
                0x00006370                CyDmaChSetConfiguration
 .text.CyDmaTdAllocate
                0x00006410       0x5c .\ARM_GCC_493\Debug\Active_Load_v5.a(CyDmac.o)
                0x00006410                CyDmaTdAllocate
 .text.CyDmaTdSetConfiguration
                0x0000646c       0x80 .\ARM_GCC_493\Debug\Active_Load_v5.a(CyDmac.o)
                0x0000646c                CyDmaTdSetConfiguration
 .text.CyDmaTdSetAddress
                0x000064ec       0x5c .\ARM_GCC_493\Debug\Active_Load_v5.a(CyDmac.o)
                0x000064ec                CyDmaTdSetAddress
 .text.CyHalt   0x00006548       0x18 .\ARM_GCC_493\Debug\Active_Load_v5.a(CyLib.o)
                0x00006548                CyHalt
 .text.CyDelay  0x00006560       0x44 .\ARM_GCC_493\Debug\Active_Load_v5.a(CyLib.o)
                0x00006560                CyDelay
 .text.CyDelayUs
                0x000065a4       0x24 .\ARM_GCC_493\Debug\Active_Load_v5.a(CyLib.o)
                0x000065a4                CyDelayUs
 .text.CyIntSetVector
                0x000065c8       0x50 .\ARM_GCC_493\Debug\Active_Load_v5.a(CyLib.o)
                0x000065c8                CyIntSetVector
 .text.CyIntSetPriority
                0x00006618       0x44 .\ARM_GCC_493\Debug\Active_Load_v5.a(CyLib.o)
                0x00006618                CyIntSetPriority
 .text.WaveDAC8_1_Init
                0x0000665c       0x54 .\ARM_GCC_493\Debug\Active_Load_v5.a(WaveDAC8_1.o)
                0x0000665c                WaveDAC8_1_Init
 .text.WaveDAC8_1_Enable
                0x000066b0       0x34 .\ARM_GCC_493\Debug\Active_Load_v5.a(WaveDAC8_1.o)
                0x000066b0                WaveDAC8_1_Enable
 .text.WaveDAC8_1_Start
                0x000066e4       0x20 .\ARM_GCC_493\Debug\Active_Load_v5.a(WaveDAC8_1.o)
                0x000066e4                WaveDAC8_1_Start
 .text.WaveDAC8_1_Wave1Setup
                0x00006704       0x70 .\ARM_GCC_493\Debug\Active_Load_v5.a(WaveDAC8_1.o)
                0x00006704                WaveDAC8_1_Wave1Setup
 .text.WaveDAC8_1_Wave2Setup
                0x00006774       0x70 .\ARM_GCC_493\Debug\Active_Load_v5.a(WaveDAC8_1.o)
                0x00006774                WaveDAC8_1_Wave2Setup
 .text.WaveDAC8_1_Wave1_DMA_DmaInitialize
                0x000067e4       0x68 .\ARM_GCC_493\Debug\Active_Load_v5.a(WaveDAC8_1_Wave1_DMA_dma.o)
                0x000067e4                WaveDAC8_1_Wave1_DMA_DmaInitialize
 .text.WaveDAC8_1_Wave2_DMA_DmaInitialize
                0x0000684c       0x68 .\ARM_GCC_493\Debug\Active_Load_v5.a(WaveDAC8_1_Wave2_DMA_dma.o)
                0x0000684c                WaveDAC8_1_Wave2_DMA_DmaInitialize
 .text.WaveDAC8_1_VDAC8_Init
                0x000068b4       0x3c .\ARM_GCC_493\Debug\Active_Load_v5.a(WaveDAC8_1_VDAC8.o)
                0x000068b4                WaveDAC8_1_VDAC8_Init
 .text.WaveDAC8_1_VDAC8_Enable
                0x000068f0       0x34 .\ARM_GCC_493\Debug\Active_Load_v5.a(WaveDAC8_1_VDAC8.o)
                0x000068f0                WaveDAC8_1_VDAC8_Enable
 .text.WaveDAC8_1_VDAC8_SetSpeed
                0x00006924       0x40 .\ARM_GCC_493\Debug\Active_Load_v5.a(WaveDAC8_1_VDAC8.o)
                0x00006924                WaveDAC8_1_VDAC8_SetSpeed
 .text.WaveDAC8_1_VDAC8_SetRange
                0x00006964       0x40 .\ARM_GCC_493\Debug\Active_Load_v5.a(WaveDAC8_1_VDAC8.o)
                0x00006964                WaveDAC8_1_VDAC8_SetRange
 .text.WaveDAC8_1_VDAC8_SetValue
                0x000069a4       0x20 .\ARM_GCC_493\Debug\Active_Load_v5.a(WaveDAC8_1_VDAC8.o)
                0x000069a4                WaveDAC8_1_VDAC8_SetValue
 .text.WaveDAC8_1_VDAC8_DacTrim
                0x000069c4       0x3c .\ARM_GCC_493\Debug\Active_Load_v5.a(WaveDAC8_1_VDAC8.o)
                0x000069c4                WaveDAC8_1_VDAC8_DacTrim
 .text.Clock_QD_1_Start
                0x00006a00       0x34 .\ARM_GCC_493\Debug\Active_Load_v5.a(Clock_QD_1.o)
                0x00006a00                Clock_QD_1_Start
 .text.WaveDAC8_1_BuffAmp_Init
                0x00006a34        0xc .\ARM_GCC_493\Debug\Active_Load_v5.a(WaveDAC8_1_BuffAmp.o)
                0x00006a34                WaveDAC8_1_BuffAmp_Init
 .text.WaveDAC8_1_BuffAmp_Enable
                0x00006a40       0x48 .\ARM_GCC_493\Debug\Active_Load_v5.a(WaveDAC8_1_BuffAmp.o)
                0x00006a40                WaveDAC8_1_BuffAmp_Enable
 .text.WaveDAC8_1_BuffAmp_SetPower
                0x00006a88       0x40 .\ARM_GCC_493\Debug\Active_Load_v5.a(WaveDAC8_1_BuffAmp.o)
                0x00006a88                WaveDAC8_1_BuffAmp_SetPower
 .text.AMux_1_Start
                0x00006ac8       0x30 .\ARM_GCC_493\Debug\Active_Load_v5.a(AMux_1.o)
                0x00006ac8                AMux_1_Start
 .text.AMux_1_Select
                0x00006af8       0x28 .\ARM_GCC_493\Debug\Active_Load_v5.a(AMux_1.o)
                0x00006af8                AMux_1_Select
 .text.DieTemp_Start
                0x00006b20       0x40 .\ARM_GCC_493\Debug\Active_Load_v5.a(DieTemp.o)
                0x00006b20                DieTemp_Start
 .text.DieTemp_Query
                0x00006b60       0x84 .\ARM_GCC_493\Debug\Active_Load_v5.a(DieTemp.o)
                0x00006b60                DieTemp_Query
 .text.DieTemp_GetTempT
                0x00006be4       0x60 .\ARM_GCC_493\Debug\Active_Load_v5.a(DieTemp.o)
 .text.DieTemp_GetTemp
                0x00006c44       0x34 .\ARM_GCC_493\Debug\Active_Load_v5.a(DieTemp.o)
                0x00006c44                DieTemp_GetTemp
 .text.Button1_Reg_Read
                0x00006c78       0x18 .\ARM_GCC_493\Debug\Active_Load_v5.a(Button1_Reg.o)
                0x00006c78                Button1_Reg_Read
 .text.Button2_Reg_Read
                0x00006c90       0x18 .\ARM_GCC_493\Debug\Active_Load_v5.a(Button2_Reg.o)
                0x00006c90                Button2_Reg_Read
 .text.Button3_Reg_Read
                0x00006ca8       0x18 .\ARM_GCC_493\Debug\Active_Load_v5.a(Button3_Reg.o)
                0x00006ca8                Button3_Reg_Read
 .text.Button4_Reg_Read
                0x00006cc0       0x18 .\ARM_GCC_493\Debug\Active_Load_v5.a(Button4_Reg.o)
                0x00006cc0                Button4_Reg_Read
 .text.Push_Reg_Read
                0x00006cd8       0x18 .\ARM_GCC_493\Debug\Active_Load_v5.a(Push_Reg.o)
                0x00006cd8                Push_Reg_Read
 .text.ADC_SAR_1_Start
                0x00006cf0       0x20 .\ARM_GCC_493\Debug\Active_Load_v5.a(ADC_SAR_1.o)
                0x00006cf0                ADC_SAR_1_Start
 .text.ADC_SAR_1_Init
                0x00006d10       0x40 .\ARM_GCC_493\Debug\Active_Load_v5.a(ADC_SAR_1.o)
                0x00006d10                ADC_SAR_1_Init
 .text.ADC_SAR_1_Enable
                0x00006d50       0xcc .\ARM_GCC_493\Debug\Active_Load_v5.a(ADC_SAR_1.o)
                0x00006d50                ADC_SAR_1_Enable
 .text.ADC_SAR_1_SetResolution
                0x00006e1c       0x50 .\ARM_GCC_493\Debug\Active_Load_v5.a(ADC_SAR_1.o)
                0x00006e1c                ADC_SAR_1_SetResolution
 .text.ADC_SAR_1_StartConvert
                0x00006e6c       0x20 .\ARM_GCC_493\Debug\Active_Load_v5.a(ADC_SAR_1.o)
                0x00006e6c                ADC_SAR_1_StartConvert
 .text.ADC_SAR_1_GetResult16
                0x00006e8c       0x34 .\ARM_GCC_493\Debug\Active_Load_v5.a(ADC_SAR_1.o)
                0x00006e8c                ADC_SAR_1_GetResult16
 .text.ADC_SAR_1_CalcGain
                0x00006ec0       0x7c .\ARM_GCC_493\Debug\Active_Load_v5.a(ADC_SAR_1.o)
 .text.ADC_SAR_1_CountsTo_Volts
                0x00006f3c       0x84 .\ARM_GCC_493\Debug\Active_Load_v5.a(ADC_SAR_1.o)
                0x00006f3c                ADC_SAR_1_CountsTo_Volts
 .text.ADC_SAR_1_ISR
                0x00006fc0        0xc .\ARM_GCC_493\Debug\Active_Load_v5.a(ADC_SAR_1_INT.o)
                0x00006fc0                ADC_SAR_1_ISR
 .text.ADC_SAR_2_Start
                0x00006fcc       0x20 .\ARM_GCC_493\Debug\Active_Load_v5.a(ADC_SAR_2.o)
                0x00006fcc                ADC_SAR_2_Start
 .text.ADC_SAR_2_Init
                0x00006fec       0x40 .\ARM_GCC_493\Debug\Active_Load_v5.a(ADC_SAR_2.o)
                0x00006fec                ADC_SAR_2_Init
 .text.ADC_SAR_2_Enable
                0x0000702c       0xcc .\ARM_GCC_493\Debug\Active_Load_v5.a(ADC_SAR_2.o)
                0x0000702c                ADC_SAR_2_Enable
 .text.ADC_SAR_2_SetResolution
                0x000070f8       0x50 .\ARM_GCC_493\Debug\Active_Load_v5.a(ADC_SAR_2.o)
                0x000070f8                ADC_SAR_2_SetResolution
 .text.ADC_SAR_2_StartConvert
                0x00007148       0x20 .\ARM_GCC_493\Debug\Active_Load_v5.a(ADC_SAR_2.o)
                0x00007148                ADC_SAR_2_StartConvert
 .text.ADC_SAR_2_GetResult16
                0x00007168       0x34 .\ARM_GCC_493\Debug\Active_Load_v5.a(ADC_SAR_2.o)
                0x00007168                ADC_SAR_2_GetResult16
 .text.ADC_SAR_2_CalcGain
                0x0000719c       0x7c .\ARM_GCC_493\Debug\Active_Load_v5.a(ADC_SAR_2.o)
 .text.ADC_SAR_2_CountsTo_Volts
                0x00007218       0x84 .\ARM_GCC_493\Debug\Active_Load_v5.a(ADC_SAR_2.o)
                0x00007218                ADC_SAR_2_CountsTo_Volts
 .text.ADC_SAR_2_ISR
                0x0000729c        0xc .\ARM_GCC_493\Debug\Active_Load_v5.a(ADC_SAR_2_INT.o)
                0x0000729c                ADC_SAR_2_ISR
 .text.I2C_Init
                0x000072a8       0x80 .\ARM_GCC_493\Debug\Active_Load_v5.a(I2C.o)
                0x000072a8                I2C_Init
 .text.I2C_Enable
                0x00007328       0x44 .\ARM_GCC_493\Debug\Active_Load_v5.a(I2C.o)
                0x00007328                I2C_Enable
 .text.I2C_Start
                0x0000736c       0x2c .\ARM_GCC_493\Debug\Active_Load_v5.a(I2C.o)
                0x0000736c                I2C_Start
 .text.I2C_ISR  0x00007398      0x3ac .\ARM_GCC_493\Debug\Active_Load_v5.a(I2C_INT.o)
                0x00007398                I2C_ISR
 .text.I2C_MasterSendStart
                0x00007744       0xbc .\ARM_GCC_493\Debug\Active_Load_v5.a(I2C_MASTER.o)
                0x00007744                I2C_MasterSendStart
 .text.I2C_MasterSendStop
                0x00007800       0x58 .\ARM_GCC_493\Debug\Active_Load_v5.a(I2C_MASTER.o)
                0x00007800                I2C_MasterSendStop
 .text.I2C_MasterReadByte
                0x00007858       0x7c .\ARM_GCC_493\Debug\Active_Load_v5.a(I2C_MASTER.o)
                0x00007858                I2C_MasterReadByte
 .text.Clock_QD_2_Start
                0x000078d4       0x34 .\ARM_GCC_493\Debug\Active_Load_v5.a(Clock_QD_2.o)
                0x000078d4                Clock_QD_2_Start
 .text.PWM_Buzz_Start
                0x00007908       0x20 .\ARM_GCC_493\Debug\Active_Load_v5.a(PWM_Buzz.o)
                0x00007908                PWM_Buzz_Start
 .text.PWM_Buzz_Init
                0x00007928       0x5c .\ARM_GCC_493\Debug\Active_Load_v5.a(PWM_Buzz.o)
                0x00007928                PWM_Buzz_Init
 .text.PWM_Buzz_Enable
                0x00007984        0xc .\ARM_GCC_493\Debug\Active_Load_v5.a(PWM_Buzz.o)
                0x00007984                PWM_Buzz_Enable
 .text.PWM_Buzz_Stop
                0x00007990        0xc .\ARM_GCC_493\Debug\Active_Load_v5.a(PWM_Buzz.o)
                0x00007990                PWM_Buzz_Stop
 .text.PWM_Buzz_WriteCounter
                0x0000799c       0x20 .\ARM_GCC_493\Debug\Active_Load_v5.a(PWM_Buzz.o)
                0x0000799c                PWM_Buzz_WriteCounter
 .text.PWM_Buzz_ClearFIFO
                0x000079bc       0x1c .\ARM_GCC_493\Debug\Active_Load_v5.a(PWM_Buzz.o)
                0x000079bc                PWM_Buzz_ClearFIFO
 .text.PWM_Buzz_WritePeriod
                0x000079d8       0x20 .\ARM_GCC_493\Debug\Active_Load_v5.a(PWM_Buzz.o)
                0x000079d8                PWM_Buzz_WritePeriod
 .text.PWM_Buzz_WriteCompare
                0x000079f8       0x20 .\ARM_GCC_493\Debug\Active_Load_v5.a(PWM_Buzz.o)
                0x000079f8                PWM_Buzz_WriteCompare
 .text.PWM_Buzz_SetInterruptMode
                0x00007a18       0x20 .\ARM_GCC_493\Debug\Active_Load_v5.a(PWM_Buzz.o)
                0x00007a18                PWM_Buzz_SetInterruptMode
 .text.PWM_Buzz_ReadStatusRegister
                0x00007a38       0x18 .\ARM_GCC_493\Debug\Active_Load_v5.a(PWM_Buzz.o)
                0x00007a38                PWM_Buzz_ReadStatusRegister
 .text.PWM_Buzz_ReadCapture
                0x00007a50       0x18 .\ARM_GCC_493\Debug\Active_Load_v5.a(PWM_Buzz.o)
                0x00007a50                PWM_Buzz_ReadCapture
 .text.SPIM_Init
                0x00007a68       0x30 .\ARM_GCC_493\Debug\Active_Load_v5.a(SPIM.o)
                0x00007a68                SPIM_Init
 .text.SPIM_Enable
                0x00007a98       0x64 .\ARM_GCC_493\Debug\Active_Load_v5.a(SPIM.o)
                0x00007a98                SPIM_Enable
 .text.SPIM_Start
                0x00007afc       0x20 .\ARM_GCC_493\Debug\Active_Load_v5.a(SPIM.o)
                0x00007afc                SPIM_Start
 .text.SPIM_EnableTxInt
                0x00007b1c        0xc .\ARM_GCC_493\Debug\Active_Load_v5.a(SPIM.o)
                0x00007b1c                SPIM_EnableTxInt
 .text.SPIM_EnableRxInt
                0x00007b28        0xc .\ARM_GCC_493\Debug\Active_Load_v5.a(SPIM.o)
                0x00007b28                SPIM_EnableRxInt
 .text.SPIM_ReadTxStatus
                0x00007b34       0x20 .\ARM_GCC_493\Debug\Active_Load_v5.a(SPIM.o)
                0x00007b34                SPIM_ReadTxStatus
 .text.SPIM_ReadRxStatus
                0x00007b54       0x20 .\ARM_GCC_493\Debug\Active_Load_v5.a(SPIM.o)
                0x00007b54                SPIM_ReadRxStatus
 .text.SPIM_WriteTxData
                0x00007b74       0x34 .\ARM_GCC_493\Debug\Active_Load_v5.a(SPIM.o)
                0x00007b74                SPIM_WriteTxData
 .text.SPIM_ClearFIFO
                0x00007ba8       0x5c .\ARM_GCC_493\Debug\Active_Load_v5.a(SPIM.o)
                0x00007ba8                SPIM_ClearFIFO
 .text.SPIM_IntClock_Start
                0x00007c04       0x34 .\ARM_GCC_493\Debug\Active_Load_v5.a(SPIM_IntClock.o)
                0x00007c04                SPIM_IntClock_Start
 .text.LCD_RESET_Write
                0x00007c38       0x3c .\ARM_GCC_493\Debug\Active_Load_v5.a(LCD_RESET.o)
                0x00007c38                LCD_RESET_Write
 .text.LCD_A0_Write
                0x00007c74       0x3c .\ARM_GCC_493\Debug\Active_Load_v5.a(LCD_A0.o)
                0x00007c74                LCD_A0_Write
 .text.LCD_CS_Write
                0x00007cb0       0x38 .\ARM_GCC_493\Debug\Active_Load_v5.a(LCD_CS.o)
                0x00007cb0                LCD_CS_Write
 .text.PWM_Back_Start
                0x00007ce8       0x20 .\ARM_GCC_493\Debug\Active_Load_v5.a(PWM_Back.o)
                0x00007ce8                PWM_Back_Start
 .text.PWM_Back_Init
                0x00007d08       0x78 .\ARM_GCC_493\Debug\Active_Load_v5.a(PWM_Back.o)
                0x00007d08                PWM_Back_Init
 .text.PWM_Back_Enable
                0x00007d80       0x20 .\ARM_GCC_493\Debug\Active_Load_v5.a(PWM_Back.o)
                0x00007d80                PWM_Back_Enable
 .text.PWM_Back_WriteCounter
                0x00007da0       0x20 .\ARM_GCC_493\Debug\Active_Load_v5.a(PWM_Back.o)
                0x00007da0                PWM_Back_WriteCounter
 .text.PWM_Back_ClearFIFO
                0x00007dc0       0x1c .\ARM_GCC_493\Debug\Active_Load_v5.a(PWM_Back.o)
                0x00007dc0                PWM_Back_ClearFIFO
 .text.PWM_Back_WritePeriod
                0x00007ddc       0x20 .\ARM_GCC_493\Debug\Active_Load_v5.a(PWM_Back.o)
                0x00007ddc                PWM_Back_WritePeriod
 .text.PWM_Back_WriteCompare
                0x00007dfc       0x20 .\ARM_GCC_493\Debug\Active_Load_v5.a(PWM_Back.o)
                0x00007dfc                PWM_Back_WriteCompare
 .text.PWM_Back_SetInterruptMode
                0x00007e1c       0x20 .\ARM_GCC_493\Debug\Active_Load_v5.a(PWM_Back.o)
                0x00007e1c                PWM_Back_SetInterruptMode
 .text.PWM_Back_ReadStatusRegister
                0x00007e3c       0x18 .\ARM_GCC_493\Debug\Active_Load_v5.a(PWM_Back.o)
                0x00007e3c                PWM_Back_ReadStatusRegister
 .text.PWM_Back_ReadCapture
                0x00007e54       0x18 .\ARM_GCC_493\Debug\Active_Load_v5.a(PWM_Back.o)
                0x00007e54                PWM_Back_ReadCapture
 .text.Button5_Reg_Read
                0x00007e6c       0x18 .\ARM_GCC_493\Debug\Active_Load_v5.a(Button5_Reg.o)
                0x00007e6c                Button5_Reg_Read
 .text.Button6_Reg_Read
                0x00007e84       0x18 .\ARM_GCC_493\Debug\Active_Load_v5.a(Button6_Reg.o)
                0x00007e84                Button6_Reg_Read
 .text.RELAY_Write
                0x00007e9c       0x3c .\ARM_GCC_493\Debug\Active_Load_v5.a(RELAY.o)
                0x00007e9c                RELAY_Write
 .text.REV_POLARITY_Read
                0x00007ed8       0x20 .\ARM_GCC_493\Debug\Active_Load_v5.a(REV_POLARITY.o)
                0x00007ed8                REV_POLARITY_Read
 .text.INPUT_OK_Read
                0x00007ef8       0x20 .\ARM_GCC_493\Debug\Active_Load_v5.a(INPUT_OK.o)
                0x00007ef8                INPUT_OK_Read
 .text.Clock_QD_4_Start
                0x00007f18       0x34 .\ARM_GCC_493\Debug\Active_Load_v5.a(Clock_QD_4.o)
                0x00007f18                Clock_QD_4_Start
 .text.DVDAC8_1_Init
                0x00007f4c       0x1c .\ARM_GCC_493\Debug\Active_Load_v5.a(DVDAC8_1.o)
                0x00007f4c                DVDAC8_1_Init
 .text.DVDAC8_1_Enable
                0x00007f68       0x1c .\ARM_GCC_493\Debug\Active_Load_v5.a(DVDAC8_1.o)
                0x00007f68                DVDAC8_1_Enable
 .text.DVDAC8_1_Start
                0x00007f84       0x20 .\ARM_GCC_493\Debug\Active_Load_v5.a(DVDAC8_1.o)
                0x00007f84                DVDAC8_1_Start
 .text.DVDAC8_1_SetValue
                0x00007fa4       0x8c .\ARM_GCC_493\Debug\Active_Load_v5.a(DVDAC8_1.o)
                0x00007fa4                DVDAC8_1_SetValue
 .text.DVDAC8_1_InitDma
                0x00008030       0x70 .\ARM_GCC_493\Debug\Active_Load_v5.a(DVDAC8_1.o)
 .text.DVDAC8_1_DMA_DmaInitialize
                0x000080a0       0x68 .\ARM_GCC_493\Debug\Active_Load_v5.a(DVDAC8_1_DMA_dma.o)
                0x000080a0                DVDAC8_1_DMA_DmaInitialize
 .text.DVDAC8_1_VDAC8_Init
                0x00008108       0x3c .\ARM_GCC_493\Debug\Active_Load_v5.a(DVDAC8_1_VDAC8.o)
                0x00008108                DVDAC8_1_VDAC8_Init
 .text.DVDAC8_1_VDAC8_Enable
                0x00008144       0x34 .\ARM_GCC_493\Debug\Active_Load_v5.a(DVDAC8_1_VDAC8.o)
                0x00008144                DVDAC8_1_VDAC8_Enable
 .text.DVDAC8_1_VDAC8_SetSpeed
                0x00008178       0x40 .\ARM_GCC_493\Debug\Active_Load_v5.a(DVDAC8_1_VDAC8.o)
                0x00008178                DVDAC8_1_VDAC8_SetSpeed
 .text.DVDAC8_1_VDAC8_SetRange
                0x000081b8       0x40 .\ARM_GCC_493\Debug\Active_Load_v5.a(DVDAC8_1_VDAC8.o)
                0x000081b8                DVDAC8_1_VDAC8_SetRange
 .text.DVDAC8_1_VDAC8_DacTrim
                0x000081f8       0x3c .\ARM_GCC_493\Debug\Active_Load_v5.a(DVDAC8_1_VDAC8.o)
                0x000081f8                DVDAC8_1_VDAC8_DacTrim
 .text.Counter_Buzz_Init
                0x00008234       0x84 .\ARM_GCC_493\Debug\Active_Load_v5.a(Counter_Buzz.o)
                0x00008234                Counter_Buzz_Init
 .text.Counter_Buzz_Enable
                0x000082b8       0x20 .\ARM_GCC_493\Debug\Active_Load_v5.a(Counter_Buzz.o)
                0x000082b8                Counter_Buzz_Enable
 .text.Counter_Buzz_Start
                0x000082d8       0x20 .\ARM_GCC_493\Debug\Active_Load_v5.a(Counter_Buzz.o)
                0x000082d8                Counter_Buzz_Start
 .text.Counter_Buzz_SetInterruptMode
                0x000082f8       0x20 .\ARM_GCC_493\Debug\Active_Load_v5.a(Counter_Buzz.o)
                0x000082f8                Counter_Buzz_SetInterruptMode
 .text.Counter_Buzz_ReadStatusRegister
                0x00008318       0x18 .\ARM_GCC_493\Debug\Active_Load_v5.a(Counter_Buzz.o)
                0x00008318                Counter_Buzz_ReadStatusRegister
 .text.Counter_Buzz_WriteCounter
                0x00008330       0x1c .\ARM_GCC_493\Debug\Active_Load_v5.a(Counter_Buzz.o)
                0x00008330                Counter_Buzz_WriteCounter
 .text.Counter_Buzz_ReadCapture
                0x0000834c       0x18 .\ARM_GCC_493\Debug\Active_Load_v5.a(Counter_Buzz.o)
                0x0000834c                Counter_Buzz_ReadCapture
 .text.Counter_Buzz_WritePeriod
                0x00008364       0x1c .\ARM_GCC_493\Debug\Active_Load_v5.a(Counter_Buzz.o)
                0x00008364                Counter_Buzz_WritePeriod
 .text.Counter_Buzz_WriteCompare
                0x00008380       0x1c .\ARM_GCC_493\Debug\Active_Load_v5.a(Counter_Buzz.o)
                0x00008380                Counter_Buzz_WriteCompare
 .text.Counter_Buzz_ClearFIFO
                0x0000839c       0x1c .\ARM_GCC_493\Debug\Active_Load_v5.a(Counter_Buzz.o)
                0x0000839c                Counter_Buzz_ClearFIFO
 .text.CySpcStart
                0x000083b8       0x44 .\ARM_GCC_493\Debug\Active_Load_v5.a(CySpc.o)
                0x000083b8                CySpcStart
 .text.CySpcReadData
                0x000083fc       0x58 .\ARM_GCC_493\Debug\Active_Load_v5.a(CySpc.o)
                0x000083fc                CySpcReadData
 .text.CySpcGetTemp
                0x00008454       0x64 .\ARM_GCC_493\Debug\Active_Load_v5.a(CySpc.o)
                0x00008454                CySpcGetTemp
 .text.CySpcLock
                0x000084b8       0x68 .\ARM_GCC_493\Debug\Active_Load_v5.a(CySpc.o)
                0x000084b8                CySpcLock
 .text.CySpcUnlock
                0x00008520       0x50 .\ARM_GCC_493\Debug\Active_Load_v5.a(CySpc.o)
                0x00008520                CySpcUnlock
 .text          0x00008570      0x370 c:/program files (x86)/cypress/psoc creator/3.3/psoc creator/import/gnu/arm/4.9.3/bin/../lib/gcc/arm-none-eabi/4.9.3/armv7-m\libgcc.a(_arm_addsubdf3.o)
                0x00008570                __aeabi_drsub
                0x00008578                __aeabi_dsub
                0x00008578                __subdf3
                0x0000857c                __aeabi_dadd
                0x0000857c                __adddf3
                0x000087f4                __floatunsidf
                0x000087f4                __aeabi_ui2d
                0x00008814                __floatsidf
                0x00008814                __aeabi_i2d
                0x00008838                __aeabi_f2d
                0x00008838                __extendsfdf2
                0x00008874                __floatundidf
                0x00008874                __aeabi_ul2d
                0x00008884                __floatdidf
                0x00008884                __aeabi_l2d
 .text          0x000088e0      0x110 c:/program files (x86)/cypress/psoc creator/3.3/psoc creator/import/gnu/arm/4.9.3/bin/../lib/gcc/arm-none-eabi/4.9.3/armv7-m\libgcc.a(_arm_cmpdf2.o)
                0x000088e0                __gtdf2
                0x000088e0                __gedf2
                0x000088e8                __ltdf2
                0x000088e8                __ledf2
                0x000088f0                __nedf2
                0x000088f0                __eqdf2
                0x000088f0                __cmpdf2
                0x0000896c                __aeabi_cdrcmple
                0x0000897c                __aeabi_cdcmpeq
                0x0000897c                __aeabi_cdcmple
                0x0000898c                __aeabi_dcmpeq
                0x000089a0                __aeabi_dcmplt
                0x000089b4                __aeabi_dcmple
                0x000089c8                __aeabi_dcmpge
                0x000089dc                __aeabi_dcmpgt
 .text          0x000089f0       0xa0 c:/program files (x86)/cypress/psoc creator/3.3/psoc creator/import/gnu/arm/4.9.3/bin/../lib/gcc/arm-none-eabi/4.9.3/armv7-m\libgcc.a(_arm_truncdfsf2.o)
                0x000089f0                __truncdfsf2
                0x000089f0                __aeabi_d2f
 .text          0x00008a90      0x21c c:/program files (x86)/cypress/psoc creator/3.3/psoc creator/import/gnu/arm/4.9.3/bin/../lib/gcc/arm-none-eabi/4.9.3/armv7-m\libgcc.a(_arm_addsubsf3.o)
                0x00008a90                __aeabi_frsub
                0x00008a98                __subsf3
                0x00008a98                __aeabi_fsub
                0x00008a9c                __aeabi_fadd
                0x00008a9c                __addsf3
                0x00008bfc                __aeabi_ui2f
                0x00008bfc                __floatunsisf
                0x00008c04                __aeabi_i2f
                0x00008c04                __floatsisf
                0x00008c20                __aeabi_ul2f
                0x00008c20                __floatundisf
                0x00008c30                __aeabi_l2f
                0x00008c30                __floatdisf
 .text          0x00008cac      0x2a0 c:/program files (x86)/cypress/psoc creator/3.3/psoc creator/import/gnu/arm/4.9.3/bin/../lib/gcc/arm-none-eabi/4.9.3/armv7-m\libgcc.a(_arm_muldivsf3.o)
                0x00008cac                __mulsf3
                0x00008cac                __aeabi_fmul
                0x00008e14                __aeabi_fdiv
                0x00008e14                __divsf3
 .text          0x00008f4c       0xec c:/program files (x86)/cypress/psoc creator/3.3/psoc creator/import/gnu/arm/4.9.3/bin/../lib/gcc/arm-none-eabi/4.9.3/armv7-m\libgcc.a(_arm_cmpsf2.o)
                0x00008f4c                __gesf2
                0x00008f4c                __gtsf2
                0x00008f54                __lesf2
                0x00008f54                __ltsf2
                0x00008f5c                __nesf2
                0x00008f5c                __eqsf2
                0x00008f5c                __cmpsf2
                0x00008fbc                __aeabi_cfrcmple
                0x00008fc4                __aeabi_cfcmpeq
                0x00008fc4                __aeabi_cfcmple
                0x00008fd4                __aeabi_fcmpeq
                0x00008fe8                __aeabi_fcmplt
                0x00008ffc                __aeabi_fcmple
                0x00009010                __aeabi_fcmpge
                0x00009024                __aeabi_fcmpgt
 .text.__errno  0x00009038        0xc c:/program files (x86)/cypress/psoc creator/3.3/psoc creator/import/gnu/arm/4.9.3/bin/../lib/gcc/arm-none-eabi/4.9.3/../../../../arm-none-eabi/lib/armv7-m\libg_nano.a(lib_a-errno.o)
                0x00009038                __errno
 .text.__libc_init_array
                0x00009044       0x4c c:/program files (x86)/cypress/psoc creator/3.3/psoc creator/import/gnu/arm/4.9.3/bin/../lib/gcc/arm-none-eabi/4.9.3/../../../../arm-none-eabi/lib/armv7-m\libg_nano.a(lib_a-init.o)
                0x00009044                __libc_init_array
 .text.memcpy   0x00009090       0x16 c:/program files (x86)/cypress/psoc creator/3.3/psoc creator/import/gnu/arm/4.9.3/bin/../lib/gcc/arm-none-eabi/4.9.3/../../../../arm-none-eabi/lib/armv7-m\libg_nano.a(lib_a-memcpy.o)
                0x00009090                memcpy
 .text.memset   0x000090a6       0x10 c:/program files (x86)/cypress/psoc creator/3.3/psoc creator/import/gnu/arm/4.9.3/bin/../lib/gcc/arm-none-eabi/4.9.3/../../../../arm-none-eabi/lib/armv7-m\libg_nano.a(lib_a-memset.o)
                0x000090a6                memset
 .text.__cvt    0x000090b6       0xbc c:/program files (x86)/cypress/psoc creator/3.3/psoc creator/import/gnu/arm/4.9.3/bin/../lib/gcc/arm-none-eabi/4.9.3/../../../../arm-none-eabi/lib/armv7-m\libg_nano.a(lib_a-nano-vfprintf_float.o)
                0x000090b6                __cvt
 .text.__exponent
                0x00009172       0x62 c:/program files (x86)/cypress/psoc creator/3.3/psoc creator/import/gnu/arm/4.9.3/bin/../lib/gcc/arm-none-eabi/4.9.3/../../../../arm-none-eabi/lib/armv7-m\libg_nano.a(lib_a-nano-vfprintf_float.o)
                0x00009172                __exponent
 .text._printf_float
                0x000091d4      0x48c c:/program files (x86)/cypress/psoc creator/3.3/psoc creator/import/gnu/arm/4.9.3/bin/../lib/gcc/arm-none-eabi/4.9.3/../../../../arm-none-eabi/lib/armv7-m\libg_nano.a(lib_a-nano-vfprintf_float.o)
                0x000091d4                _printf_float
 .text._printf_common
                0x00009660       0xea c:/program files (x86)/cypress/psoc creator/3.3/psoc creator/import/gnu/arm/4.9.3/bin/../lib/gcc/arm-none-eabi/4.9.3/../../../../arm-none-eabi/lib/armv7-m\libg_nano.a(lib_a-nano-vfprintf_i.o)
                0x00009660                _printf_common
 *fill*         0x0000974a        0x2 
 .text._printf_i
                0x0000974c      0x240 c:/program files (x86)/cypress/psoc creator/3.3/psoc creator/import/gnu/arm/4.9.3/bin/../lib/gcc/arm-none-eabi/4.9.3/../../../../arm-none-eabi/lib/armv7-m\libg_nano.a(lib_a-nano-vfprintf_i.o)
                0x0000974c                _printf_i
 .text.__fpclassifyd
                0x0000998c       0x50 c:/program files (x86)/cypress/psoc creator/3.3/psoc creator/import/gnu/arm/4.9.3/bin/../lib/gcc/arm-none-eabi/4.9.3/../../../../arm-none-eabi/lib/armv7-m\libg_nano.a(lib_a-s_fpclassify.o)
                0x0000998c                __fpclassifyd
 .text.sprintf  0x000099dc       0x48 c:/program files (x86)/cypress/psoc creator/3.3/psoc creator/import/gnu/arm/4.9.3/bin/../lib/gcc/arm-none-eabi/4.9.3/../../../../arm-none-eabi/lib/armv7-m\libg_nano.a(lib_a-sprintf.o)
                0x000099dc                siprintf
                0x000099dc                sprintf
 .text.strlen   0x00009a24       0x10 c:/program files (x86)/cypress/psoc creator/3.3/psoc creator/import/gnu/arm/4.9.3/bin/../lib/gcc/arm-none-eabi/4.9.3/../../../../arm-none-eabi/lib/armv7-m\libg_nano.a(lib_a-strlen.o)
                0x00009a24                strlen
 .text.quorem   0x00009a34      0x114 c:/program files (x86)/cypress/psoc creator/3.3/psoc creator/import/gnu/arm/4.9.3/bin/../lib/gcc/arm-none-eabi/4.9.3/../../../../arm-none-eabi/lib/armv7-m\libg_nano.a(lib_a-dtoa.o)
 .text._dtoa_r  0x00009b48      0xb78 c:/program files (x86)/cypress/psoc creator/3.3/psoc creator/import/gnu/arm/4.9.3/bin/../lib/gcc/arm-none-eabi/4.9.3/../../../../arm-none-eabi/lib/armv7-m\libg_nano.a(lib_a-dtoa.o)
                0x00009b48                _dtoa_r
 .text._localeconv_r
                0x0000a6c0        0x8 c:/program files (x86)/cypress/psoc creator/3.3/psoc creator/import/gnu/arm/4.9.3/bin/../lib/gcc/arm-none-eabi/4.9.3/../../../../arm-none-eabi/lib/armv7-m\libg_nano.a(lib_a-locale.o)
                0x0000a6c0                _localeconv_r
 .text.malloc   0x0000a6c8       0x10 c:/program files (x86)/cypress/psoc creator/3.3/psoc creator/import/gnu/arm/4.9.3/bin/../lib/gcc/arm-none-eabi/4.9.3/../../../../arm-none-eabi/lib/armv7-m\libg_nano.a(lib_a-malloc.o)
                0x0000a6c8                malloc
 .text.memchr   0x0000a6d8       0x1c c:/program files (x86)/cypress/psoc creator/3.3/psoc creator/import/gnu/arm/4.9.3/bin/../lib/gcc/arm-none-eabi/4.9.3/../../../../arm-none-eabi/lib/armv7-m\libg_nano.a(lib_a-memchr.o)
                0x0000a6d8                memchr
 .text._Balloc  0x0000a6f4       0x6a c:/program files (x86)/cypress/psoc creator/3.3/psoc creator/import/gnu/arm/4.9.3/bin/../lib/gcc/arm-none-eabi/4.9.3/../../../../arm-none-eabi/lib/armv7-m\libg_nano.a(lib_a-mprec.o)
                0x0000a6f4                _Balloc
 .text._Bfree   0x0000a75e       0x2e c:/program files (x86)/cypress/psoc creator/3.3/psoc creator/import/gnu/arm/4.9.3/bin/../lib/gcc/arm-none-eabi/4.9.3/../../../../arm-none-eabi/lib/armv7-m\libg_nano.a(lib_a-mprec.o)
                0x0000a75e                _Bfree
 .text.__multadd
                0x0000a78c       0x7c c:/program files (x86)/cypress/psoc creator/3.3/psoc creator/import/gnu/arm/4.9.3/bin/../lib/gcc/arm-none-eabi/4.9.3/../../../../arm-none-eabi/lib/armv7-m\libg_nano.a(lib_a-mprec.o)
                0x0000a78c                __multadd
 .text.__hi0bits
                0x0000a808       0x40 c:/program files (x86)/cypress/psoc creator/3.3/psoc creator/import/gnu/arm/4.9.3/bin/../lib/gcc/arm-none-eabi/4.9.3/../../../../arm-none-eabi/lib/armv7-m\libg_nano.a(lib_a-mprec.o)
                0x0000a808                __hi0bits
 .text.__lo0bits
                0x0000a848       0x5a c:/program files (x86)/cypress/psoc creator/3.3/psoc creator/import/gnu/arm/4.9.3/bin/../lib/gcc/arm-none-eabi/4.9.3/../../../../arm-none-eabi/lib/armv7-m\libg_nano.a(lib_a-mprec.o)
                0x0000a848                __lo0bits
 .text.__i2b    0x0000a8a2       0x12 c:/program files (x86)/cypress/psoc creator/3.3/psoc creator/import/gnu/arm/4.9.3/bin/../lib/gcc/arm-none-eabi/4.9.3/../../../../arm-none-eabi/lib/armv7-m\libg_nano.a(lib_a-mprec.o)
                0x0000a8a2                __i2b
 .text.__multiply
                0x0000a8b4      0x120 c:/program files (x86)/cypress/psoc creator/3.3/psoc creator/import/gnu/arm/4.9.3/bin/../lib/gcc/arm-none-eabi/4.9.3/../../../../arm-none-eabi/lib/armv7-m\libg_nano.a(lib_a-mprec.o)
                0x0000a8b4                __multiply
 .text.__pow5mult
                0x0000a9d4       0x9c c:/program files (x86)/cypress/psoc creator/3.3/psoc creator/import/gnu/arm/4.9.3/bin/../lib/gcc/arm-none-eabi/4.9.3/../../../../arm-none-eabi/lib/armv7-m\libg_nano.a(lib_a-mprec.o)
                0x0000a9d4                __pow5mult
 .text.__lshift
                0x0000aa70       0xa6 c:/program files (x86)/cypress/psoc creator/3.3/psoc creator/import/gnu/arm/4.9.3/bin/../lib/gcc/arm-none-eabi/4.9.3/../../../../arm-none-eabi/lib/armv7-m\libg_nano.a(lib_a-mprec.o)
                0x0000aa70                __lshift
 .text.__mcmp   0x0000ab16       0x38 c:/program files (x86)/cypress/psoc creator/3.3/psoc creator/import/gnu/arm/4.9.3/bin/../lib/gcc/arm-none-eabi/4.9.3/../../../../arm-none-eabi/lib/armv7-m\libg_nano.a(lib_a-mprec.o)
                0x0000ab16                __mcmp
 .text.__mdiff  0x0000ab4e       0xbe c:/program files (x86)/cypress/psoc creator/3.3/psoc creator/import/gnu/arm/4.9.3/bin/../lib/gcc/arm-none-eabi/4.9.3/../../../../arm-none-eabi/lib/armv7-m\libg_nano.a(lib_a-mprec.o)
                0x0000ab4e                __mdiff
 .text.__d2b    0x0000ac0c       0xa4 c:/program files (x86)/cypress/psoc creator/3.3/psoc creator/import/gnu/arm/4.9.3/bin/../lib/gcc/arm-none-eabi/4.9.3/../../../../arm-none-eabi/lib/armv7-m\libg_nano.a(lib_a-mprec.o)
                0x0000ac0c                __d2b
 .text._calloc_r
                0x0000acb0       0x1c c:/program files (x86)/cypress/psoc creator/3.3/psoc creator/import/gnu/arm/4.9.3/bin/../lib/gcc/arm-none-eabi/4.9.3/../../../../arm-none-eabi/lib/armv7-m\libg_nano.a(lib_a-nano-callocr.o)
                0x0000acb0                _calloc_r
 .text._free_r  0x0000accc       0x88 c:/program files (x86)/cypress/psoc creator/3.3/psoc creator/import/gnu/arm/4.9.3/bin/../lib/gcc/arm-none-eabi/4.9.3/../../../../arm-none-eabi/lib/armv7-m\libg_nano.a(lib_a-nano-freer.o)
                0x0000accc                _free_r
 .text._malloc_r
                0x0000ad54       0xac c:/program files (x86)/cypress/psoc creator/3.3/psoc creator/import/gnu/arm/4.9.3/bin/../lib/gcc/arm-none-eabi/4.9.3/../../../../arm-none-eabi/lib/armv7-m\libg_nano.a(lib_a-nano-mallocr.o)
                0x0000ad54                _malloc_r
 .text.__ssputs_r
                0x0000ae00       0xb2 c:/program files (x86)/cypress/psoc creator/3.3/psoc creator/import/gnu/arm/4.9.3/bin/../lib/gcc/arm-none-eabi/4.9.3/../../../../arm-none-eabi/lib/armv7-m\libg_nano.a(lib_a-nano-svfprintf.o)
                0x0000ae00                __ssputs_r
 *fill*         0x0000aeb2        0x2 
 .text._svfprintf_r
                0x0000aeb4      0x1e4 c:/program files (x86)/cypress/psoc creator/3.3/psoc creator/import/gnu/arm/4.9.3/bin/../lib/gcc/arm-none-eabi/4.9.3/../../../../arm-none-eabi/lib/armv7-m\libg_nano.a(lib_a-nano-svfprintf.o)
                0x0000aeb4                _svfiprintf_r
                0x0000aeb4                _svfprintf_r
 .text._sbrk_r  0x0000b098       0x20 c:/program files (x86)/cypress/psoc creator/3.3/psoc creator/import/gnu/arm/4.9.3/bin/../lib/gcc/arm-none-eabi/4.9.3/../../../../arm-none-eabi/lib/armv7-m\libg_nano.a(lib_a-sbrkr.o)
                0x0000b098                _sbrk_r
 .text.memmove  0x0000b0b8       0x36 c:/program files (x86)/cypress/psoc creator/3.3/psoc creator/import/gnu/arm/4.9.3/bin/../lib/gcc/arm-none-eabi/4.9.3/../../../../arm-none-eabi/lib/armv7-m\libg_nano.a(lib_a-memmove.o)
                0x0000b0b8                memmove
 .text._realloc_r
                0x0000b0ee       0x4c c:/program files (x86)/cypress/psoc creator/3.3/psoc creator/import/gnu/arm/4.9.3/bin/../lib/gcc/arm-none-eabi/4.9.3/../../../../arm-none-eabi/lib/armv7-m\libg_nano.a(lib_a-nano-reallocr.o)
                0x0000b0ee                _realloc_r
 .text._malloc_usable_size_r
                0x0000b13a       0x14 c:/program files (x86)/cypress/psoc creator/3.3/psoc creator/import/gnu/arm/4.9.3/bin/../lib/gcc/arm-none-eabi/4.9.3/../../../../arm-none-eabi/lib/armv7-m\libg_nano.a(lib_a-nano-msizer.o)
                0x0000b13a                _malloc_usable_size_r
 *fill*         0x0000b14e        0x2 
 .text          0x0000b150      0x424 c:/program files (x86)/cypress/psoc creator/3.3/psoc creator/import/gnu/arm/4.9.3/bin/../lib/gcc/arm-none-eabi/4.9.3/armv7-m\libgcc.a(_arm_muldivdf3.o)
                0x0000b150                __aeabi_dmul
                0x0000b150                __muldf3
                0x0000b3a4                __divdf3
                0x0000b3a4                __aeabi_ddiv
 .text          0x0000b574       0x50 c:/program files (x86)/cypress/psoc creator/3.3/psoc creator/import/gnu/arm/4.9.3/bin/../lib/gcc/arm-none-eabi/4.9.3/armv7-m\libgcc.a(_arm_fixdfsi.o)
                0x0000b574                __aeabi_d2iz
                0x0000b574                __fixdfsi
 *(.plt)
 *(.gnu.warning)
 *(.glue_7t)
 .glue_7t       0x00000000        0x0 linker stubs
 *(.glue_7)
 .glue_7        0x00000000        0x0 linker stubs
 *(.vfp11_veneer)
 .vfp11_veneer  0x00000000        0x0 linker stubs
 *(.bootloader)
 *(.ARM.extab* .gnu.linkonce.armextab.*)
 *(.gcc_except_table)

.v4_bx          0x0000b5c4        0x0
 .v4_bx         0x00000000        0x0 linker stubs

.iplt           0x0000b5c4        0x0
 .iplt          0x00000000        0x0 c:/program files (x86)/cypress/psoc creator/3.3/psoc creator/import/gnu/arm/4.9.3/bin/../lib/gcc/arm-none-eabi/4.9.3/armv7-m/crtbegin.o

.eh_frame_hdr
 *(.eh_frame_hdr)

.eh_frame       0x0000b5c4        0x4
 *(.eh_frame)
 .eh_frame      0x0000b5c4        0x0 c:/program files (x86)/cypress/psoc creator/3.3/psoc creator/import/gnu/arm/4.9.3/bin/../lib/gcc/arm-none-eabi/4.9.3/armv7-m/crtbegin.o
 .eh_frame      0x0000b5c4        0x0 c:/program files (x86)/cypress/psoc creator/3.3/psoc creator/import/gnu/arm/4.9.3/bin/../lib/gcc/arm-none-eabi/4.9.3/../../../../arm-none-eabi/lib/armv7-m\libg_nano.a(lib_a-strcmp.o)
                                 0x28 (size before relaxing)
 .eh_frame      0x0000b5c4        0x4 c:/program files (x86)/cypress/psoc creator/3.3/psoc creator/import/gnu/arm/4.9.3/bin/../lib/gcc/arm-none-eabi/4.9.3/armv7-m/crtend.o
                0x0000b5c8                PROVIDE (__exidx_start, .)

.ARM.exidx
 *(.ARM.exidx* .gnu.linkonce.armexidx.*)
                0x0000b5c8                __exidx_end = .

.rodata         0x0000b5c8    0x2cf10
 *(.rodata .rodata.* .gnu.linkonce.r.*)
 .rodata        0x0000b5c8    0x2c9f8 .\ARM_GCC_493\Debug\u8g_font_data.o
                0x0000b5c8                u8g_font_fub20
                0x0000d89c                u8g_font_fub20n
                0x0000daf8                u8g_font_fub20r
                0x0000eab0                u8g_font_ncenB10
                0x0000fa54                u8g_font_ncenB10r
                0x00010194                u8g_font_ncenB12
                0x00011414                u8g_font_ncenB12r
                0x00011ca8                u8g_font_ncenB14
                0x00013260                u8g_font_ncenB14r
                0x00013c8c                u8g_font_ncenB18
                0x00015c40                u8g_font_ncenB18r
                0x00016ad8                u8g_font_ncenB24
                0x00019d7c                u8g_font_ncenB24n
                0x0001a0e0                u8g_font_ncenB24r
                0x0001b814                u8g_font_ncenR10
                0x0001c6fc                u8g_font_ncenR10r
                0x0001cdf4                u8g_font_ncenR12
                0x0001de8c                u8g_font_ncenR12r
                0x0001e644                u8g_font_ncenR14
                0x0001fb0c                u8g_font_ncenR14r
                0x000204f4                u8g_font_ncenR18
                0x00022234                u8g_font_ncenR18r
                0x00022fcc                u8g_font_ncenR24
                0x00025da0                u8g_font_ncenR24n
                0x00026088                u8g_font_ncenR24r
                0x00027580                u8g_font_unifont_0_10
                0x00028990                u8g_font_unifont_0_11
                0x00029638                u8g_font_unifont_0_8
                0x0002a6d4                u8g_font_unifont_12_13
                0x0002b668                u8g_font_unifont_18_19
                0x0002d210                u8g_font_unifont_2_3
                0x0002e42c                u8g_font_unifont_4_5
                0x0002f2fc                u8g_font_unifont_67_75
                0x0003005c                u8g_font_unifont_72_73
                0x00031dec                u8g_font_unifont_75r
                0x00032030                u8g_font_unifont_76
                0x00032a1c                u8g_font_unifont_77
                0x00033098                u8g_font_unifont_78_79
                0x00034c44                u8g_font_unifont_86
                0x00035388                u8g_font_unifont_8_9
                0x00036440                u8g_font_unifont
                0x000379f0                u8g_font_unifontr
 .rodata        0x00037fc0       0x40 .\ARM_GCC_493\Debug\u8g_dev_st7565_dogm128.o
                0x00037fc0                u8g_dev_st7565_dogm128_init_seq
 .rodata        0x00038000       0x4c .\ARM_GCC_493\Debug\state_machine.o
 .rodata        0x0003804c      0x180 .\ARM_GCC_493\Debug\LCD_Menu.o
 .rodata        0x000381cc        0x4 .\ARM_GCC_493\Debug\global_variables.o
 .rodata        0x000381d0        0x8 .\ARM_GCC_493\Debug\temp_manage.o
 .rodata        0x000381d8       0x64 .\ARM_GCC_493\Debug\Active_Load_v5.a(cyfitter_cfg.o)
                0x000381d8                AMux_1__addrTable
                0x000381f0                AMux_1__maskTable
                0x000381f8                ResistiveTouch_1_ADC_AMux__addrTable
                0x00038200                ResistiveTouch_1_ADC_AMux__maskTable
 .rodata        0x0003823c      0x104 .\ARM_GCC_493\Debug\Active_Load_v5.a(WaveDAC8_1.o)
                0x0003823c                WaveDAC8_1_wave1
                0x00038244                WaveDAC8_1_wave2
 .rodata.str1.1
                0x00038340        0x2 c:/program files (x86)/cypress/psoc creator/3.3/psoc creator/import/gnu/arm/4.9.3/bin/../lib/gcc/arm-none-eabi/4.9.3/../../../../arm-none-eabi/lib/armv7-m\libg_nano.a(lib_a-impure.o)
 .rodata.str1.1
                0x00038342       0x12 c:/program files (x86)/cypress/psoc creator/3.3/psoc creator/import/gnu/arm/4.9.3/bin/../lib/gcc/arm-none-eabi/4.9.3/../../../../arm-none-eabi/lib/armv7-m\libg_nano.a(lib_a-nano-vfprintf_float.o)
 .rodata.str1.1
                0x00038354       0x22 c:/program files (x86)/cypress/psoc creator/3.3/psoc creator/import/gnu/arm/4.9.3/bin/../lib/gcc/arm-none-eabi/4.9.3/../../../../arm-none-eabi/lib/armv7-m\libg_nano.a(lib_a-nano-vfprintf_i.o)
 .rodata.str1.1
                0x00038376        0xd c:/program files (x86)/cypress/psoc creator/3.3/psoc creator/import/gnu/arm/4.9.3/bin/../lib/gcc/arm-none-eabi/4.9.3/../../../../arm-none-eabi/lib/armv7-m\libg_nano.a(lib_a-dtoa.o)
                                  0xf (size before relaxing)
 .rodata.str1.1
                0x00038383        0x8 c:/program files (x86)/cypress/psoc creator/3.3/psoc creator/import/gnu/arm/4.9.3/bin/../lib/gcc/arm-none-eabi/4.9.3/../../../../arm-none-eabi/lib/armv7-m\libg_nano.a(lib_a-locale.o)
                                  0xb (size before relaxing)
 *fill*         0x0003838b        0x5 
 .rodata.__mprec_tens
                0x00038390       0xc8 c:/program files (x86)/cypress/psoc creator/3.3/psoc creator/import/gnu/arm/4.9.3/bin/../lib/gcc/arm-none-eabi/4.9.3/../../../../arm-none-eabi/lib/armv7-m\libg_nano.a(lib_a-mprec.o)
                0x00038390                __mprec_tens
 .rodata.__mprec_bigtens
                0x00038458       0x28 c:/program files (x86)/cypress/psoc creator/3.3/psoc creator/import/gnu/arm/4.9.3/bin/../lib/gcc/arm-none-eabi/4.9.3/../../../../arm-none-eabi/lib/armv7-m\libg_nano.a(lib_a-mprec.o)
                0x00038458                __mprec_bigtens
 .rodata.p05.5308
                0x00038480        0xc c:/program files (x86)/cypress/psoc creator/3.3/psoc creator/import/gnu/arm/4.9.3/bin/../lib/gcc/arm-none-eabi/4.9.3/../../../../arm-none-eabi/lib/armv7-m\libg_nano.a(lib_a-mprec.o)
 .rodata.str1.1
                0x0003848c       0x11 c:/program files (x86)/cypress/psoc creator/3.3/psoc creator/import/gnu/arm/4.9.3/bin/../lib/gcc/arm-none-eabi/4.9.3/../../../../arm-none-eabi/lib/armv7-m\libg_nano.a(lib_a-nano-svfprintf.o)
                0x000384a0                . = ALIGN (0x4)
 *fill*         0x0003849d        0x3 
 *(.init)
 .init          0x000384a0        0x4 c:/program files (x86)/cypress/psoc creator/3.3/psoc creator/import/gnu/arm/4.9.3/bin/../lib/gcc/arm-none-eabi/4.9.3/armv7-m/crti.o
                0x000384a0                _init
 .init          0x000384a4        0x8 c:/program files (x86)/cypress/psoc creator/3.3/psoc creator/import/gnu/arm/4.9.3/bin/../lib/gcc/arm-none-eabi/4.9.3/armv7-m/crtn.o
                0x000384ac                . = ALIGN (0x4)
                0x000384ac                __preinit_array_start = .
 *(.preinit_array)
                0x000384ac                __preinit_array_end = .
                0x000384ac                . = ALIGN (0x4)
                0x000384ac                __init_array_start = .
 *(SORT(.init_array.*))
 *(.init_array)
 .init_array    0x000384ac        0x4 c:/program files (x86)/cypress/psoc creator/3.3/psoc creator/import/gnu/arm/4.9.3/bin/../lib/gcc/arm-none-eabi/4.9.3/armv7-m/crtbegin.o
 .init_array    0x000384b0        0x4 .\ARM_GCC_493\Debug\Cm3Start.o
                0x000384b4                __init_array_end = .
                0x000384b4                . = ALIGN (0x4)
 *(.fini)
 .fini          0x000384b4        0x4 c:/program files (x86)/cypress/psoc creator/3.3/psoc creator/import/gnu/arm/4.9.3/bin/../lib/gcc/arm-none-eabi/4.9.3/armv7-m/crti.o
                0x000384b4                _fini
 .fini          0x000384b8        0x8 c:/program files (x86)/cypress/psoc creator/3.3/psoc creator/import/gnu/arm/4.9.3/bin/../lib/gcc/arm-none-eabi/4.9.3/armv7-m/crtn.o
                0x000384c0                . = ALIGN (0x4)
                0x000384c0                __fini_array_start = .
 *(.fini_array)
 .fini_array    0x000384c0        0x4 c:/program files (x86)/cypress/psoc creator/3.3/psoc creator/import/gnu/arm/4.9.3/bin/../lib/gcc/arm-none-eabi/4.9.3/armv7-m/crtbegin.o
 *(SORT(.fini_array.*))
                0x000384c4                __fini_array_end = .
                0x000384c4                . = ALIGN (0x4)
 *crtbegin.o(.ctors)
 *(EXCLUDE_FILE(*crtend.o) .ctors)
 *(SORT(.ctors.*))
 *crtend.o(.ctors)
                0x000384c4                . = ALIGN (0x4)
 *crtbegin.o(.dtors)
 *(EXCLUDE_FILE(*crtend.o) .dtors)
 *(SORT(.dtors.*))
 *crtend.o(.dtors)
                0x000384c4                . = ALIGN (0x4)
                0x000384c4                __cy_regions = .
                0x000384c4        0x4 LONG 0x384d8 __cy_region_init_ram
                0x000384c8        0x4 LONG 0x1fff8108 __cy_region_start_data
                0x000384cc        0x4 LONG 0x110 __cy_region_init_size_ram
                0x000384d0        0x4 LONG 0x378 __cy_region_zero_size_ram
                0x000384d4                __cy_regions_end = .
                0x000384d8                . = ALIGN (0x8)
 *fill*         0x000384d4        0x4 
                0x000384d8                _etext = .

.cy_checksum_exclude
                0x000384d8        0x0
 *(.cy_checksum_exclude)

.ramvectors     0x1fff8000      0x100
                0x1fff8000                __cy_region_start_ram = .
 *(.ramvectors)
 .ramvectors    0x1fff8000      0x100 .\ARM_GCC_493\Debug\Cm3Start.o
                0x1fff8000                CyRamVectors

.noinit         0x1fff8100        0x5
 *(.noinit)
 .noinit        0x1fff8100        0x4 .\ARM_GCC_493\Debug\Cm3Start.o
 .noinit        0x1fff8104        0x1 .\ARM_GCC_493\Debug\Active_Load_v5.a(CyLib.o)
                0x1fff8104                CyResetStatus

.data           0x1fff8108      0x110 load address 0x000384d8
                0x1fff8108                __cy_region_start_data = .
 *(.jcr)
 .jcr           0x1fff8108        0x0 c:/program files (x86)/cypress/psoc creator/3.3/psoc creator/import/gnu/arm/4.9.3/bin/../lib/gcc/arm-none-eabi/4.9.3/armv7-m/crtbegin.o
 .jcr           0x1fff8108        0x4 c:/program files (x86)/cypress/psoc creator/3.3/psoc creator/import/gnu/arm/4.9.3/bin/../lib/gcc/arm-none-eabi/4.9.3/armv7-m/crtend.o
 *(.got.plt)
 *(.got)
 *(.shdata)
 *(.data .data.* .gnu.linkonce.d.*)
 .data          0x1fff810c       0x30 .\ARM_GCC_493\Debug\u8g_dev_st7565_dogm128.o
                0x1fff810c                u8g_dev_st7565_dogm128_sw_spi_pb
                0x1fff8118                u8g_dev_st7565_dogm128_sw_spi
                0x1fff8124                u8g_dev_st7565_dogm128_hw_spi_pb
                0x1fff8130                u8g_dev_st7565_dogm128_hw_spi
 .data          0x1fff813c        0x4 .\ARM_GCC_493\Debug\state_machine.o
                0x1fff813c                Position_Number
                0x1fff813d                dtC
                0x1fff813e                dtV
                0x1fff813f                dtP
 .data          0x1fff8140        0x4 .\ARM_GCC_493\Debug\Cm3Start.o
 .data          0x1fff8144        0x8 .\ARM_GCC_493\Debug\Active_Load_v5.a(CyDmac.o)
 .data          0x1fff814c       0x10 .\ARM_GCC_493\Debug\Active_Load_v5.a(CyLib.o)
                0x1fff814c                cydelay_freq_hz
                0x1fff8150                cydelay_freq_khz
                0x1fff8154                cydelay_freq_mhz
                0x1fff8158                cydelay_32k_ms
 .data          0x1fff815c        0x1 .\ARM_GCC_493\Debug\Active_Load_v5.a(WaveDAC8_1_Wave1_DMA_dma.o)
                0x1fff815c                WaveDAC8_1_Wave1_DMA_DmaHandle
 .data          0x1fff815d        0x1 .\ARM_GCC_493\Debug\Active_Load_v5.a(WaveDAC8_1_Wave2_DMA_dma.o)
                0x1fff815d                WaveDAC8_1_Wave2_DMA_DmaHandle
 .data          0x1fff815e        0x1 .\ARM_GCC_493\Debug\Active_Load_v5.a(AMux_1.o)
 *fill*         0x1fff815f        0x1 
 .data          0x1fff8160       0x14 .\ARM_GCC_493\Debug\Active_Load_v5.a(DVDAC8_1.o)
 .data          0x1fff8174        0x1 .\ARM_GCC_493\Debug\Active_Load_v5.a(DVDAC8_1_DMA_dma.o)
                0x1fff8174                DVDAC8_1_DMA_DmaHandle
 *fill*         0x1fff8175        0x3 
 .data.impure_data
                0x1fff8178       0x60 c:/program files (x86)/cypress/psoc creator/3.3/psoc creator/import/gnu/arm/4.9.3/bin/../lib/gcc/arm-none-eabi/4.9.3/../../../../arm-none-eabi/lib/armv7-m\libg_nano.a(lib_a-impure.o)
 .data._impure_ptr
                0x1fff81d8        0x4 c:/program files (x86)/cypress/psoc creator/3.3/psoc creator/import/gnu/arm/4.9.3/bin/../lib/gcc/arm-none-eabi/4.9.3/../../../../arm-none-eabi/lib/armv7-m\libg_nano.a(lib_a-impure.o)
                0x1fff81d8                _impure_ptr
 .data.lconv    0x1fff81dc       0x38 c:/program files (x86)/cypress/psoc creator/3.3/psoc creator/import/gnu/arm/4.9.3/bin/../lib/gcc/arm-none-eabi/4.9.3/../../../../arm-none-eabi/lib/armv7-m\libg_nano.a(lib_a-locale.o)
                0x1fff8218                . = ALIGN (0x8)
 *fill*         0x1fff8214        0x4 
 *(.ram)
                0x1fff8218                _edata = .

.igot.plt       0x1fff8218        0x0 load address 0x000385e8
 .igot.plt      0x00000000        0x0 c:/program files (x86)/cypress/psoc creator/3.3/psoc creator/import/gnu/arm/4.9.3/bin/../lib/gcc/arm-none-eabi/4.9.3/armv7-m/crtbegin.o

.bss            0x1fff8218      0x378 load address 0x000385e8
                0x1fff8218                PROVIDE (__bss_start__, .)
 *(.shbss)
 *(.bss .bss.* .gnu.linkonce.b.*)
 .bss           0x1fff8218       0x1c c:/program files (x86)/cypress/psoc creator/3.3/psoc creator/import/gnu/arm/4.9.3/bin/../lib/gcc/arm-none-eabi/4.9.3/armv7-m/crtbegin.o
 .bss           0x1fff8234      0x100 .\ARM_GCC_493\Debug\u8g_dev_st7565_dogm128.o
                0x1fff8234                u8g_dev_st7565_dogm128_sw_spi_buf
                0x1fff82b4                u8g_dev_st7565_dogm128_hw_spi_buf
 .bss           0x1fff8334       0x14 .\ARM_GCC_493\Debug\state_machine.o
                0x1fff8334                DACValue
                0x1fff8336                Timer
                0x1fff8338                Loop_Counter
                0x1fff833c                Last_Counter
                0x1fff8340                Current_Counter
                0x1fff8344                Testowy_Counter
 .bss           0x1fff8348        0x1 .\ARM_GCC_493\Debug\Active_Load_v5.a(PWM_1.o)
                0x1fff8348                PWM_1_initVar
 .bss           0x1fff8349        0x1 .\ARM_GCC_493\Debug\Active_Load_v5.a(QD.o)
                0x1fff8349                QD_initVar
 .bss           0x1fff834a        0x1 .\ARM_GCC_493\Debug\Active_Load_v5.a(QD_Cnt16.o)
                0x1fff834a                QD_Cnt16_initVar
 .bss           0x1fff834b        0x5 .\ARM_GCC_493\Debug\Active_Load_v5.a(WaveDAC8_1.o)
                0x1fff834b                WaveDAC8_1_initVar
 .bss           0x1fff8350        0x1 .\ARM_GCC_493\Debug\Active_Load_v5.a(ADC_SAR_1.o)
                0x1fff8350                ADC_SAR_1_initVar
 .bss           0x1fff8351        0x1 .\ARM_GCC_493\Debug\Active_Load_v5.a(ADC_SAR_2.o)
                0x1fff8351                ADC_SAR_2_initVar
 .bss           0x1fff8352        0x1 .\ARM_GCC_493\Debug\Active_Load_v5.a(I2C.o)
                0x1fff8352                I2C_initVar
 .bss           0x1fff8353        0x1 .\ARM_GCC_493\Debug\Active_Load_v5.a(PWM_Buzz.o)
                0x1fff8353                PWM_Buzz_initVar
 .bss           0x1fff8354        0x1 .\ARM_GCC_493\Debug\Active_Load_v5.a(SPIM.o)
                0x1fff8354                SPIM_initVar
 .bss           0x1fff8355        0x1 .\ARM_GCC_493\Debug\Active_Load_v5.a(PWM_Back.o)
                0x1fff8355                PWM_Back_initVar
 .bss           0x1fff8356        0x2 .\ARM_GCC_493\Debug\Active_Load_v5.a(DVDAC8_1.o)
                0x1fff8356                DVDAC8_1_initVar
 .bss           0x1fff8358        0x1 .\ARM_GCC_493\Debug\Active_Load_v5.a(Counter_Buzz.o)
                0x1fff8358                Counter_Buzz_initVar
 *fill*         0x1fff8359        0x3 
 .bss           0x1fff835c        0x8 .\ARM_GCC_493\Debug\Active_Load_v5.a(CySpc.o)
                0x1fff835c                SpcLockState
 .bss.__malloc_sbrk_start
                0x1fff8364        0x4 c:/program files (x86)/cypress/psoc creator/3.3/psoc creator/import/gnu/arm/4.9.3/bin/../lib/gcc/arm-none-eabi/4.9.3/../../../../arm-none-eabi/lib/armv7-m\libg_nano.a(lib_a-nano-mallocr.o)
                0x1fff8364                __malloc_sbrk_start
 .bss.__malloc_free_list
                0x1fff8368        0x4 c:/program files (x86)/cypress/psoc creator/3.3/psoc creator/import/gnu/arm/4.9.3/bin/../lib/gcc/arm-none-eabi/4.9.3/../../../../arm-none-eabi/lib/armv7-m\libg_nano.a(lib_a-nano-mallocr.o)
                0x1fff8368                __malloc_free_list
 *(COMMON)
 COMMON         0x1fff836c       0x4c .\ARM_GCC_493\Debug\u8g_polygon.o
                0x1fff836c                u8g_pg
 COMMON         0x1fff83b8      0x18c .\ARM_GCC_493\Debug\main01.o
                0x1fff83b8                Previous_State
                0x1fff83bc                C_Ki
                0x1fff83c0                Current_FET_TempString
                0x1fff83c8                fCurrent
                0x1fff83cc                u8g
                0x1fff8408                cPower_Actual
                0x1fff8418                OverTemperature
                0x1fff841c                MaxPower
                0x1fff8420                MaxCurrent
                0x1fff8424                MinResistance
                0x1fff8428                Edit_Value_Mode
                0x1fff842c                fVoltage
                0x1fff8430                cCurrent_Set
                0x1fff8440                button5
                0x1fff8441                button4
                0x1fff8444                Set_Current_Temporary_Value
                0x1fff8448                Push_Buzzer__Default_Lenght
                0x1fff844c                fPower
                0x1fff8450                cCounter
                0x1fff8470                cVoltage_Actual
                0x1fff8480                Current_DIE_TempString
                0x1fff8488                XPosition
                0x1fff848a                Current_FET_Temp
                0x1fff848c                Current_DIE_Temp
                0x1fff848e                Max_FET_Temp
                0x1fff8490                MeasuredCurrent
                0x1fff8492                button2
                0x1fff8493                CurrentVolumeValue
                0x1fff8494                cVoltage_Set
                0x1fff84a4                MeasuredVoltage
                0x1fff84a8                Set_Power
                0x1fff84ac                Touched
                0x1fff84b0                CurrentVolumeValueString
                0x1fff84b8                cYPosition
                0x1fff84c8                C_Kd
                0x1fff84cc                Last_qdCount
                0x1fff84d0                Set_Current
                0x1fff84d4                qdCount
                0x1fff84d6                button3
                0x1fff84d8                TestChar
                0x1fff84e8                Power
                0x1fff84ea                YPosition
                0x1fff84ec                Set_Voltage
                0x1fff84f0                OutputEnable
                0x1fff84f1                Current_Menu_Position
                0x1fff84f4                Set_Power_Temporary_Value
                0x1fff84f8                cPower_Set
                0x1fff8508                button6
                0x1fff8509                button1
                0x1fff850a                Sound_Enable
                0x1fff850b                Current_State
                0x1fff850c                Rotate_Buzzer__Default_Lenght
                0x1fff8510                cCurrent_Actual
                0x1fff8520                CurrentBacklightValueString
                0x1fff8528                CurrentBacklightValue
                0x1fff8529                push
                0x1fff852c                cXPosition
                0x1fff853c                MaxVoltage
                0x1fff8540                C_Kp
 COMMON         0x1fff8544       0x1c .\ARM_GCC_493\Debug\state_machine.o
                0x1fff8544                SredniaP
                0x1fff8548                SredniaV
                0x1fff854c                SredniaC
                0x1fff8550                cTestowy_Counter
 COMMON         0x1fff8560        0x4 .\ARM_GCC_493\Debug\temp_manage.o
                0x1fff8560                Status
 COMMON         0x1fff8564        0xa .\ARM_GCC_493\Debug\Active_Load_v5.a(ADC_SAR_1.o)
                0x1fff8564                ADC_SAR_1_countsPerVolt
                0x1fff8566                ADC_SAR_1_shift