Archive member included because of file (symbol)

.\ARM_GCC_493\Debug\Active_Load_v6.a(cyfitter_cfg.o)
                              .\ARM_GCC_493\Debug\Cm3Start.o (cyfitter_cfg)
.\ARM_GCC_493\Debug\Active_Load_v6.a(PWM_1.o)
                              .\ARM_GCC_493\Debug\main01.o (PWM_1_Start)
.\ARM_GCC_493\Debug\Active_Load_v6.a(QD.o)
                              .\ARM_GCC_493\Debug\main01.o (QD_Start)
.\ARM_GCC_493\Debug\Active_Load_v6.a(QD_Cnt16.o)
                              .\ARM_GCC_493\Debug\Active_Load_v6.a(QD.o) (QD_Cnt16_WriteCounter)
.\ARM_GCC_493\Debug\Active_Load_v6.a(CyBootAsmGnu.o)
                              .\ARM_GCC_493\Debug\Active_Load_v6.a(cyfitter_cfg.o) (CyDelayCycles)
.\ARM_GCC_493\Debug\Active_Load_v6.a(CyDmac.o)
                              .\ARM_GCC_493\Debug\Cm3Start.o (CyDmacConfigure)
.\ARM_GCC_493\Debug\Active_Load_v6.a(CyLib.o)
                              .\ARM_GCC_493\Debug\Cm3Start.o (CyResetStatus)
.\ARM_GCC_493\Debug\Active_Load_v6.a(cyPm.o)
                              .\ARM_GCC_493\Debug\Active_Load_v6.a(CyLib.o) (CyPmReadStatus)
.\ARM_GCC_493\Debug\Active_Load_v6.a(WaveDAC8_1.o)
                              .\ARM_GCC_493\Debug\main01.o (WaveDAC8_1_Start)
.\ARM_GCC_493\Debug\Active_Load_v6.a(WaveDAC8_1_Wave1_DMA_dma.o)
                              .\ARM_GCC_493\Debug\Active_Load_v6.a(WaveDAC8_1.o) (WaveDAC8_1_Wave1_DMA_DmaInitialize)
.\ARM_GCC_493\Debug\Active_Load_v6.a(WaveDAC8_1_Wave2_DMA_dma.o)
                              .\ARM_GCC_493\Debug\Active_Load_v6.a(WaveDAC8_1.o) (WaveDAC8_1_Wave2_DMA_DmaInitialize)
.\ARM_GCC_493\Debug\Active_Load_v6.a(WaveDAC8_1_VDAC8.o)
                              .\ARM_GCC_493\Debug\Active_Load_v6.a(WaveDAC8_1.o) (WaveDAC8_1_VDAC8_Init)
.\ARM_GCC_493\Debug\Active_Load_v6.a(Clock_QD_1.o)
                              .\ARM_GCC_493\Debug\main01.o (Clock_QD_1_Start)
.\ARM_GCC_493\Debug\Active_Load_v6.a(WaveDAC8_1_BuffAmp.o)
                              .\ARM_GCC_493\Debug\Active_Load_v6.a(WaveDAC8_1.o) (WaveDAC8_1_BuffAmp_Init)
.\ARM_GCC_493\Debug\Active_Load_v6.a(AMux_1.o)
                              .\ARM_GCC_493\Debug\main01.o (AMux_1_Select)
.\ARM_GCC_493\Debug\Active_Load_v6.a(DieTemp.o)
                              .\ARM_GCC_493\Debug\temp_manage.o (DieTemp_GetTemp)
.\ARM_GCC_493\Debug\Active_Load_v6.a(Button1_Reg.o)
                              .\ARM_GCC_493\Debug\global_variables.o (Button1_Reg_Read)
.\ARM_GCC_493\Debug\Active_Load_v6.a(Button2_Reg.o)
                              .\ARM_GCC_493\Debug\global_variables.o (Button2_Reg_Read)
.\ARM_GCC_493\Debug\Active_Load_v6.a(Button3_Reg.o)
                              .\ARM_GCC_493\Debug\global_variables.o (Button3_Reg_Read)
.\ARM_GCC_493\Debug\Active_Load_v6.a(Button4_Reg.o)
                              .\ARM_GCC_493\Debug\global_variables.o (Button4_Reg_Read)
.\ARM_GCC_493\Debug\Active_Load_v6.a(Push_Reg.o)
                              .\ARM_GCC_493\Debug\state_machine.o (Push_Reg_Read)
.\ARM_GCC_493\Debug\Active_Load_v6.a(ADC_SAR_1.o)
                              .\ARM_GCC_493\Debug\main01.o (ADC_SAR_1_Start)
.\ARM_GCC_493\Debug\Active_Load_v6.a(ADC_SAR_1_INT.o)
                              .\ARM_GCC_493\Debug\Active_Load_v6.a(ADC_SAR_1.o) (ADC_SAR_1_ISR)
.\ARM_GCC_493\Debug\Active_Load_v6.a(ADC_SAR_2.o)
                              .\ARM_GCC_493\Debug\main01.o (ADC_SAR_2_Start)
.\ARM_GCC_493\Debug\Active_Load_v6.a(ADC_SAR_2_INT.o)
                              .\ARM_GCC_493\Debug\Active_Load_v6.a(ADC_SAR_2.o) (ADC_SAR_2_ISR)
.\ARM_GCC_493\Debug\Active_Load_v6.a(I2C.o)
                              .\ARM_GCC_493\Debug\main01.o (I2C_Start)
.\ARM_GCC_493\Debug\Active_Load_v6.a(I2C_INT.o)
                              .\ARM_GCC_493\Debug\Active_Load_v6.a(I2C.o) (I2C_ISR)
.\ARM_GCC_493\Debug\Active_Load_v6.a(I2C_PM.o)
                              .\ARM_GCC_493\Debug\Active_Load_v6.a(I2C.o) (I2C_backup)
.\ARM_GCC_493\Debug\Active_Load_v6.a(I2C_MASTER.o)
                              .\ARM_GCC_493\Debug\Active_Load_v6.a(I2C.o) (I2C_mstrStatus)
.\ARM_GCC_493\Debug\Active_Load_v6.a(Wave_Reg.o)
                              .\ARM_GCC_493\Debug\state_machine.o (Wave_Reg_Write)
.\ARM_GCC_493\Debug\Active_Load_v6.a(Clock_QD_2.o)
                              .\ARM_GCC_493\Debug\main01.o (Clock_QD_2_Start)
.\ARM_GCC_493\Debug\Active_Load_v6.a(PWM_Buzz.o)
                              .\ARM_GCC_493\Debug\main01.o (PWM_Buzz_Start)
.\ARM_GCC_493\Debug\Active_Load_v6.a(SPIM.o)
                              .\ARM_GCC_493\Debug\u8g_arm.o (SPIM_Start)
.\ARM_GCC_493\Debug\Active_Load_v6.a(SPIM_IntClock.o)
                              .\ARM_GCC_493\Debug\Active_Load_v6.a(SPIM.o) (SPIM_IntClock_Start)
.\ARM_GCC_493\Debug\Active_Load_v6.a(LCD_RESET.o)
                              .\ARM_GCC_493\Debug\u8g_arm.o (LCD_RESET_Write)
.\ARM_GCC_493\Debug\Active_Load_v6.a(LCD_A0.o)
                              .\ARM_GCC_493\Debug\u8g_arm.o (LCD_A0_Write)
[...]
Memory Configuration

Name             Origin             Length             Attributes
rom              0x00000000         0x00040000         xr
ram              0x1fff8000         0x00010000         xrw
*default*        0x00000000         0xffffffff

Linker script and memory map

LOAD c:/program files (x86)/cypress/psoc creator/3.3/psoc creator/import/gnu/arm/4.9.3/bin/../lib/gcc/arm-none-eabi/4.9.3/armv7-m/crti.o
LOAD c:/program files (x86)/cypress/psoc creator/3.3/psoc creator/import/gnu/arm/4.9.3/bin/../lib/gcc/arm-none-eabi/4.9.3/armv7-m/crtbegin.o
LOAD c:/program files (x86)/cypress/psoc creator/3.3/psoc creator/import/gnu/arm/4.9.3/bin/../lib/gcc/arm-none-eabi/4.9.3/../../../../arm-none-eabi/lib/armv7-m/crt0.o
START GROUP
LOAD .\ARM_GCC_493\Debug\chessengine.o
LOAD .\ARM_GCC_493\Debug\u8g_bitmap.o
LOAD .\ARM_GCC_493\Debug\u8g_circle.o
LOAD .\ARM_GCC_493\Debug\u8g_clip.o
LOAD .\ARM_GCC_493\Debug\u8g_com_api.o
LOAD .\ARM_GCC_493\Debug\u8g_com_api_16gr.o
LOAD .\ARM_GCC_493\Debug\u8g_com_i2c.o
LOAD .\ARM_GCC_493\Debug\u8g_com_io.o
LOAD .\ARM_GCC_493\Debug\u8g_com_msp430_hw_spi.o
LOAD .\ARM_GCC_493\Debug\u8g_com_null.o
LOAD .\ARM_GCC_493\Debug\u8g_com_raspberrypi_hw_spi.o
LOAD .\ARM_GCC_493\Debug\u8g_com_raspberrypi_ssd_i2c.o
LOAD .\ARM_GCC_493\Debug\u8g_com_std_sw_spi.o
LOAD .\ARM_GCC_493\Debug\u8g_cursor.o
LOAD .\ARM_GCC_493\Debug\u8g_delay.o
LOAD .\ARM_GCC_493\Debug\u8g_ellipse.o
LOAD .\ARM_GCC_493\Debug\u8g_font.o
LOAD .\ARM_GCC_493\Debug\u8g_line.o
LOAD .\ARM_GCC_493\Debug\u8g_ll_api.o
LOAD .\ARM_GCC_493\Debug\u8g_page.o
LOAD .\ARM_GCC_493\Debug\u8g_pb.o
LOAD .\ARM_GCC_493\Debug\u8g_pb8h1.o
LOAD .\ARM_GCC_493\Debug\u8g_pb8h1f.o
LOAD .\ARM_GCC_493\Debug\u8g_pb8h2.o
LOAD .\ARM_GCC_493\Debug\u8g_pb8h8.o
LOAD .\ARM_GCC_493\Debug\u8g_pb8v1.o
LOAD .\ARM_GCC_493\Debug\u8g_pb8v2.o
LOAD .\ARM_GCC_493\Debug\u8g_pb14v1.o
LOAD .\ARM_GCC_493\Debug\u8g_pb16h1.o
LOAD .\ARM_GCC_493\Debug\u8g_pb16h2.o
LOAD .\ARM_GCC_493\Debug\u8g_pb16v1.o
LOAD .\ARM_GCC_493\Debug\u8g_pb16v2.o
LOAD .\ARM_GCC_493\Debug\u8g_pb32h1.o
LOAD .\ARM_GCC_493\Debug\u8g_pbxh16.o
LOAD .\ARM_GCC_493\Debug\u8g_pbxh24.o
LOAD .\ARM_GCC_493\Debug\u8g_polygon.o
LOAD .\ARM_GCC_493\Debug\u8g_rect.o
LOAD .\ARM_GCC_493\Debug\u8g_rot.o
LOAD .\ARM_GCC_493\Debug\u8g_scale.o
LOAD .\ARM_GCC_493\Debug\u8g_state.o
LOAD .\ARM_GCC_493\Debug\u8g_u8toa.o
LOAD .\ARM_GCC_493\Debug\u8g_u16toa.o
LOAD .\ARM_GCC_493\Debug\u8g_virtual_screen.o
LOAD .\ARM_GCC_493\Debug\u8g_font_data.o
LOAD .\ARM_GCC_493\Debug\u8g_arm.o
LOAD .\ARM_GCC_493\Debug\u8g_dev_uc1601_c128032.o
LOAD .\ARM_GCC_493\Debug\u8g_dev_st7565_dogm128.o
LOAD .\ARM_GCC_493\Debug\main01.o
LOAD .\ARM_GCC_493\Debug\state_machine.o
LOAD .\ARM_GCC_493\Debug\LCD_Menu.o
LOAD .\ARM_GCC_493\Debug\global_variables.o
LOAD .\ARM_GCC_493\Debug\temp_manage.o
LOAD .\ARM_GCC_493\Debug\cymetadata.o
LOAD .\ARM_GCC_493\Debug\Cm3Start.o
LOAD .\ARM_GCC_493\Debug\Active_Load_v6.a
LOAD C:\Program Files (x86)\Cypress\PSoC Creator\3.3\PSoC Creator\psoc\content\cycomponentlibrary\CyComponentLibrary.cylib\CortexM3\ARM_GCC_493\Debug\CyComponentLibrary.a
END GROUP
START GROUP
LOAD c:/program files (x86)/cypress/psoc creator/3.3/psoc creator/import/gnu/arm/4.9.3/bin/../lib/gcc/arm-none-eabi/4.9.3/armv7-m\libgcc.a
LOAD c:/program files (x86)/cypress/psoc creator/3.3/psoc creator/import/gnu/arm/4.9.3/bin/../lib/gcc/arm-none-eabi/4.9.3/../../../../arm-none-eabi/lib/armv7-m\libg_nano.a
LOAD c:/program files (x86)/cypress/psoc creator/3.3/psoc creator/import/gnu/arm/4.9.3/bin/../lib/gcc/arm-none-eabi/4.9.3/../../../../arm-none-eabi/lib/armv7-m\libc_nano.a
END GROUP
START GROUP
LOAD c:/program files (x86)/cypress/psoc creator/3.3/psoc creator/import/gnu/arm/4.9.3/bin/../lib/gcc/arm-none-eabi/4.9.3/armv7-m\libgcc.a
LOAD c:/program files (x86)/cypress/psoc creator/3.3/psoc creator/import/gnu/arm/4.9.3/bin/../lib/gcc/arm-none-eabi/4.9.3/../../../../arm-none-eabi/lib/armv7-m\libc_nano.a
END GROUP
LOAD c:/program files (x86)/cypress/psoc creator/3.3/psoc creator/import/gnu/arm/4.9.3/bin/../lib/gcc/arm-none-eabi/4.9.3/armv7-m/crtend.o
LOAD c:/program files (x86)/cypress/psoc creator/3.3/psoc creator/import/gnu/arm/4.9.3/bin/../lib/gcc/arm-none-eabi/4.9.3/armv7-m/crtn.o
START GROUP
LOAD c:/program files (x86)/cypress/psoc creator/3.3/psoc creator/import/gnu/arm/4.9.3/bin/../lib/gcc/arm-none-eabi/4.9.3/armv7-m\libgcc.a
LOAD c:/program files (x86)/cypress/psoc creator/3.3/psoc creator/import/gnu/arm/4.9.3/bin/../lib/gcc/arm-none-eabi/4.9.3/../../../../arm-none-eabi/lib/armv7-m\libc.a
LOAD c:/program files (x86)/cypress/psoc creator/3.3/psoc creator/import/gnu/arm/4.9.3/bin/../lib/gcc/arm-none-eabi/4.9.3/../../../../arm-none-eabi/lib/armv7-m\libnosys.a
END GROUP
                0x00000000                CY_APPL_ORIGIN = 0x0
                0x00000100                CY_FLASH_ROW_SIZE = 0x100
                0x00000020                CY_ECC_ROW_SIZE = 0x20
                0x00000000                CY_EE_IN_BTLDR = 0x0
                0x00000000                CY_APPL_LOADABLE = 0x0
                0x00000800                CY_EE_SIZE = 0x800
                0x00000001                CY_APPL_NUM = 0x1
                0x00000001                CY_APPL_MAX = 0x1
                0x00000040                CY_METADATA_SIZE = 0x40
                0x00000000                CY_APPL_LOADABLE = 0x0
                0x00000000                CY_CHECKSUM_EXCLUDE_SIZE = ALIGN (0x0, CY_FLASH_ROW_SIZE)
                0x1fff8590                PROVIDE (__cy_heap_start, _end)
                0x00000001                PROVIDE (__cy_region_num, ((__cy_regions_end - __cy_regions) / 0x10))
                0x20008000                PROVIDE (__cy_stack, (ORIGIN (ram) + 0x10000))
                0x20007800                PROVIDE (__cy_heap_end, (__cy_stack - 0x800))

.cybootloader   0x00000000        0x0
 *(.cybootloader)
                0x00000000                appl1_start = CY_APPL_ORIGIN?CY_APPL_ORIGIN:ALIGN (CY_FLASH_ROW_SIZE)
                0x0001ff00                appl2_start = (appl1_start + ALIGN ((((0x40000 - appl1_start) - (0x2 * CY_FLASH_ROW_SIZE)) / 0x2), CY_FLASH_ROW_SIZE))
                0x00000000                appl_start = (CY_APPL_NUM == 0x1)?appl1_start:appl2_start
                0x00000000                ecc_offset = ((appl_start / CY_FLASH_ROW_SIZE) * CY_ECC_ROW_SIZE)
                0x00000000                ee_offset = (CY_APPL_LOADABLE && ! (CY_EE_IN_BTLDR))?((CY_EE_SIZE / CY_APPL_MAX) * (CY_APPL_NUM - 0x1)):0x0
                0x00000800                ee_size = (CY_APPL_LOADABLE && ! (CY_EE_IN_BTLDR))?(CY_EE_SIZE / CY_APPL_MAX):CY_EE_SIZE
                0x00000000                PROVIDE (CY_ECC_OFFSET, ecc_offset)

.text           0x00000000     0xb854
 CREATE_OBJECT_SYMBOLS
                0x00000000                PROVIDE (__cy_interrupt_vector, RomVectors)
 *(.romvectors)
 .romvectors    0x00000000       0x10 .\ARM_GCC_493\Debug\Cm3Start.o
                0x00000000                RomVectors
                0x00000001                ASSERT ((. != __cy_interrupt_vector), No interrupt vector)
                0x00000001                ASSERT (CY_APPL_ORIGIN?(SIZEOF (.cybootloader) <= CY_APPL_ORIGIN):0x1, Wrong image location)
                0x00000010                PROVIDE (__cy_reset, Reset)
 *(.text.Reset)
 .text.Reset    0x00000010       0x18 .\ARM_GCC_493\Debug\Cm3Start.o
                0x00000010                Reset
                0x00000001                ASSERT ((. != __cy_reset), No reset code)
 *(.dma_init)
                0x00000001                ASSERT ((((appl_start + .) <= 0x10000) || 0x1), DMA Init must be within the first 64k of flash)
 *(.text .text.* .gnu.linkonce.t.*)
 .text          0x00000028       0x5c c:/program files (x86)/cypress/psoc creator/3.3/psoc creator/import/gnu/arm/4.9.3/bin/../lib/gcc/arm-none-eabi/4.9.3/armv7-m/crtbegin.o
 .text.u8g_IsBBXIntersection
                0x00000084       0xf8 .\ARM_GCC_493\Debug\u8g_clip.o
                0x00000084                u8g_IsBBXIntersection
 .text.u8g_InitCom
                0x0000017c       0x28 .\ARM_GCC_493\Debug\u8g_com_api.o
                0x0000017c                u8g_InitCom
 .text.u8g_SetChipSelect
                0x000001a4       0x24 .\ARM_GCC_493\Debug\u8g_com_api.o
                0x000001a4                u8g_SetChipSelect
 .text.u8g_SetResetLow
                0x000001c8       0x20 .\ARM_GCC_493\Debug\u8g_com_api.o
                0x000001c8                u8g_SetResetLow
 .text.u8g_SetResetHigh
                0x000001e8       0x20 .\ARM_GCC_493\Debug\u8g_com_api.o
                0x000001e8                u8g_SetResetHigh
 .text.u8g_SetAddress
                0x00000208       0x24 .\ARM_GCC_493\Debug\u8g_com_api.o
                0x00000208                u8g_SetAddress
 .text.u8g_WriteByte
                0x0000022c       0x28 .\ARM_GCC_493\Debug\u8g_com_api.o
                0x0000022c                u8g_WriteByte
 .text.u8g_WriteSequence
                0x00000254       0x2c .\ARM_GCC_493\Debug\u8g_com_api.o
                0x00000254                u8g_WriteSequence
 .text.u8g_WriteEscSeqP
                0x00000280      0x10c .\ARM_GCC_493\Debug\u8g_com_api.o
                0x00000280                u8g_WriteEscSeqP
 .text.u8g_com_null_fn
                0x0000038c       0x4c .\ARM_GCC_493\Debug\u8g_com_null.o
                0x0000038c                u8g_com_null_fn
 .text.u8g_font_get_byte
                0x000003d8       0x24 .\ARM_GCC_493\Debug\u8g_font.o
 .text.u8g_font_get_word
                0x000003fc       0x40 .\ARM_GCC_493\Debug\u8g_font.o
 .text.u8g_font_GetFormat
                0x0000043c       0x1c .\ARM_GCC_493\Debug\u8g_font.o
 .text.u8g_font_GetFontGlyphStructureSize
                0x00000458       0x34 .\ARM_GCC_493\Debug\u8g_font.o
 .text.u8g_font_GetCapitalAHeight
                0x0000048c       0x1c .\ARM_GCC_493\Debug\u8g_font.o
                0x0000048c                u8g_font_GetCapitalAHeight
 .text.u8g_font_GetEncoding65Pos
                0x000004a8       0x1c .\ARM_GCC_493\Debug\u8g_font.o
                0x000004a8                u8g_font_GetEncoding65Pos
 .text.u8g_font_GetEncoding97Pos
                0x000004c4       0x1c .\ARM_GCC_493\Debug\u8g_font.o
                0x000004c4                u8g_font_GetEncoding97Pos
 .text.u8g_font_GetFontStartEncoding
                0x000004e0       0x1c .\ARM_GCC_493\Debug\u8g_font.o
                0x000004e0                u8g_font_GetFontStartEncoding
 .text.u8g_font_GetFontEndEncoding
                0x000004fc       0x1c .\ARM_GCC_493\Debug\u8g_font.o
                0x000004fc                u8g_font_GetFontEndEncoding
 .text.u8g_font_GetLowerGDescent
                0x00000518       0x20 .\ARM_GCC_493\Debug\u8g_font.o
                0x00000518                u8g_font_GetLowerGDescent
 .text.u8g_font_GetFontAscent
                0x00000538       0x20 .\ARM_GCC_493\Debug\u8g_font.o
                0x00000538                u8g_font_GetFontAscent
 .text.u8g_font_GetFontDescent
                0x00000558       0x20 .\ARM_GCC_493\Debug\u8g_font.o
                0x00000558                u8g_font_GetFontDescent
 .text.u8g_font_GetFontXAscent
                0x00000578       0x20 .\ARM_GCC_493\Debug\u8g_font.o
                0x00000578                u8g_font_GetFontXAscent
 .text.u8g_font_GetFontXDescent
                0x00000598       0x20 .\ARM_GCC_493\Debug\u8g_font.o
                0x00000598                u8g_font_GetFontXDescent
 .text.u8g_font_GetGlyphDataStart
                0x000005b8       0x20 .\ARM_GCC_493\Debug\u8g_font.o
 .text.u8g_CopyGlyphDataToCache
                0x000005d8       0xc0 .\ARM_GCC_493\Debug\u8g_font.o
 .text.u8g_FillEmptyGlyphCache
                0x00000698       0x34 .\ARM_GCC_493\Debug\u8g_font.o
 .text.u8g_GetGlyph
                0x000006cc      0x130 .\ARM_GCC_493\Debug\u8g_font.o
                0x000006cc                u8g_GetGlyph
 .text.u8g_draw_glyph
                0x000007fc      0x110 .\ARM_GCC_493\Debug\u8g_font.o
                0x000007fc                u8g_draw_glyph
 .text.u8g_DrawStr
                0x0000090c       0x64 .\ARM_GCC_493\Debug\u8g_font.o
                0x0000090c                u8g_DrawStr
 .text.u8g_UpdateRefHeight
                0x00000970       0xf4 .\ARM_GCC_493\Debug\u8g_font.o
                0x00000970                u8g_UpdateRefHeight
 .text.u8g_font_calc_vref_font
                0x00000a64       0x18 .\ARM_GCC_493\Debug\u8g_font.o
                0x00000a64                u8g_font_calc_vref_font
 .text.u8g_SetFontPosBaseline
                0x00000a7c       0x1c .\ARM_GCC_493\Debug\u8g_font.o
                0x00000a7c                u8g_SetFontPosBaseline
 .text.u8g_SetFont
                0x00000a98       0x2c .\ARM_GCC_493\Debug\u8g_font.o
                0x00000a98                u8g_SetFont
 .text.u8g_DrawLine
                0x00000ac4      0x130 .\ARM_GCC_493\Debug\u8g_line.o
                0x00000ac4                u8g_DrawLine
 .text.u8g_call_dev_fn
                0x00000bf4       0x2c .\ARM_GCC_493\Debug\u8g_ll_api.o
                0x00000bf4                u8g_call_dev_fn
 .text.u8g_InitLL
                0x00000c20       0x3c .\ARM_GCC_493\Debug\u8g_ll_api.o
                0x00000c20                u8g_InitLL
 .text.u8g_FirstPageLL
                0x00000c5c       0x44 .\ARM_GCC_493\Debug\u8g_ll_api.o
                0x00000c5c                u8g_FirstPageLL
 .text.u8g_NextPageLL
                0x00000ca0       0x50 .\ARM_GCC_493\Debug\u8g_ll_api.o
                0x00000ca0                u8g_NextPageLL
 .text.u8g_SetContrastLL
                0x00000cf0       0x24 .\ARM_GCC_493\Debug\u8g_ll_api.o
                0x00000cf0                u8g_SetContrastLL
 .text.u8g_DrawPixelLL
                0x00000d14       0x3c .\ARM_GCC_493\Debug\u8g_ll_api.o
                0x00000d14                u8g_DrawPixelLL
 .text.u8g_Draw8PixelLL
                0x00000d50       0x4c .\ARM_GCC_493\Debug\u8g_ll_api.o
                0x00000d50                u8g_Draw8PixelLL
 .text.u8g_GetWidthLL
                0x00000d9c       0x24 .\ARM_GCC_493\Debug\u8g_ll_api.o
                0x00000d9c                u8g_GetWidthLL
 .text.u8g_GetHeightLL
                0x00000dc0       0x24 .\ARM_GCC_493\Debug\u8g_ll_api.o
                0x00000dc0                u8g_GetHeightLL
 .text.u8g_GetModeLL
                0x00000de4       0x20 .\ARM_GCC_493\Debug\u8g_ll_api.o
                0x00000de4                u8g_GetModeLL
 .text.u8g_UpdateDimension
                0x00000e04       0x5c .\ARM_GCC_493\Debug\u8g_ll_api.o
                0x00000e04                u8g_UpdateDimension
 .text.u8g_init_data
                0x00000e60       0x74 .\ARM_GCC_493\Debug\u8g_ll_api.o
 .text.u8g_Begin
                0x00000ed4       0x30 .\ARM_GCC_493\Debug\u8g_ll_api.o
                0x00000ed4                u8g_Begin
 .text.u8g_InitComFn
                0x00000f04       0x30 .\ARM_GCC_493\Debug\u8g_ll_api.o
                0x00000f04                u8g_InitComFn
 .text.u8g_FirstPage
                0x00000f34       0x1c .\ARM_GCC_493\Debug\u8g_ll_api.o
                0x00000f34                u8g_FirstPage
 .text.u8g_NextPage
                0x00000f50       0x30 .\ARM_GCC_493\Debug\u8g_ll_api.o
                0x00000f50                u8g_NextPage
 .text.u8g_SetContrast
                0x00000f80       0x28 .\ARM_GCC_493\Debug\u8g_ll_api.o
                0x00000f80                u8g_SetContrast
 .text.u8g_DrawPixel
                0x00000fa8       0x24 .\ARM_GCC_493\Debug\u8g_ll_api.o
                0x00000fa8                u8g_DrawPixel
 .text.u8g_Draw8Pixel
                0x00000fcc       0x38 .\ARM_GCC_493\Debug\u8g_ll_api.o
                0x00000fcc                u8g_Draw8Pixel
 .text.u8g_SetColorIndex
                0x00001004       0x20 .\ARM_GCC_493\Debug\u8g_ll_api.o
                0x00001004                u8g_SetColorIndex
 .text.u8g_GetDefaultForegroundColor
                0x00001024       0x34 .\ARM_GCC_493\Debug\u8g_ll_api.o
                0x00001024                u8g_GetDefaultForegroundColor
 .text.u8g_SetDefaultForegroundColor
                0x00001058       0x38 .\ARM_GCC_493\Debug\u8g_ll_api.o
                0x00001058                u8g_SetDefaultForegroundColor
 .text.u8g_GetDefaultBackgroundColor
                0x00001090       0x18 .\ARM_GCC_493\Debug\u8g_ll_api.o
                0x00001090                u8g_GetDefaultBackgroundColor
 .text.u8g_SetDefaultBackgroundColor
                0x000010a8       0x20 .\ARM_GCC_493\Debug\u8g_ll_api.o
                0x000010a8                u8g_SetDefaultBackgroundColor
 .text.u8g_page_First
                0x000010c8       0x34 .\ARM_GCC_493\Debug\u8g_page.o
                0x000010c8                u8g_page_First
 .text.u8g_page_Next
                0x000010fc       0x64 .\ARM_GCC_493\Debug\u8g_page.o
                0x000010fc                u8g_page_Next
 .text.u8g_pb_Clear
                0x00001160       0x3c .\ARM_GCC_493\Debug\u8g_pb.o
                0x00001160                u8g_pb_Clear
 .text.u8g_pb_IsYIntersection
                0x0000119c       0x84 .\ARM_GCC_493\Debug\u8g_pb.o
                0x0000119c                u8g_pb_IsYIntersection
 .text.u8g_pb_GetPageBox
                0x00001220       0x40 .\ARM_GCC_493\Debug\u8g_pb.o
                0x00001220                u8g_pb_GetPageBox
 .text.u8g_pb_Is8PixelVisible
                0x00001260       0x5c .\ARM_GCC_493\Debug\u8g_pb.o
                0x00001260                u8g_pb_Is8PixelVisible
 .text.u8g_pb_WriteBuffer
                0x000012bc       0x28 .\ARM_GCC_493\Debug\u8g_pb.o
                0x000012bc                u8g_pb_WriteBuffer
 .text.u8g_pb8v1_set_pixel
                0x000012e4       0x74 .\ARM_GCC_493\Debug\u8g_pb8v1.o
                0x000012e4                u8g_pb8v1_set_pixel
 .text.u8g_pb8v1_SetPixel
                0x00001358       0x4c .\ARM_GCC_493\Debug\u8g_pb8v1.o
                0x00001358                u8g_pb8v1_SetPixel
 .text.u8g_pb8v1_Set8PixelOpt2
                0x000013a4       0x90 .\ARM_GCC_493\Debug\u8g_pb8v1.o
                0x000013a4                u8g_pb8v1_Set8PixelOpt2
 .text.u8g_dev_pb8v1_base_fn
                0x00001434      0x1a0 .\ARM_GCC_493\Debug\u8g_pb8v1.o
                0x00001434                u8g_dev_pb8v1_base_fn
 .text.pge_Next
                0x000015d4       0xa0 .\ARM_GCC_493\Debug\u8g_polygon.o
 .text.pge_Init
                0x00001674       0xb8 .\ARM_GCC_493\Debug\u8g_polygon.o
 .text.pg_inc   0x0000172c       0x30 .\ARM_GCC_493\Debug\u8g_polygon.o
 .text.pg_dec   0x0000175c       0x34 .\ARM_GCC_493\Debug\u8g_polygon.o
 .text.pg_expand_min_y
                0x00001790       0x74 .\ARM_GCC_493\Debug\u8g_polygon.o
 .text.pg_prepare
                0x00001804      0x134 .\ARM_GCC_493\Debug\u8g_polygon.o
 .text.pg_hline
                0x00001938       0xf0 .\ARM_GCC_493\Debug\u8g_polygon.o
 .text.pg_line_init
                0x00001a28       0x88 .\ARM_GCC_493\Debug\u8g_polygon.o
 .text.pg_exec  0x00001ab0       0x90 .\ARM_GCC_493\Debug\u8g_polygon.o
 .text.pg_ClearPolygonXY
                0x00001b40       0x18 .\ARM_GCC_493\Debug\u8g_polygon.o
                0x00001b40                pg_ClearPolygonXY
 .text.pg_AddPolygonXY
                0x00001b58       0x50 .\ARM_GCC_493\Debug\u8g_polygon.o
                0x00001b58                pg_AddPolygonXY
 .text.pg_DrawPolygon
                0x00001ba8       0x28 .\ARM_GCC_493\Debug\u8g_polygon.o
                0x00001ba8                pg_DrawPolygon
 .text.u8g_ClearPolygonXY
                0x00001bd0       0x10 .\ARM_GCC_493\Debug\u8g_polygon.o
                0x00001bd0                u8g_ClearPolygonXY
 .text.u8g_AddPolygonXY
                0x00001be0       0x2c .\ARM_GCC_493\Debug\u8g_polygon.o
                0x00001be0                u8g_AddPolygonXY
 .text.u8g_DrawPolygon
                0x00001c0c       0x1c .\ARM_GCC_493\Debug\u8g_polygon.o
                0x00001c0c                u8g_DrawPolygon
 .text.u8g_DrawTriangle
                0x00001c28       0x60 .\ARM_GCC_493\Debug\u8g_polygon.o
                0x00001c28                u8g_DrawTriangle
 .text.u8g_draw_hline
                0x00001c88       0x7c .\ARM_GCC_493\Debug\u8g_rect.o
                0x00001c88                u8g_draw_hline
 .text.u8g_DrawHLine
                0x00001d04       0x48 .\ARM_GCC_493\Debug\u8g_rect.o
                0x00001d04                u8g_DrawHLine
 .text.u8g_draw_box
                0x00001d4c       0x40 .\ARM_GCC_493\Debug\u8g_rect.o
                0x00001d4c                u8g_draw_box
 .text.u8g_DrawBox
                0x00001d8c       0x4c .\ARM_GCC_493\Debug\u8g_rect.o
                0x00001d8c                u8g_DrawBox
 .text.u8g_state_dummy_cb
                0x00001dd8       0x14 .\ARM_GCC_493\Debug\u8g_state.o
                0x00001dd8                u8g_state_dummy_cb
 .text.u8g_Delay
                0x00001dec       0x18 .\ARM_GCC_493\Debug\u8g_arm.o
                0x00001dec                u8g_Delay
 .text.u8g_MicroDelay
                0x00001e04        0xc .\ARM_GCC_493\Debug\u8g_arm.o
                0x00001e04                u8g_MicroDelay
 .text.u8g_10MicroDelay
                0x00001e10        0xc .\ARM_GCC_493\Debug\u8g_arm.o
                0x00001e10                u8g_10MicroDelay
 .text.u8g_com_hw_spi_fn
                0x00001e1c       0xf4 .\ARM_GCC_493\Debug\u8g_arm.o
                0x00001e1c                u8g_com_hw_spi_fn
 .text.u8g_dev_st7565_dogm128_fn
                0x00001f10      0x138 .\ARM_GCC_493\Debug\u8g_dev_st7565_dogm128.o
                0x00001f10                u8g_dev_st7565_dogm128_fn
 .text.main     0x00002048       0xb4 .\ARM_GCC_493\Debug\main01.o
                0x00002048                main
 .text.Initialize
                0x000020fc       0x84 .\ARM_GCC_493\Debug\main01.o
                0x000020fc                Initialize
 .text.State_Machine
                0x00002180      0x164 .\ARM_GCC_493\Debug\state_machine.o
                0x00002180                State_Machine
 .text.State_Machine_Error_RP
                0x000022e4       0x84 .\ARM_GCC_493\Debug\state_machine.o
                0x000022e4                State_Machine_Error_RP
 .text.State_Machine_Error_NC
                0x00002368       0x84 .\ARM_GCC_493\Debug\state_machine.o
                0x00002368                State_Machine_Error_NC
 .text.State_Machine_Error_OC
                0x000023ec       0x84 .\ARM_GCC_493\Debug\state_machine.o
                0x000023ec                State_Machine_Error_OC
 .text.State_Machine_Error_OT
                0x00002470       0x84 .\ARM_GCC_493\Debug\state_machine.o
                0x00002470                State_Machine_Error_OT
 .text.State_Machine_Error_OV
                0x000024f4       0x84 .\ARM_GCC_493\Debug\state_machine.o
                0x000024f4                State_Machine_Error_OV
 .text.State_Machine_Home
                0x00002578       0xa0 .\ARM_GCC_493\Debug\state_machine.o
                0x00002578                State_Machine_Home
 .text.State_Machine_ConstantMode
                0x00002618      0x134 .\ARM_GCC_493\Debug\state_machine.o
                0x00002618                State_Machine_ConstantMode
 .text.State_Machine_ArbitraryMode
                0x0000274c       0xd4 .\ARM_GCC_493\Debug\state_machine.o
                0x0000274c                State_Machine_ArbitraryMode
 .text.State_Machine_SineWave
                0x00002820       0x64 .\ARM_GCC_493\Debug\state_machine.o
                0x00002820                State_Machine_SineWave
 .text.State_Machine_SquareWave
                0x00002884       0x64 .\ARM_GCC_493\Debug\state_machine.o
                0x00002884                State_Machine_SquareWave
 .text.State_Machine_SawWave
                0x000028e8       0x18 .\ARM_GCC_493\Debug\state_machine.o
                0x000028e8                State_Machine_SawWave
 .text.State_Machine_ConstantCurrent
                0x00002900      0x780 .\ARM_GCC_493\Debug\state_machine.o
                0x00002900                State_Machine_ConstantCurrent
 .text.State_Machine_ConstantPower
                0x00003080      0x6c0 .\ARM_GCC_493\Debug\state_machine.o
                0x00003080                State_Machine_ConstantPower
 .text.State_Machine_ConstantResistance
                0x00003740      0x6c0 .\ARM_GCC_493\Debug\state_machine.o
                0x00003740                State_Machine_ConstantResistance
 .text.State_Machine_Settings
                0x00003e00       0xd0 .\ARM_GCC_493\Debug\state_machine.o
                0x00003e00                State_Machine_Settings
 .text.State_Machine_BacklightSetting
                0x00003ed0       0x54 .\ARM_GCC_493\Debug\state_machine.o
                0x00003ed0                State_Machine_BacklightSetting
 .text.State_Machine_VolumeSetting
                0x00003f24       0x54 .\ARM_GCC_493\Debug\state_machine.o
                0x00003f24                State_Machine_VolumeSetting
 .text.State_Machine_Information
                0x00003f78       0x4c .\ARM_GCC_493\Debug\state_machine.o
                0x00003f78                State_Machine_Information
 .text.LCD_Draw
                0x00003fc4     0x144c .\ARM_GCC_493\Debug\LCD_Menu.o
                0x00003fc4                LCD_Draw
 .text.Buzzer_Shot
                0x00005410       0x2c .\ARM_GCC_493\Debug\global_variables.o
                0x00005410                Buzzer_Shot
 .text.Buzzer   0x0000543c       0x30 .\ARM_GCC_493\Debug\global_variables.o
                0x0000543c                Buzzer
 .text.Check_Input
                0x0000546c       0x5c .\ARM_GCC_493\Debug\global_variables.o
                0x0000546c                Check_Input
 .text.Get_Encoder
                0x000054c8       0x8c .\ARM_GCC_493\Debug\global_variables.o
                0x000054c8                Get_Encoder
 .text.Get_Encoder_Menu
                0x00005554       0xa0 .\ARM_GCC_493\Debug\global_variables.o
                0x00005554                Get_Encoder_Menu
 .text.Check_Buttons
                0x000055f4       0x68 .\ARM_GCC_493\Debug\global_variables.o
                0x000055f4                Check_Buttons
 .text.SetBacklight
                0x0000565c       0x50 .\ARM_GCC_493\Debug\global_variables.o
                0x0000565c                SetBacklight
 .text.SetVolume
                0x000056ac       0x50 .\ARM_GCC_493\Debug\global_variables.o
                0x000056ac                SetVolume
 .text.TempRead_FET
                0x000056fc       0x50 .\ARM_GCC_493\Debug\temp_manage.o
                0x000056fc                TempRead_FET
 .text.TempRead_DIE
                0x0000574c       0x34 .\ARM_GCC_493\Debug\temp_manage.o
                0x0000574c                TempRead_DIE
 .text.IntDefaultHandler
                0x00005780        0x8 .\ARM_GCC_493\Debug\Cm3Start.o
                0x00005780                IntDefaultHandler
 .text._sbrk    0x00005788       0x54 .\ARM_GCC_493\Debug\Cm3Start.o
                0x00005788                _sbrk
 .text.Start_c  0x000057dc       0x98 .\ARM_GCC_493\Debug\Cm3Start.o
                0x000057dc                Start_c
 .text.initialize_psoc
                0x00005874       0x90 .\ARM_GCC_493\Debug\Cm3Start.o
                0x00005874                initialize_psoc
 .text.CYMEMZERO
                0x00005904       0x1c .\ARM_GCC_493\Debug\Active_Load_v6.a(cyfitter_cfg.o)
 .text.CYCONFIGCPY
                0x00005920       0x1c .\ARM_GCC_493\Debug\Active_Load_v6.a(cyfitter_cfg.o)
 .text.CyClockStartupError
                0x0000593c        0xc .\ARM_GCC_493\Debug\Active_Load_v6.a(cyfitter_cfg.o)
 .text.cfg_write_bytes32
                0x00005948       0x74 .\ARM_GCC_493\Debug\Active_Load_v6.a(cyfitter_cfg.o)
 .text.ClockSetup
                0x000059bc      0x1d0 .\ARM_GCC_493\Debug\Active_Load_v6.a(cyfitter_cfg.o)
 .text.AnalogSetDefault
                0x00005b8c       0xf8 .\ARM_GCC_493\Debug\Active_Load_v6.a(cyfitter_cfg.o)
 .text.AMux_1_Set
                0x00005c84       0x6c .\ARM_GCC_493\Debug\Active_Load_v6.a(cyfitter_cfg.o)
                0x00005c84                AMux_1_Set
 .text.AMux_1_Unset
                0x00005cf0       0x74 .\ARM_GCC_493\Debug\Active_Load_v6.a(cyfitter_cfg.o)
                0x00005cf0                AMux_1_Unset
 .text.cyfitter_cfg
                0x00005d64      0x1dc .\ARM_GCC_493\Debug\Active_Load_v6.a(cyfitter_cfg.o)
                0x00005d64                cyfitter_cfg
 .text.PWM_1_Start
                0x00005f40       0x20 .\ARM_GCC_493\Debug\Active_Load_v6.a(PWM_1.o)
                0x00005f40                PWM_1_Start
 .text.PWM_1_Init
                0x00005f60       0x78 .\ARM_GCC_493\Debug\Active_Load_v6.a(PWM_1.o)
                0x00005f60                PWM_1_Init
 .text.PWM_1_Enable
                0x00005fd8       0x20 .\ARM_GCC_493\Debug\Active_Load_v6.a(PWM_1.o)
                0x00005fd8                PWM_1_Enable
 .text.PWM_1_WriteCounter
                0x00005ff8       0x20 .\ARM_GCC_493\Debug\Active_Load_v6.a(PWM_1.o)
                0x00005ff8                PWM_1_WriteCounter
 .text.PWM_1_ClearFIFO
                0x00006018       0x1c .\ARM_GCC_493\Debug\Active_Load_v6.a(PWM_1.o)
                0x00006018                PWM_1_ClearFIFO
 .text.PWM_1_WritePeriod
                0x00006034       0x20 .\ARM_GCC_493\Debug\Active_Load_v6.a(PWM_1.o)
                0x00006034                PWM_1_WritePeriod
 .text.PWM_1_WriteCompare
                0x00006054       0x20 .\ARM_GCC_493\Debug\Active_Load_v6.a(PWM_1.o)
                0x00006054                PWM_1_WriteCompare
 .text.PWM_1_SetInterruptMode
                0x00006074       0x20 .\ARM_GCC_493\Debug\Active_Load_v6.a(PWM_1.o)
                0x00006074                PWM_1_SetInterruptMode
 .text.PWM_1_ReadStatusRegister
                0x00006094       0x18 .\ARM_GCC_493\Debug\Active_Load_v6.a(PWM_1.o)
                0x00006094                PWM_1_ReadStatusRegister
 .text.PWM_1_ReadCapture
                0x000060ac       0x18 .\ARM_GCC_493\Debug\Active_Load_v6.a(PWM_1.o)
                0x000060ac                PWM_1_ReadCapture
 .text.QD_Init  0x000060c4        0xc .\ARM_GCC_493\Debug\Active_Load_v6.a(QD.o)
                0x000060c4                QD_Init
 .text.QD_Enable
                0x000060d0       0x3c .\ARM_GCC_493\Debug\Active_Load_v6.a(QD.o)
                0x000060d0                QD_Enable
 .text.QD_Start
                0x0000610c       0x2c .\ARM_GCC_493\Debug\Active_Load_v6.a(QD.o)
                0x0000610c                QD_Start
 .text.QD_GetCounter
                0x00006138       0x24 .\ARM_GCC_493\Debug\Active_Load_v6.a(QD.o)
                0x00006138                QD_GetCounter
 .text.QD_SetCounter
                0x0000615c       0x34 .\ARM_GCC_493\Debug\Active_Load_v6.a(QD.o)
                0x0000615c                QD_SetCounter
 .text.QD_GetEvents
                0x00006190       0x20 .\ARM_GCC_493\Debug\Active_Load_v6.a(QD.o)
                0x00006190                QD_GetEvents
 .text.QD_SetInterruptMask
                0x000061b0       0x20 .\ARM_GCC_493\Debug\Active_Load_v6.a(QD.o)
                0x000061b0                QD_SetInterruptMask
 .text.QD_Cnt16_Init
                0x000061d0       0x80 .\ARM_GCC_493\Debug\Active_Load_v6.a(QD_Cnt16.o)
                0x000061d0                QD_Cnt16_Init
 .text.QD_Cnt16_Enable
                0x00006250       0x20 .\ARM_GCC_493\Debug\Active_Load_v6.a(QD_Cnt16.o)
                0x00006250                QD_Cnt16_Enable
 .text.QD_Cnt16_Start
                0x00006270       0x20 .\ARM_GCC_493\Debug\Active_Load_v6.a(QD_Cnt16.o)
                0x00006270                QD_Cnt16_Start
 .text.QD_Cnt16_SetInterruptMode
                0x00006290       0x20 .\ARM_GCC_493\Debug\Active_Load_v6.a(QD_Cnt16.o)
                0x00006290                QD_Cnt16_SetInterruptMode
 .text.QD_Cnt16_ReadStatusRegister
                0x000062b0       0x18 .\ARM_GCC_493\Debug\Active_Load_v6.a(QD_Cnt16.o)
                0x000062b0                QD_Cnt16_ReadStatusRegister
 .text.QD_Cnt16_WriteCounter
                0x000062c8       0x20 .\ARM_GCC_493\Debug\Active_Load_v6.a(QD_Cnt16.o)
                0x000062c8                QD_Cnt16_WriteCounter
 .text.QD_Cnt16_ReadCounter
                0x000062e8       0x20 .\ARM_GCC_493\Debug\Active_Load_v6.a(QD_Cnt16.o)
                0x000062e8                QD_Cnt16_ReadCounter
 .text.QD_Cnt16_ReadCapture
                0x00006308       0x18 .\ARM_GCC_493\Debug\Active_Load_v6.a(QD_Cnt16.o)
                0x00006308                QD_Cnt16_ReadCapture
 .text.QD_Cnt16_WritePeriod
                0x00006320       0x20 .\ARM_GCC_493\Debug\Active_Load_v6.a(QD_Cnt16.o)
                0x00006320                QD_Cnt16_WritePeriod
 .text.QD_Cnt16_WriteCompare
                0x00006340       0x20 .\ARM_GCC_493\Debug\Active_Load_v6.a(QD_Cnt16.o)
                0x00006340                QD_Cnt16_WriteCompare
 .text.QD_Cnt16_ClearFIFO
                0x00006360       0x1c .\ARM_GCC_493\Debug\Active_Load_v6.a(QD_Cnt16.o)
                0x00006360                QD_Cnt16_ClearFIFO
 *fill*         0x0000637c        0x4 
 .text          0x00006380       0x58 .\ARM_GCC_493\Debug\Active_Load_v6.a(CyBootAsmGnu.o)
                0x00006380                CyDelayCycles
                0x000063be                CyEnterCriticalSection
                0x000063c6                CyExitCriticalSection
 .text.CyDmacConfigure
                0x000063d8       0x5c .\ARM_GCC_493\Debug\Active_Load_v6.a(CyDmac.o)
                0x000063d8                CyDmacConfigure
 .text.CyDmaChEnable
                0x00006434       0x8c .\ARM_GCC_493\Debug\Active_Load_v6.a(CyDmac.o)
                0x00006434                CyDmaChEnable
 .text.CyDmaChPriority
                0x000064c0       0x60 .\ARM_GCC_493\Debug\Active_Load_v6.a(CyDmac.o)
                0x000064c0                CyDmaChPriority
 .text.CyDmaChSetExtendedAddress
                0x00006520       0x7c .\ARM_GCC_493\Debug\Active_Load_v6.a(CyDmac.o)
                0x00006520                CyDmaChSetExtendedAddress
 .text.CyDmaChSetInitialTd
                0x0000659c       0x3c .\ARM_GCC_493\Debug\Active_Load_v6.a(CyDmac.o)
                0x0000659c                CyDmaChSetInitialTd
 .text.CyDmaChSetConfiguration
                0x000065d8       0xa0 .\ARM_GCC_493\Debug\Active_Load_v6.a(CyDmac.o)
                0x000065d8                CyDmaChSetConfiguration
 .text.CyDmaTdAllocate
                0x00006678       0x5c .\ARM_GCC_493\Debug\Active_Load_v6.a(CyDmac.o)
                0x00006678                CyDmaTdAllocate
 .text.CyDmaTdSetConfiguration
                0x000066d4       0x80 .\ARM_GCC_493\Debug\Active_Load_v6.a(CyDmac.o)
                0x000066d4                CyDmaTdSetConfiguration
 .text.CyDmaTdSetAddress
                0x00006754       0x5c .\ARM_GCC_493\Debug\Active_Load_v6.a(CyDmac.o)
                0x00006754                CyDmaTdSetAddress
 .text.CyHalt   0x000067b0       0x18 .\ARM_GCC_493\Debug\Active_Load_v6.a(CyLib.o)
                0x000067b0                CyHalt
 .text.CyDelay  0x000067c8       0x44 .\ARM_GCC_493\Debug\Active_Load_v6.a(CyLib.o)
                0x000067c8                CyDelay
 .text.CyDelayUs
                0x0000680c       0x24 .\ARM_GCC_493\Debug\Active_Load_v6.a(CyLib.o)
                0x0000680c                CyDelayUs
 .text.CyIntSetVector
                0x00006830       0x50 .\ARM_GCC_493\Debug\Active_Load_v6.a(CyLib.o)
                0x00006830                CyIntSetVector
 .text.CyIntSetPriority
                0x00006880       0x44 .\ARM_GCC_493\Debug\Active_Load_v6.a(CyLib.o)
                0x00006880                CyIntSetPriority
 .text.WaveDAC8_1_Init
                0x000068c4       0x54 .\ARM_GCC_493\Debug\Active_Load_v6.a(WaveDAC8_1.o)
                0x000068c4                WaveDAC8_1_Init
 .text.WaveDAC8_1_Enable
                0x00006918       0x34 .\ARM_GCC_493\Debug\Active_Load_v6.a(WaveDAC8_1.o)
                0x00006918                WaveDAC8_1_Enable
 .text.WaveDAC8_1_Start
                0x0000694c       0x20 .\ARM_GCC_493\Debug\Active_Load_v6.a(WaveDAC8_1.o)
                0x0000694c                WaveDAC8_1_Start
 .text.WaveDAC8_1_Wave1Setup
                0x0000696c       0x70 .\ARM_GCC_493\Debug\Active_Load_v6.a(WaveDAC8_1.o)
                0x0000696c                WaveDAC8_1_Wave1Setup
 .text.WaveDAC8_1_Wave2Setup
                0x000069dc       0x70 .\ARM_GCC_493\Debug\Active_Load_v6.a(WaveDAC8_1.o)
                0x000069dc                WaveDAC8_1_Wave2Setup
 .text.WaveDAC8_1_Wave1_DMA_DmaInitialize
                0x00006a4c       0x68 .\ARM_GCC_493\Debug\Active_Load_v6.a(WaveDAC8_1_Wave1_DMA_dma.o)
                0x00006a4c                WaveDAC8_1_Wave1_DMA_DmaInitialize
 .text.WaveDAC8_1_Wave2_DMA_DmaInitialize
                0x00006ab4       0x68 .\ARM_GCC_493\Debug\Active_Load_v6.a(WaveDAC8_1_Wave2_DMA_dma.o)
                0x00006ab4                WaveDAC8_1_Wave2_DMA_DmaInitialize
 .text.WaveDAC8_1_VDAC8_Init
                0x00006b1c       0x3c .\ARM_GCC_493\Debug\Active_Load_v6.a(WaveDAC8_1_VDAC8.o)
                0x00006b1c                WaveDAC8_1_VDAC8_Init
 .text.WaveDAC8_1_VDAC8_Enable
                0x00006b58       0x34 .\ARM_GCC_493\Debug\Active_Load_v6.a(WaveDAC8_1_VDAC8.o)
                0x00006b58                WaveDAC8_1_VDAC8_Enable
 .text.WaveDAC8_1_VDAC8_SetSpeed
                0x00006b8c       0x40 .\ARM_GCC_493\Debug\Active_Load_v6.a(WaveDAC8_1_VDAC8.o)
                0x00006b8c                WaveDAC8_1_VDAC8_SetSpeed
 .text.WaveDAC8_1_VDAC8_SetRange
                0x00006bcc       0x40 .\ARM_GCC_493\Debug\Active_Load_v6.a(WaveDAC8_1_VDAC8.o)
                0x00006bcc                WaveDAC8_1_VDAC8_SetRange
 .text.WaveDAC8_1_VDAC8_SetValue
                0x00006c0c       0x20 .\ARM_GCC_493\Debug\Active_Load_v6.a(WaveDAC8_1_VDAC8.o)
                0x00006c0c                WaveDAC8_1_VDAC8_SetValue
 .text.WaveDAC8_1_VDAC8_DacTrim
                0x00006c2c       0x3c .\ARM_GCC_493\Debug\Active_Load_v6.a(WaveDAC8_1_VDAC8.o)
                0x00006c2c                WaveDAC8_1_VDAC8_DacTrim
 .text.Clock_QD_1_Start
                0x00006c68       0x34 .\ARM_GCC_493\Debug\Active_Load_v6.a(Clock_QD_1.o)
                0x00006c68                Clock_QD_1_Start
 .text.WaveDAC8_1_BuffAmp_Init
                0x00006c9c        0xc .\ARM_GCC_493\Debug\Active_Load_v6.a(WaveDAC8_1_BuffAmp.o)
                0x00006c9c                WaveDAC8_1_BuffAmp_Init
 .text.WaveDAC8_1_BuffAmp_Enable
                0x00006ca8       0x48 .\ARM_GCC_493\Debug\Active_Load_v6.a(WaveDAC8_1_BuffAmp.o)
                0x00006ca8                WaveDAC8_1_BuffAmp_Enable
 .text.WaveDAC8_1_BuffAmp_SetPower
                0x00006cf0       0x40 .\ARM_GCC_493\Debug\Active_Load_v6.a(WaveDAC8_1_BuffAmp.o)
                0x00006cf0                WaveDAC8_1_BuffAmp_SetPower
 .text.AMux_1_Start
                0x00006d30       0x30 .\ARM_GCC_493\Debug\Active_Load_v6.a(AMux_1.o)
                0x00006d30                AMux_1_Start
 .text.AMux_1_Select
                0x00006d60       0x28 .\ARM_GCC_493\Debug\Active_Load_v6.a(AMux_1.o)
                0x00006d60                AMux_1_Select
 .text.DieTemp_Start
                0x00006d88       0x40 .\ARM_GCC_493\Debug\Active_Load_v6.a(DieTemp.o)
                0x00006d88                DieTemp_Start
 .text.DieTemp_Query
                0x00006dc8       0x84 .\ARM_GCC_493\Debug\Active_Load_v6.a(DieTemp.o)
                0x00006dc8                DieTemp_Query
 .text.DieTemp_GetTempT
                0x00006e4c       0x60 .\ARM_GCC_493\Debug\Active_Load_v6.a(DieTemp.o)
 .text.DieTemp_GetTemp
                0x00006eac       0x34 .\ARM_GCC_493\Debug\Active_Load_v6.a(DieTemp.o)
                0x00006eac                DieTemp_GetTemp
 .text.Button1_Reg_Read
                0x00006ee0       0x18 .\ARM_GCC_493\Debug\Active_Load_v6.a(Button1_Reg.o)
                0x00006ee0                Button1_Reg_Read
 .text.Button2_Reg_Read
                0x00006ef8       0x18 .\ARM_GCC_493\Debug\Active_Load_v6.a(Button2_Reg.o)
                0x00006ef8                Button2_Reg_Read
 .text.Button3_Reg_Read
                0x00006f10       0x18 .\ARM_GCC_493\Debug\Active_Load_v6.a(Button3_Reg.o)
                0x00006f10                Button3_Reg_Read
 .text.Button4_Reg_Read
                0x00006f28       0x18 .\ARM_GCC_493\Debug\Active_Load_v6.a(Button4_Reg.o)
                0x00006f28                Button4_Reg_Read
 .text.Push_Reg_Read
                0x00006f40       0x18 .\ARM_GCC_493\Debug\Active_Load_v6.a(Push_Reg.o)
                0x00006f40                Push_Reg_Read
 .text.ADC_SAR_1_Start
                0x00006f58       0x20 .\ARM_GCC_493\Debug\Active_Load_v6.a(ADC_SAR_1.o)
                0x00006f58                ADC_SAR_1_Start
 .text.ADC_SAR_1_Init
                0x00006f78       0x40 .\ARM_GCC_493\Debug\Active_Load_v6.a(ADC_SAR_1.o)
                0x00006f78                ADC_SAR_1_Init
 .text.ADC_SAR_1_Enable
                0x00006fb8       0xcc .\ARM_GCC_493\Debug\Active_Load_v6.a(ADC_SAR_1.o)
                0x00006fb8                ADC_SAR_1_Enable
 .text.ADC_SAR_1_SetResolution
                0x00007084       0x50 .\ARM_GCC_493\Debug\Active_Load_v6.a(ADC_SAR_1.o)
                0x00007084                ADC_SAR_1_SetResolution
 .text.ADC_SAR_1_StartConvert
                0x000070d4       0x20 .\ARM_GCC_493\Debug\Active_Load_v6.a(ADC_SAR_1.o)
                0x000070d4                ADC_SAR_1_StartConvert
 .text.ADC_SAR_1_GetResult16
                0x000070f4       0x34 .\ARM_GCC_493\Debug\Active_Load_v6.a(ADC_SAR_1.o)
                0x000070f4                ADC_SAR_1_GetResult16
 .text.ADC_SAR_1_CalcGain
                0x00007128       0x7c .\ARM_GCC_493\Debug\Active_Load_v6.a(ADC_SAR_1.o)
 .text.ADC_SAR_1_CountsTo_Volts
                0x000071a4       0x84 .\ARM_GCC_493\Debug\Active_Load_v6.a(ADC_SAR_1.o)
                0x000071a4                ADC_SAR_1_CountsTo_Volts
 .text.ADC_SAR_1_ISR
                0x00007228        0xc .\ARM_GCC_493\Debug\Active_Load_v6.a(ADC_SAR_1_INT.o)
                0x00007228                ADC_SAR_1_ISR
 .text.ADC_SAR_2_Start
                0x00007234       0x20 .\ARM_GCC_493\Debug\Active_Load_v6.a(ADC_SAR_2.o)
                0x00007234                ADC_SAR_2_Start
 .text.ADC_SAR_2_Init
                0x00007254       0x40 .\ARM_GCC_493\Debug\Active_Load_v6.a(ADC_SAR_2.o)
                0x00007254                ADC_SAR_2_Init
 .text.ADC_SAR_2_Enable
                0x00007294       0xcc .\ARM_GCC_493\Debug\Active_Load_v6.a(ADC_SAR_2.o)
                0x00007294                ADC_SAR_2_Enable
 .text.ADC_SAR_2_SetResolution
                0x00007360       0x50 .\ARM_GCC_493\Debug\Active_Load_v6.a(ADC_SAR_2.o)
                0x00007360                ADC_SAR_2_SetResolution
 .text.ADC_SAR_2_StartConvert
                0x000073b0       0x20 .\ARM_GCC_493\Debug\Active_Load_v6.a(ADC_SAR_2.o)
                0x000073b0                ADC_SAR_2_StartConvert
 .text.ADC_SAR_2_GetResult16
                0x000073d0       0x34 .\ARM_GCC_493\Debug\Active_Load_v6.a(ADC_SAR_2.o)
                0x000073d0                ADC_SAR_2_GetResult16
 .text.ADC_SAR_2_CalcGain
                0x00007404       0x7c .\ARM_GCC_493\Debug\Active_Load_v6.a(ADC_SAR_2.o)
 .text.ADC_SAR_2_CountsTo_Volts
                0x00007480       0x84 .\ARM_GCC_493\Debug\Active_Load_v6.a(ADC_SAR_2.o)
                0x00007480                ADC_SAR_2_CountsTo_Volts
 .text.ADC_SAR_2_ISR
                0x00007504        0xc .\ARM_GCC_493\Debug\Active_Load_v6.a(ADC_SAR_2_INT.o)
                0x00007504                ADC_SAR_2_ISR
 .text.I2C_Init
                0x00007510       0x80 .\ARM_GCC_493\Debug\Active_Load_v6.a(I2C.o)
                0x00007510                I2C_Init
 .text.I2C_Enable
                0x00007590       0x44 .\ARM_GCC_493\Debug\Active_Load_v6.a(I2C.o)
                0x00007590                I2C_Enable
 .text.I2C_Start
                0x000075d4       0x2c .\ARM_GCC_493\Debug\Active_Load_v6.a(I2C.o)
                0x000075d4                I2C_Start
 .text.I2C_ISR  0x00007600      0x3ac .\ARM_GCC_493\Debug\Active_Load_v6.a(I2C_INT.o)
                0x00007600                I2C_ISR
 .text.I2C_MasterSendStart
                0x000079ac       0xbc .\ARM_GCC_493\Debug\Active_Load_v6.a(I2C_MASTER.o)
                0x000079ac                I2C_MasterSendStart
 .text.I2C_MasterSendStop
                0x00007a68       0x58 .\ARM_GCC_493\Debug\Active_Load_v6.a(I2C_MASTER.o)
                0x00007a68                I2C_MasterSendStop
 .text.I2C_MasterReadByte
                0x00007ac0       0x7c .\ARM_GCC_493\Debug\Active_Load_v6.a(I2C_MASTER.o)
                0x00007ac0                I2C_MasterReadByte
 .text.Wave_Reg_Write
                0x00007b3c       0x20 .\ARM_GCC_493\Debug\Active_Load_v6.a(Wave_Reg.o)
                0x00007b3c                Wave_Reg_Write
 .text.Clock_QD_2_Start
                0x00007b5c       0x34 .\ARM_GCC_493\Debug\Active_Load_v6.a(Clock_QD_2.o)
                0x00007b5c                Clock_QD_2_Start
 .text.PWM_Buzz_Start
                0x00007b90       0x20 .\ARM_GCC_493\Debug\Active_Load_v6.a(PWM_Buzz.o)
                0x00007b90                PWM_Buzz_Start
 .text.PWM_Buzz_Init
                0x00007bb0       0x60 .\ARM_GCC_493\Debug\Active_Load_v6.a(PWM_Buzz.o)
                0x00007bb0                PWM_Buzz_Init
 .text.PWM_Buzz_Enable
                0x00007c10        0xc .\ARM_GCC_493\Debug\Active_Load_v6.a(PWM_Buzz.o)
                0x00007c10                PWM_Buzz_Enable
 .text.PWM_Buzz_Stop
                0x00007c1c        0xc .\ARM_GCC_493\Debug\Active_Load_v6.a(PWM_Buzz.o)
                0x00007c1c                PWM_Buzz_Stop
 .text.PWM_Buzz_WriteCounter
                0x00007c28       0x20 .\ARM_GCC_493\Debug\Active_Load_v6.a(PWM_Buzz.o)
                0x00007c28                PWM_Buzz_WriteCounter
 .text.PWM_Buzz_ClearFIFO
                0x00007c48       0x1c .\ARM_GCC_493\Debug\Active_Load_v6.a(PWM_Buzz.o)
                0x00007c48                PWM_Buzz_ClearFIFO
 .text.PWM_Buzz_WritePeriod
                0x00007c64       0x20 .\ARM_GCC_493\Debug\Active_Load_v6.a(PWM_Buzz.o)
                0x00007c64                PWM_Buzz_WritePeriod
 .text.PWM_Buzz_WriteCompare
                0x00007c84       0x20 .\ARM_GCC_493\Debug\Active_Load_v6.a(PWM_Buzz.o)
                0x00007c84                PWM_Buzz_WriteCompare
 .text.PWM_Buzz_SetInterruptMode
                0x00007ca4       0x20 .\ARM_GCC_493\Debug\Active_Load_v6.a(PWM_Buzz.o)
                0x00007ca4                PWM_Buzz_SetInterruptMode
 .text.PWM_Buzz_ReadStatusRegister
                0x00007cc4       0x18 .\ARM_GCC_493\Debug\Active_Load_v6.a(PWM_Buzz.o)
                0x00007cc4                PWM_Buzz_ReadStatusRegister
 .text.PWM_Buzz_ReadCapture
                0x00007cdc       0x18 .\ARM_GCC_493\Debug\Active_Load_v6.a(PWM_Buzz.o)
                0x00007cdc                PWM_Buzz_ReadCapture
 .text.SPIM_Init
                0x00007cf4       0x30 .\ARM_GCC_493\Debug\Active_Load_v6.a(SPIM.o)
                0x00007cf4                SPIM_Init
 .text.SPIM_Enable
                0x00007d24       0x64 .\ARM_GCC_493\Debug\Active_Load_v6.a(SPIM.o)
                0x00007d24                SPIM_Enable
 .text.SPIM_Start
                0x00007d88       0x20 .\ARM_GCC_493\Debug\Active_Load_v6.a(SPIM.o)
                0x00007d88                SPIM_Start
 .text.SPIM_EnableTxInt
                0x00007da8        0xc .\ARM_GCC_493\Debug\Active_Load_v6.a(SPIM.o)
                0x00007da8                SPIM_EnableTxInt
 .text.SPIM_EnableRxInt
                0x00007db4        0xc .\ARM_GCC_493\Debug\Active_Load_v6.a(SPIM.o)
                0x00007db4                SPIM_EnableRxInt
 .text.SPIM_ReadTxStatus
                0x00007dc0       0x20 .\ARM_GCC_493\Debug\Active_Load_v6.a(SPIM.o)
                0x00007dc0                SPIM_ReadTxStatus
 .text.SPIM_ReadRxStatus
                0x00007de0       0x20 .\ARM_GCC_493\Debug\Active_Load_v6.a(SPIM.o)
                0x00007de0                SPIM_ReadRxStatus
 .text.SPIM_WriteTxData
                0x00007e00       0x34 .\ARM_GCC_493\Debug\Active_Load_v6.a(SPIM.o)
                0x00007e00                SPIM_WriteTxData
 .text.SPIM_ClearFIFO
                0x00007e34       0x5c .\ARM_GCC_493\Debug\Active_Load_v6.a(SPIM.o)
                0x00007e34                SPIM_ClearFIFO
 .text.SPIM_IntClock_Start
                0x00007e90       0x34 .\ARM_GCC_493\Debug\Active_Load_v6.a(SPIM_IntClock.o)
                0x00007e90                SPIM_IntClock_Start
 .text.LCD_RESET_Write
                0x00007ec4       0x3c .\ARM_GCC_493\Debug\Active_Load_v6.a(LCD_RESET.o)
                0x00007ec4                LCD_RESET_Write
 .text.LCD_A0_Write
                0x00007f00       0x3c .\ARM_GCC_493\Debug\Active_Load_v6.a(LCD_A0.o)
                0x00007f00                LCD_A0_Write
 .text.LCD_CS_Write
                0x00007f3c       0x38 .\ARM_GCC_493\Debug\Active_Load_v6.a(LCD_CS.o)
                0x00007f3c                LCD_CS_Write
 .text.PWM_Back_Start
                0x00007f74       0x20 .\ARM_GCC_493\Debug\Active_Load_v6.a(PWM_Back.o)
                0x00007f74                PWM_Back_Start
 .text.PWM_Back_Init
                0x00007f94       0x78 .\ARM_GCC_493\Debug\Active_Load_v6.a(PWM_Back.o)
                0x00007f94                PWM_Back_Init
 .text.PWM_Back_Enable
                0x0000800c       0x20 .\ARM_GCC_493\Debug\Active_Load_v6.a(PWM_Back.o)
                0x0000800c                PWM_Back_Enable
 .text.PWM_Back_WriteCounter
                0x0000802c       0x20 .\ARM_GCC_493\Debug\Active_Load_v6.a(PWM_Back.o)
                0x0000802c                PWM_Back_WriteCounter
 .text.PWM_Back_ClearFIFO
                0x0000804c       0x1c .\ARM_GCC_493\Debug\Active_Load_v6.a(PWM_Back.o)
                0x0000804c                PWM_Back_ClearFIFO
 .text.PWM_Back_WritePeriod
                0x00008068       0x20 .\ARM_GCC_493\Debug\Active_Load_v6.a(PWM_Back.o)
                0x00008068                PWM_Back_WritePeriod
 .text.PWM_Back_WriteCompare
                0x00008088       0x20 .\ARM_GCC_493\Debug\Active_Load_v6.a(PWM_Back.o)
                0x00008088                PWM_Back_WriteCompare
 .text.PWM_Back_SetInterruptMode
                0x000080a8       0x20 .\ARM_GCC_493\Debug\Active_Load_v6.a(PWM_Back.o)
                0x000080a8                PWM_Back_SetInterruptMode
 .text.PWM_Back_ReadStatusRegister
                0x000080c8       0x18 .\ARM_GCC_493\Debug\Active_Load_v6.a(PWM_Back.o)
                0x000080c8                PWM_Back_ReadStatusRegister
 .text.PWM_Back_ReadCapture
                0x000080e0       0x18 .\ARM_GCC_493\Debug\Active_Load_v6.a(PWM_Back.o)
                0x000080e0                PWM_Back_ReadCapture
 .text.Button5_Reg_Read
                0x000080f8       0x18 .\ARM_GCC_493\Debug\Active_Load_v6.a(Button5_Reg.o)
                0x000080f8                Button5_Reg_Read
 .text.Button6_Reg_Read
                0x00008110       0x18 .\ARM_GCC_493\Debug\Active_Load_v6.a(Button6_Reg.o)
                0x00008110                Button6_Reg_Read
 .text.RELAY_Write
                0x00008128       0x3c .\ARM_GCC_493\Debug\Active_Load_v6.a(RELAY.o)
                0x00008128                RELAY_Write
 .text.REV_POLARITY_Read
                0x00008164       0x20 .\ARM_GCC_493\Debug\Active_Load_v6.a(REV_POLARITY.o)
                0x00008164                REV_POLARITY_Read
 .text.INPUT_OK_Read
                0x00008184       0x20 .\ARM_GCC_493\Debug\Active_Load_v6.a(INPUT_OK.o)
                0x00008184                INPUT_OK_Read
 .text.Clock_QD_4_Start
                0x000081a4       0x34 .\ARM_GCC_493\Debug\Active_Load_v6.a(Clock_QD_4.o)
                0x000081a4                Clock_QD_4_Start
 .text.DVDAC8_1_Init
                0x000081d8       0x1c .\ARM_GCC_493\Debug\Active_Load_v6.a(DVDAC8_1.o)
                0x000081d8                DVDAC8_1_Init
 .text.DVDAC8_1_Enable
                0x000081f4       0x1c .\ARM_GCC_493\Debug\Active_Load_v6.a(DVDAC8_1.o)
                0x000081f4                DVDAC8_1_Enable
 .text.DVDAC8_1_Start
                0x00008210       0x20 .\ARM_GCC_493\Debug\Active_Load_v6.a(DVDAC8_1.o)
                0x00008210                DVDAC8_1_Start
 .text.DVDAC8_1_SetValue
                0x00008230       0x8c .\ARM_GCC_493\Debug\Active_Load_v6.a(DVDAC8_1.o)
                0x00008230                DVDAC8_1_SetValue
 .text.DVDAC8_1_InitDma
                0x000082bc       0x70 .\ARM_GCC_493\Debug\Active_Load_v6.a(DVDAC8_1.o)
 .text.DVDAC8_1_DMA_DmaInitialize
                0x0000832c       0x68 .\ARM_GCC_493\Debug\Active_Load_v6.a(DVDAC8_1_DMA_dma.o)
                0x0000832c                DVDAC8_1_DMA_DmaInitialize
 .text.DVDAC8_1_VDAC8_Init
                0x00008394       0x3c .\ARM_GCC_493\Debug\Active_Load_v6.a(DVDAC8_1_VDAC8.o)
                0x00008394                DVDAC8_1_VDAC8_Init
 .text.DVDAC8_1_VDAC8_Enable
                0x000083d0       0x34 .\ARM_GCC_493\Debug\Active_Load_v6.a(DVDAC8_1_VDAC8.o)
                0x000083d0                DVDAC8_1_VDAC8_Enable
 .text.DVDAC8_1_VDAC8_SetSpeed
                0x00008404       0x40 .\ARM_GCC_493\Debug\Active_Load_v6.a(DVDAC8_1_VDAC8.o)
                0x00008404                DVDAC8_1_VDAC8_SetSpeed
 .text.DVDAC8_1_VDAC8_SetRange
                0x00008444       0x40 .\ARM_GCC_493\Debug\Active_Load_v6.a(DVDAC8_1_VDAC8.o)
                0x00008444                DVDAC8_1_VDAC8_SetRange
 .text.DVDAC8_1_VDAC8_DacTrim
                0x00008484       0x3c .\ARM_GCC_493\Debug\Active_Load_v6.a(DVDAC8_1_VDAC8.o)
                0x00008484                DVDAC8_1_VDAC8_DacTrim
 .text.Counter_Buzz_Init
                0x000084c0       0x84 .\ARM_GCC_493\Debug\Active_Load_v6.a(Counter_Buzz.o)
                0x000084c0                Counter_Buzz_Init
 .text.Counter_Buzz_Enable
                0x00008544       0x20 .\ARM_GCC_493\Debug\Active_Load_v6.a(Counter_Buzz.o)
                0x00008544                Counter_Buzz_Enable
 .text.Counter_Buzz_Start
                0x00008564       0x20 .\ARM_GCC_493\Debug\Active_Load_v6.a(Counter_Buzz.o)
                0x00008564                Counter_Buzz_Start
 .text.Counter_Buzz_SetInterruptMode
                0x00008584       0x20 .\ARM_GCC_493\Debug\Active_Load_v6.a(Counter_Buzz.o)
                0x00008584                Counter_Buzz_SetInterruptMode
 .text.Counter_Buzz_ReadStatusRegister
                0x000085a4       0x18 .\ARM_GCC_493\Debug\Active_Load_v6.a(Counter_Buzz.o)
                0x000085a4                Counter_Buzz_ReadStatusRegister
 .text.Counter_Buzz_WriteCounter
                0x000085bc       0x1c .\ARM_GCC_493\Debug\Active_Load_v6.a(Counter_Buzz.o)
                0x000085bc                Counter_Buzz_WriteCounter
 .text.Counter_Buzz_ReadCapture
                0x000085d8       0x18 .\ARM_GCC_493\Debug\Active_Load_v6.a(Counter_Buzz.o)
                0x000085d8                Counter_Buzz_ReadCapture
 .text.Counter_Buzz_WritePeriod
                0x000085f0       0x1c .\ARM_GCC_493\Debug\Active_Load_v6.a(Counter_Buzz.o)
                0x000085f0                Counter_Buzz_WritePeriod
 .text.Counter_Buzz_WriteCompare
                0x0000860c       0x1c .\ARM_GCC_493\Debug\Active_Load_v6.a(Counter_Buzz.o)
                0x0000860c                Counter_Buzz_WriteCompare
 .text.Counter_Buzz_ClearFIFO
                0x00008628       0x1c .\ARM_GCC_493\Debug\Active_Load_v6.a(Counter_Buzz.o)
                0x00008628                Counter_Buzz_ClearFIFO
 .text.CySpcStart
                0x00008644       0x44 .\ARM_GCC_493\Debug\Active_Load_v6.a(CySpc.o)
                0x00008644                CySpcStart
 .text.CySpcReadData
                0x00008688       0x58 .\ARM_GCC_493\Debug\Active_Load_v6.a(CySpc.o)
                0x00008688                CySpcReadData
 .text.CySpcGetTemp
                0x000086e0       0x64 .\ARM_GCC_493\Debug\Active_Load_v6.a(CySpc.o)
                0x000086e0                CySpcGetTemp
 .text.CySpcLock
                0x00008744       0x68 .\ARM_GCC_493\Debug\Active_Load_v6.a(CySpc.o)
                0x00008744                CySpcLock
 .text.CySpcUnlock
                0x000087ac       0x50 .\ARM_GCC_493\Debug\Active_Load_v6.a(CySpc.o)
                0x000087ac                CySpcUnlock
 .text          0x000087fc      0x370 c:/program files (x86)/cypress/psoc creator/3.3/psoc creator/import/gnu/arm/4.9.3/bin/../lib/gcc/arm-none-eabi/4.9.3/armv7-m\libgcc.a(_arm_addsubdf3.o)
                0x000087fc                __aeabi_drsub
                0x00008804                __aeabi_dsub
                0x00008804                __subdf3
                0x00008808                __aeabi_dadd
                0x00008808                __adddf3
                0x00008a80                __floatunsidf
                0x00008a80                __aeabi_ui2d
                0x00008aa0                __floatsidf
                0x00008aa0                __aeabi_i2d
                0x00008ac4                __aeabi_f2d
                0x00008ac4                __extendsfdf2
                0x00008b00                __floatundidf
                0x00008b00                __aeabi_ul2d
                0x00008b10                __floatdidf
                0x00008b10                __aeabi_l2d
 .text          0x00008b6c      0x110 c:/program files (x86)/cypress/psoc creator/3.3/psoc creator/import/gnu/arm/4.9.3/bin/../lib/gcc/arm-none-eabi/4.9.3/armv7-m\libgcc.a(_arm_cmpdf2.o)
                0x00008b6c                __gtdf2
                0x00008b6c                __gedf2
                0x00008b74                __ltdf2
                0x00008b74                __ledf2
                0x00008b7c                __nedf2
                0x00008b7c                __eqdf2
                0x00008b7c                __cmpdf2
                0x00008bf8                __aeabi_cdrcmple
                0x00008c08                __aeabi_cdcmpeq
                0x00008c08                __aeabi_cdcmple
                0x00008c18                __aeabi_dcmpeq
                0x00008c2c                __aeabi_dcmplt
                0x00008c40                __aeabi_dcmple
                0x00008c54                __aeabi_dcmpge
                0x00008c68                __aeabi_dcmpgt
 .text          0x00008c7c       0xa0 c:/program files (x86)/cypress/psoc creator/3.3/psoc creator/import/gnu/arm/4.9.3/bin/../lib/gcc/arm-none-eabi/4.9.3/armv7-m\libgcc.a(_arm_truncdfsf2.o)
                0x00008c7c                __truncdfsf2
                0x00008c7c                __aeabi_d2f
 .text          0x00008d1c      0x21c c:/program files (x86)/cypress/psoc creator/3.3/psoc creator/import/gnu/arm/4.9.3/bin/../lib/gcc/arm-none-eabi/4.9.3/armv7-m\libgcc.a(_arm_addsubsf3.o)
                0x00008d1c                __aeabi_frsub
                0x00008d24                __subsf3
                0x00008d24                __aeabi_fsub
                0x00008d28                __aeabi_fadd
                0x00008d28                __addsf3
                0x00008e88                __aeabi_ui2f
                0x00008e88                __floatunsisf
                0x00008e90                __aeabi_i2f
                0x00008e90                __floatsisf
                0x00008eac                __aeabi_ul2f
                0x00008eac                __floatundisf
                0x00008ebc                __aeabi_l2f
                0x00008ebc                __floatdisf
 .text          0x00008f38      0x2a0 c:/program files (x86)/cypress/psoc creator/3.3/psoc creator/import/gnu/arm/4.9.3/bin/../lib/gcc/arm-none-eabi/4.9.3/armv7-m\libgcc.a(_arm_muldivsf3.o)
                0x00008f38                __mulsf3
                0x00008f38                __aeabi_fmul
                0x000090a0                __aeabi_fdiv
                0x000090a0                __divsf3
 .text          0x000091d8       0xec c:/program files (x86)/cypress/psoc creator/3.3/psoc creator/import/gnu/arm/4.9.3/bin/../lib/gcc/arm-none-eabi/4.9.3/armv7-m\libgcc.a(_arm_cmpsf2.o)
                0x000091d8                __gesf2
                0x000091d8                __gtsf2
                0x000091e0                __lesf2
                0x000091e0                __ltsf2
                0x000091e8                __nesf2
                0x000091e8                __eqsf2
                0x000091e8                __cmpsf2
                0x00009248                __aeabi_cfrcmple
                0x00009250                __aeabi_cfcmpeq
                0x00009250                __aeabi_cfcmple
                0x00009260                __aeabi_fcmpeq
                0x00009274                __aeabi_fcmplt
                0x00009288                __aeabi_fcmple
                0x0000929c                __aeabi_fcmpge
                0x000092b0                __aeabi_fcmpgt
 .text.__errno  0x000092c4        0xc c:/program files (x86)/cypress/psoc creator/3.3/psoc creator/import/gnu/arm/4.9.3/bin/../lib/gcc/arm-none-eabi/4.9.3/../../../../arm-none-eabi/lib/armv7-m\libg_nano.a(lib_a-errno.o)
                0x000092c4                __errno
 .text.__libc_init_array
                0x000092d0       0x4c c:/program files (x86)/cypress/psoc creator/3.3/psoc creator/import/gnu/arm/4.9.3/bin/../lib/gcc/arm-none-eabi/4.9.3/../../../../arm-none-eabi/lib/armv7-m\libg_nano.a(lib_a-init.o)
                0x000092d0                __libc_init_array
 .text.memcpy   0x0000931c       0x16 c:/program files (x86)/cypress/psoc creator/3.3/psoc creator/import/gnu/arm/4.9.3/bin/../lib/gcc/arm-none-eabi/4.9.3/../../../../arm-none-eabi/lib/armv7-m\libg_nano.a(lib_a-memcpy.o)
                0x0000931c                memcpy
 .text.memset   0x00009332       0x10 c:/program files (x86)/cypress/psoc creator/3.3/psoc creator/import/gnu/arm/4.9.3/bin/../lib/gcc/arm-none-eabi/4.9.3/../../../../arm-none-eabi/lib/armv7-m\libg_nano.a(lib_a-memset.o)
                0x00009332                memset
 .text.__cvt    0x00009342       0xbc c:/program files (x86)/cypress/psoc creator/3.3/psoc creator/import/gnu/arm/4.9.3/bin/../lib/gcc/arm-none-eabi/4.9.3/../../../../arm-none-eabi/lib/armv7-m\libg_nano.a(lib_a-nano-vfprintf_float.o)
                0x00009342                __cvt
 .text.__exponent
                0x000093fe       0x62 c:/program files (x86)/cypress/psoc creator/3.3/psoc creator/import/gnu/arm/4.9.3/bin/../lib/gcc/arm-none-eabi/4.9.3/../../../../arm-none-eabi/lib/armv7-m\libg_nano.a(lib_a-nano-vfprintf_float.o)
                0x000093fe                __exponent
 .text._printf_float
                0x00009460      0x48c c:/program files (x86)/cypress/psoc creator/3.3/psoc creator/import/gnu/arm/4.9.3/bin/../lib/gcc/arm-none-eabi/4.9.3/../../../../arm-none-eabi/lib/armv7-m\libg_nano.a(lib_a-nano-vfprintf_float.o)
                0x00009460                _printf_float
 .text._printf_common
                0x000098ec       0xea c:/program files (x86)/cypress/psoc creator/3.3/psoc creator/import/gnu/arm/4.9.3/bin/../lib/gcc/arm-none-eabi/4.9.3/../../../../arm-none-eabi/lib/armv7-m\libg_nano.a(lib_a-nano-vfprintf_i.o)
                0x000098ec                _printf_common
 *fill*         0x000099d6        0x2 
 .text._printf_i
                0x000099d8      0x240 c:/program files (x86)/cypress/psoc creator/3.3/psoc creator/import/gnu/arm/4.9.3/bin/../lib/gcc/arm-none-eabi/4.9.3/../../../../arm-none-eabi/lib/armv7-m\libg_nano.a(lib_a-nano-vfprintf_i.o)
                0x000099d8                _printf_i
 .text.__fpclassifyd
                0x00009c18       0x50 c:/program files (x86)/cypress/psoc creator/3.3/psoc creator/import/gnu/arm/4.9.3/bin/../lib/gcc/arm-none-eabi/4.9.3/../../../../arm-none-eabi/lib/armv7-m\libg_nano.a(lib_a-s_fpclassify.o)
                0x00009c18                __fpclassifyd
 .text.sprintf  0x00009c68       0x48 c:/program files (x86)/cypress/psoc creator/3.3/psoc creator/import/gnu/arm/4.9.3/bin/../lib/gcc/arm-none-eabi/4.9.3/../../../../arm-none-eabi/lib/armv7-m\libg_nano.a(lib_a-sprintf.o)
                0x00009c68                siprintf
                0x00009c68                sprintf
 .text.strlen   0x00009cb0       0x10 c:/program files (x86)/cypress/psoc creator/3.3/psoc creator/import/gnu/arm/4.9.3/bin/../lib/gcc/arm-none-eabi/4.9.3/../../../../arm-none-eabi/lib/armv7-m\libg_nano.a(lib_a-strlen.o)
                0x00009cb0                strlen
 .text.quorem   0x00009cc0      0x114 c:/program files (x86)/cypress/psoc creator/3.3/psoc creator/import/gnu/arm/4.9.3/bin/../lib/gcc/arm-none-eabi/4.9.3/../../../../arm-none-eabi/lib/armv7-m\libg_nano.a(lib_a-dtoa.o)
 *fill*         0x00009dd4        0x4 
 .text._dtoa_r  0x00009dd8      0xb78 c:/program files (x86)/cypress/psoc creator/3.3/psoc creator/import/gnu/arm/4.9.3/bin/../lib/gcc/arm-none-eabi/4.9.3/../../../../arm-none-eabi/lib/armv7-m\libg_nano.a(lib_a-dtoa.o)
                0x00009dd8                _dtoa_r
 .text._localeconv_r
                0x0000a950        0x8 c:/program files (x86)/cypress/psoc creator/3.3/psoc creator/import/gnu/arm/4.9.3/bin/../lib/gcc/arm-none-eabi/4.9.3/../../../../arm-none-eabi/lib/armv7-m\libg_nano.a(lib_a-locale.o)
                0x0000a950                _localeconv_r
 .text.malloc   0x0000a958       0x10 c:/program files (x86)/cypress/psoc creator/3.3/psoc creator/import/gnu/arm/4.9.3/bin/../lib/gcc/arm-none-eabi/4.9.3/../../../../arm-none-eabi/lib/armv7-m\libg_nano.a(lib_a-malloc.o)
                0x0000a958                malloc
 .text.memchr   0x0000a968       0x1c c:/program files (x86)/cypress/psoc creator/3.3/psoc creator/import/gnu/arm/4.9.3/bin/../lib/gcc/arm-none-eabi/4.9.3/../../../../arm-none-eabi/lib/armv7-m\libg_nano.a(lib_a-memchr.o)
                0x0000a968                memchr
 .text._Balloc  0x0000a984       0x6a c:/program files (x86)/cypress/psoc creator/3.3/psoc creator/import/gnu/arm/4.9.3/bin/../lib/gcc/arm-none-eabi/4.9.3/../../../../arm-none-eabi/lib/armv7-m\libg_nano.a(lib_a-mprec.o)
                0x0000a984                _Balloc
 .text._Bfree   0x0000a9ee       0x2e c:/program files (x86)/cypress/psoc creator/3.3/psoc creator/import/gnu/arm/4.9.3/bin/../lib/gcc/arm-none-eabi/4.9.3/../../../../arm-none-eabi/lib/armv7-m\libg_nano.a(lib_a-mprec.o)
                0x0000a9ee                _Bfree
 .text.__multadd
                0x0000aa1c       0x7c c:/program files (x86)/cypress/psoc creator/3.3/psoc creator/import/gnu/arm/4.9.3/bin/../lib/gcc/arm-none-eabi/4.9.3/../../../../arm-none-eabi/lib/armv7-m\libg_nano.a(lib_a-mprec.o)
                0x0000aa1c                __multadd
 .text.__hi0bits
                0x0000aa98       0x40 c:/program files (x86)/cypress/psoc creator/3.3/psoc creator/import/gnu/arm/4.9.3/bin/../lib/gcc/arm-none-eabi/4.9.3/../../../../arm-none-eabi/lib/armv7-m\libg_nano.a(lib_a-mprec.o)
                0x0000aa98                __hi0bits
 .text.__lo0bits
                0x0000aad8       0x5a c:/program files (x86)/cypress/psoc creator/3.3/psoc creator/import/gnu/arm/4.9.3/bin/../lib/gcc/arm-none-eabi/4.9.3/../../../../arm-none-eabi/lib/armv7-m\libg_nano.a(lib_a-mprec.o)
                0x0000aad8                __lo0bits
 .text.__i2b    0x0000ab32       0x12 c:/program files (x86)/cypress/psoc creator/3.3/psoc creator/import/gnu/arm/4.9.3/bin/../lib/gcc/arm-none-eabi/4.9.3/../../../../arm-none-eabi/lib/armv7-m\libg_nano.a(lib_a-mprec.o)
                0x0000ab32                __i2b
 .text.__multiply
                0x0000ab44      0x120 c:/program files (x86)/cypress/psoc creator/3.3/psoc creator/import/gnu/arm/4.9.3/bin/../lib/gcc/arm-none-eabi/4.9.3/../../../../arm-none-eabi/lib/armv7-m\libg_nano.a(lib_a-mprec.o)
                0x0000ab44                __multiply
 .text.__pow5mult
                0x0000ac64       0x9c c:/program files (x86)/cypress/psoc creator/3.3/psoc creator/import/gnu/arm/4.9.3/bin/../lib/gcc/arm-none-eabi/4.9.3/../../../../arm-none-eabi/lib/armv7-m\libg_nano.a(lib_a-mprec.o)
                0x0000ac64                __pow5mult
 .text.__lshift
                0x0000ad00       0xa6 c:/program files (x86)/cypress/psoc creator/3.3/psoc creator/import/gnu/arm/4.9.3/bin/../lib/gcc/arm-none-eabi/4.9.3/../../../../arm-none-eabi/lib/armv7-m\libg_nano.a(lib_a-mprec.o)
                0x0000ad00                __lshift
 .text.__mcmp   0x0000ada6       0x38 c:/program files (x86)/cypress/psoc creator/3.3/psoc creator/import/gnu/arm/4.9.3/bin/../lib/gcc/arm-none-eabi/4.9.3/../../../../arm-none-eabi/lib/armv7-m\libg_nano.a(lib_a-mprec.o)
                0x0000ada6                __mcmp
 .text.__mdiff  0x0000adde       0xbe c:/program files (x86)/cypress/psoc creator/3.3/psoc creator/import/gnu/arm/4.9.3/bin/../lib/gcc/arm-none-eabi/4.9.3/../../../../arm-none-eabi/lib/armv7-m\libg_nano.a(lib_a-mprec.o)
                0x0000adde                __mdiff
 .text.__d2b    0x0000ae9c       0xa4 c:/program files (x86)/cypress/psoc creator/3.3/psoc creator/import/gnu/arm/4.9.3/bin/../lib/gcc/arm-none-eabi/4.9.3/../../../../arm-none-eabi/lib/armv7-m\libg_nano.a(lib_a-mprec.o)
                0x0000ae9c                __d2b
 .text._calloc_r
                0x0000af40       0x1c c:/program files (x86)/cypress/psoc creator/3.3/psoc creator/import/gnu/arm/4.9.3/bin/../lib/gcc/arm-none-eabi/4.9.3/../../../../arm-none-eabi/lib/armv7-m\libg_nano.a(lib_a-nano-callocr.o)
                0x0000af40                _calloc_r
 .text._free_r  0x0000af5c       0x88 c:/program files (x86)/cypress/psoc creator/3.3/psoc creator/import/gnu/arm/4.9.3/bin/../lib/gcc/arm-none-eabi/4.9.3/../../../../arm-none-eabi/lib/armv7-m\libg_nano.a(lib_a-nano-freer.o)
                0x0000af5c                _free_r
 .text._malloc_r
                0x0000afe4       0xac c:/program files (x86)/cypress/psoc creator/3.3/psoc creator/import/gnu/arm/4.9.3/bin/../lib/gcc/arm-none-eabi/4.9.3/../../../../arm-none-eabi/lib/armv7-m\libg_nano.a(lib_a-nano-mallocr.o)
                0x0000afe4                _malloc_r
 .text.__ssputs_r
                0x0000b090       0xb2 c:/program files (x86)/cypress/psoc creator/3.3/psoc creator/import/gnu/arm/4.9.3/bin/../lib/gcc/arm-none-eabi/4.9.3/../../../../arm-none-eabi/lib/armv7-m\libg_nano.a(lib_a-nano-svfprintf.o)
                0x0000b090                __ssputs_r
 *fill*         0x0000b142        0x2 
 .text._svfprintf_r
                0x0000b144      0x1e4 c:/program files (x86)/cypress/psoc creator/3.3/psoc creator/import/gnu/arm/4.9.3/bin/../lib/gcc/arm-none-eabi/4.9.3/../../../../arm-none-eabi/lib/armv7-m\libg_nano.a(lib_a-nano-svfprintf.o)
                0x0000b144                _svfiprintf_r
                0x0000b144                _svfprintf_r
 .text._sbrk_r  0x0000b328       0x20 c:/program files (x86)/cypress/psoc creator/3.3/psoc creator/import/gnu/arm/4.9.3/bin/../lib/gcc/arm-none-eabi/4.9.3/../../../../arm-none-eabi/lib/armv7-m\libg_nano.a(lib_a-sbrkr.o)
                0x0000b328                _sbrk_r
 .text.memmove  0x0000b348       0x36 c:/program files (x86)/cypress/psoc creator/3.3/psoc creator/import/gnu/arm/4.9.3/bin/../lib/gcc/arm-none-eabi/4.9.3/../../../../arm-none-eabi/lib/armv7-m\libg_nano.a(lib_a-memmove.o)
                0x0000b348                memmove
 .text._realloc_r
                0x0000b37e       0x4c c:/program files (x86)/cypress/psoc creator/3.3/psoc creator/import/gnu/arm/4.9.3/bin/../lib/gcc/arm-none-eabi/4.9.3/../../../../arm-none-eabi/lib/armv7-m\libg_nano.a(lib_a-nano-reallocr.o)
                0x0000b37e                _realloc_r
 .text._malloc_usable_size_r
                0x0000b3ca       0x14 c:/program files (x86)/cypress/psoc creator/3.3/psoc creator/import/gnu/arm/4.9.3/bin/../lib/gcc/arm-none-eabi/4.9.3/../../../../arm-none-eabi/lib/armv7-m\libg_nano.a(lib_a-nano-msizer.o)
                0x0000b3ca                _malloc_usable_size_r
 *fill*         0x0000b3de        0x2 
 .text          0x0000b3e0      0x424 c:/program files (x86)/cypress/psoc creator/3.3/psoc creator/import/gnu/arm/4.9.3/bin/../lib/gcc/arm-none-eabi/4.9.3/armv7-m\libgcc.a(_arm_muldivdf3.o)
                0x0000b3e0                __aeabi_dmul
                0x0000b3e0                __muldf3
                0x0000b634                __divdf3
                0x0000b634                __aeabi_ddiv
 .text          0x0000b804       0x50 c:/program files (x86)/cypress/psoc creator/3.3/psoc creator/import/gnu/arm/4.9.3/bin/../lib/gcc/arm-none-eabi/4.9.3/armv7-m\libgcc.a(_arm_fixdfsi.o)
                0x0000b804                __aeabi_d2iz
                0x0000b804                __fixdfsi
 *(.plt)
 *(.gnu.warning)
 *(.glue_7t)
 .glue_7t       0x00000000        0x0 linker stubs
 *(.glue_7)
 .glue_7        0x00000000        0x0 linker stubs
 *(.vfp11_veneer)
 .vfp11_veneer  0x00000000        0x0 linker stubs
 *(.bootloader)
 *(.ARM.extab* .gnu.linkonce.armextab.*)
 *(.gcc_except_table)

.v4_bx          0x0000b854        0x0
 .v4_bx         0x00000000        0x0 linker stubs

.iplt           0x0000b854        0x0
 .iplt          0x00000000        0x0 c:/program files (x86)/cypress/psoc creator/3.3/psoc creator/import/gnu/arm/4.9.3/bin/../lib/gcc/arm-none-eabi/4.9.3/armv7-m/crtbegin.o

.eh_frame_hdr
 *(.eh_frame_hdr)

.eh_frame       0x0000b854        0x4
 *(.eh_frame)
 .eh_frame      0x0000b854        0x0 c:/program files (x86)/cypress/psoc creator/3.3/psoc creator/import/gnu/arm/4.9.3/bin/../lib/gcc/arm-none-eabi/4.9.3/armv7-m/crtbegin.o
 .eh_frame      0x0000b854        0x0 c:/program files (x86)/cypress/psoc creator/3.3/psoc creator/import/gnu/arm/4.9.3/bin/../lib/gcc/arm-none-eabi/4.9.3/../../../../arm-none-eabi/lib/armv7-m\libg_nano.a(lib_a-strcmp.o)
                                 0x28 (size before relaxing)
 .eh_frame      0x0000b854        0x4 c:/program files (x86)/cypress/psoc creator/3.3/psoc creator/import/gnu/arm/4.9.3/bin/../lib/gcc/arm-none-eabi/4.9.3/armv7-m/crtend.o
                0x0000b858                PROVIDE (__exidx_start, .)

.ARM.exidx
 *(.ARM.exidx* .gnu.linkonce.armexidx.*)
                0x0000b858                __exidx_end = .

.rodata         0x0000b858    0x2cf00
 *(.rodata .rodata.* .gnu.linkonce.r.*)
 .rodata        0x0000b858    0x2c9f8 .\ARM_GCC_493\Debug\u8g_font_data.o
                0x0000b858                u8g_font_fub20
                0x0000db2c                u8g_font_fub20n
                0x0000dd88                u8g_font_fub20r
                0x0000ed40                u8g_font_ncenB10
                0x0000fce4                u8g_font_ncenB10r
                0x00010424                u8g_font_ncenB12
                0x000116a4                u8g_font_ncenB12r
                0x00011f38                u8g_font_ncenB14
                0x000134f0                u8g_font_ncenB14r
                0x00013f1c                u8g_font_ncenB18
                0x00015ed0                u8g_font_ncenB18r
                0x00016d68                u8g_font_ncenB24
                0x0001a00c                u8g_font_ncenB24n
                0x0001a370                u8g_font_ncenB24r
                0x0001baa4                u8g_font_ncenR10
                0x0001c98c                u8g_font_ncenR10r
                0x0001d084                u8g_font_ncenR12
                0x0001e11c                u8g_font_ncenR12r
                0x0001e8d4                u8g_font_ncenR14
                0x0001fd9c                u8g_font_ncenR14r
                0x00020784                u8g_font_ncenR18
                0x000224c4                u8g_font_ncenR18r
                0x0002325c                u8g_font_ncenR24
                0x00026030                u8g_font_ncenR24n
                0x00026318                u8g_font_ncenR24r
                0x00027810                u8g_font_unifont_0_10
                0x00028c20                u8g_font_unifont_0_11
                0x000298c8                u8g_font_unifont_0_8
                0x0002a964                u8g_font_unifont_12_13
                0x0002b8f8                u8g_font_unifont_18_19
                0x0002d4a0                u8g_font_unifont_2_3
                0x0002e6bc                u8g_font_unifont_4_5
                0x0002f58c                u8g_font_unifont_67_75
                0x000302ec                u8g_font_unifont_72_73
                0x0003207c                u8g_font_unifont_75r
                0x000322c0                u8g_font_unifont_76
                0x00032cac                u8g_font_unifont_77
                0x00033328                u8g_font_unifont_78_79
                0x00034ed4                u8g_font_unifont_86
                0x00035618                u8g_font_unifont_8_9
                0x000366d0                u8g_font_unifont
                0x00037c80                u8g_font_unifontr
 .rodata        0x00038250       0x40 .\ARM_GCC_493\Debug\u8g_dev_st7565_dogm128.o
                0x00038250                u8g_dev_st7565_dogm128_init_seq
 .rodata        0x00038290       0x4c .\ARM_GCC_493\Debug\state_machine.o
 .rodata        0x000382dc      0x194 .\ARM_GCC_493\Debug\LCD_Menu.o
 .rodata        0x00038470        0x4 .\ARM_GCC_493\Debug\global_variables.o
 .rodata        0x00038474        0x8 .\ARM_GCC_493\Debug\temp_manage.o
 .rodata        0x0003847c       0x64 .\ARM_GCC_493\Debug\Active_Load_v6.a(cyfitter_cfg.o)
                0x0003847c                AMux_1__addrTable
                0x00038494                AMux_1__maskTable
                0x0003849c                ResistiveTouch_1_ADC_AMux__addrTable
                0x000384a4                ResistiveTouch_1_ADC_AMux__maskTable
 .rodata        0x000384e0       0xe4 .\ARM_GCC_493\Debug\Active_Load_v6.a(WaveDAC8_1.o)
                0x000384e0                WaveDAC8_1_wave1
                0x00038544                WaveDAC8_1_wave2
 .rodata.str1.1
                0x000385c4        0x2 c:/program files (x86)/cypress/psoc creator/3.3/psoc creator/import/gnu/arm/4.9.3/bin/../lib/gcc/arm-none-eabi/4.9.3/../../../../arm-none-eabi/lib/armv7-m\libg_nano.a(lib_a-impure.o)
 .rodata.str1.1
                0x000385c6       0x12 c:/program files (x86)/cypress/psoc creator/3.3/psoc creator/import/gnu/arm/4.9.3/bin/../lib/gcc/arm-none-eabi/4.9.3/../../../../arm-none-eabi/lib/armv7-m\libg_nano.a(lib_a-nano-vfprintf_float.o)
 .rodata.str1.1
                0x000385d8       0x22 c:/program files (x86)/cypress/psoc creator/3.3/psoc creator/import/gnu/arm/4.9.3/bin/../lib/gcc/arm-none-eabi/4.9.3/../../../../arm-none-eabi/lib/armv7-m\libg_nano.a(lib_a-nano-vfprintf_i.o)
 .rodata.str1.1
                0x000385fa        0xd c:/program files (x86)/cypress/psoc creator/3.3/psoc creator/import/gnu/arm/4.9.3/bin/../lib/gcc/arm-none-eabi/4.9.3/../../../../arm-none-eabi/lib/armv7-m\libg_nano.a(lib_a-dtoa.o)
                                  0xf (size before relaxing)
 .rodata.str1.1
                0x00038607        0x8 c:/program files (x86)/cypress/psoc creator/3.3/psoc creator/import/gnu/arm/4.9.3/bin/../lib/gcc/arm-none-eabi/4.9.3/../../../../arm-none-eabi/lib/armv7-m\libg_nano.a(lib_a-locale.o)
                                  0xb (size before relaxing)
 *fill*         0x0003860f        0x1 
 .rodata.__mprec_tens
                0x00038610       0xc8 c:/program files (x86)/cypress/psoc creator/3.3/psoc creator/import/gnu/arm/4.9.3/bin/../lib/gcc/arm-none-eabi/4.9.3/../../../../arm-none-eabi/lib/armv7-m\libg_nano.a(lib_a-mprec.o)
                0x00038610                __mprec_tens
 .rodata.__mprec_bigtens
                0x000386d8       0x28 c:/program files (x86)/cypress/psoc creator/3.3/psoc creator/import/gnu/arm/4.9.3/bin/../lib/gcc/arm-none-eabi/4.9.3/../../../../arm-none-eabi/lib/armv7-m\libg_nano.a(lib_a-mprec.o)
                0x000386d8                __mprec_bigtens
 .rodata.p05.5308
                0x00038700        0xc c:/program files (x86)/cypress/psoc creator/3.3/psoc creator/import/gnu/arm/4.9.3/bin/../lib/gcc/arm-none-eabi/4.9.3/../../../../arm-none-eabi/lib/armv7-m\libg_nano.a(lib_a-mprec.o)
 .rodata.str1.1
                0x0003870c       0x11 c:/program files (x86)/cypress/psoc creator/3.3/psoc creator/import/gnu/arm/4.9.3/bin/../lib/gcc/arm-none-eabi/4.9.3/../../../../arm-none-eabi/lib/armv7-m\libg_nano.a(lib_a-nano-svfprintf.o)
                0x00038720                . = ALIGN (0x4)
 *fill*         0x0003871d        0x3 
 *(.init)
 .init          0x00038720        0x4 c:/program files (x86)/cypress/psoc creator/3.3/psoc creator/import/gnu/arm/4.9.3/bin/../lib/gcc/arm-none-eabi/4.9.3/armv7-m/crti.o
                0x00038720                _init
 .init          0x00038724        0x8 c:/program files (x86)/cypress/psoc creator/3.3/psoc creator/import/gnu/arm/4.9.3/bin/../lib/gcc/arm-none-eabi/4.9.3/armv7-m/crtn.o
                0x0003872c                . = ALIGN (0x4)
                0x0003872c                __preinit_array_start = .
 *(.preinit_array)
                0x0003872c                __preinit_array_end = .
                0x0003872c                . = ALIGN (0x4)
                0x0003872c                __init_array_start = .
 *(SORT(.init_array.*))
 *(.init_array)
 .init_array    0x0003872c        0x4 c:/program files (x86)/cypress/psoc creator/3.3/psoc creator/import/gnu/arm/4.9.3/bin/../lib/gcc/arm-none-eabi/4.9.3/armv7-m/crtbegin.o
 .init_array    0x00038730        0x4 .\ARM_GCC_493\Debug\Cm3Start.o
                0x00038734                __init_array_end = .
                0x00038734                . = ALIGN (0x4)
 *(.fini)
 .fini          0x00038734        0x4 c:/program files (x86)/cypress/psoc creator/3.3/psoc creator/import/gnu/arm/4.9.3/bin/../lib/gcc/arm-none-eabi/4.9.3/armv7-m/crti.o
                0x00038734                _fini
 .fini          0x00038738        0x8 c:/program files (x86)/cypress/psoc creator/3.3/psoc creator/import/gnu/arm/4.9.3/bin/../lib/gcc/arm-none-eabi/4.9.3/armv7-m/crtn.o
                0x00038740                . = ALIGN (0x4)
                0x00038740                __fini_array_start = .
 *(.fini_array)
 .fini_array    0x00038740        0x4 c:/program files (x86)/cypress/psoc creator/3.3/psoc creator/import/gnu/arm/4.9.3/bin/../lib/gcc/arm-none-eabi/4.9.3/armv7-m/crtbegin.o
 *(SORT(.fini_array.*))
                0x00038744                __fini_array_end = .
                0x00038744                . = ALIGN (0x4)
 *crtbegin.o(.ctors)
 *(EXCLUDE_FILE(*crtend.o) .ctors)
 *(SORT(.ctors.*))
 *crtend.o(.ctors)
                0x00038744                . = ALIGN (0x4)
 *crtbegin.o(.dtors)
 *(EXCLUDE_FILE(*crtend.o) .dtors)
 *(SORT(.dtors.*))
 *crtend.o(.dtors)
                0x00038744                . = ALIGN (0x4)
                0x00038744                __cy_regions = .
                0x00038744        0x4 LONG 0x38758 __cy_region_init_ram
                0x00038748        0x4 LONG 0x1fff8108 __cy_region_start_data
                0x0003874c        0x4 LONG 0x110 __cy_region_init_size_ram
                0x00038750        0x4 LONG 0x378 __cy_region_zero_size_ram
                0x00038754                __cy_regions_end = .
                0x00038758                . = ALIGN (0x8)
 *fill*         0x00038754        0x4 
                0x00038758                _etext = .

.cy_checksum_exclude
                0x00038758        0x0
 *(.cy_checksum_exclude)

.ramvectors     0x1fff8000      0x100
                0x1fff8000                __cy_region_start_ram = .
 *(.ramvectors)
 .ramvectors    0x1fff8000      0x100 .\ARM_GCC_493\Debug\Cm3Start.o
                0x1fff8000                CyRamVectors

.noinit         0x1fff8100        0x5
 *(.noinit)
 .noinit        0x1fff8100        0x4 .\ARM_GCC_493\Debug\Cm3Start.o
 .noinit        0x1fff8104        0x1 .\ARM_GCC_493\Debug\Active_Load_v6.a(CyLib.o)
                0x1fff8104                CyResetStatus

.data           0x1fff8108      0x110 load address 0x00038758
                0x1fff8108                __cy_region_start_data = .
 *(.jcr)
 .jcr           0x1fff8108        0x0 c:/program files (x86)/cypress/psoc creator/3.3/psoc creator/import/gnu/arm/4.9.3/bin/../lib/gcc/arm-none-eabi/4.9.3/armv7-m/crtbegin.o
 .jcr           0x1fff8108        0x4 c:/program files (x86)/cypress/psoc creator/3.3/psoc creator/import/gnu/arm/4.9.3/bin/../lib/gcc/arm-none-eabi/4.9.3/armv7-m/crtend.o
 *(.got.plt)
 *(.got)
 *(.shdata)
 *(.data .data.* .gnu.linkonce.d.*)
 .data          0x1fff810c       0x30 .\ARM_GCC_493\Debug\u8g_dev_st7565_dogm128.o
                0x1fff810c                u8g_dev_st7565_dogm128_sw_spi_pb
                0x1fff8118                u8g_dev_st7565_dogm128_sw_spi
                0x1fff8124                u8g_dev_st7565_dogm128_hw_spi_pb
                0x1fff8130                u8g_dev_st7565_dogm128_hw_spi
 .data          0x1fff813c        0x4 .\ARM_GCC_493\Debug\state_machine.o
                0x1fff813c                Position_Number
                0x1fff813d                dtC
                0x1fff813e                dtV
                0x1fff813f                dtP
 .data          0x1fff8140        0x4 .\ARM_GCC_493\Debug\Cm3Start.o
 .data          0x1fff8144        0x8 .\ARM_GCC_493\Debug\Active_Load_v6.a(CyDmac.o)
 .data          0x1fff814c       0x10 .\ARM_GCC_493\Debug\Active_Load_v6.a(CyLib.o)
                0x1fff814c                cydelay_freq_hz
                0x1fff8150                cydelay_freq_khz
                0x1fff8154                cydelay_freq_mhz
                0x1fff8158                cydelay_32k_ms
 .data          0x1fff815c        0x1 .\ARM_GCC_493\Debug\Active_Load_v6.a(WaveDAC8_1_Wave1_DMA_dma.o)
                0x1fff815c                WaveDAC8_1_Wave1_DMA_DmaHandle
 .data          0x1fff815d        0x1 .\ARM_GCC_493\Debug\Active_Load_v6.a(WaveDAC8_1_Wave2_DMA_dma.o)
                0x1fff815d                WaveDAC8_1_Wave2_DMA_DmaHandle
 .data          0x1fff815e        0x1 .\ARM_GCC_493\Debug\Active_Load_v6.a(AMux_1.o)
 *fill*         0x1fff815f        0x1 
 .data          0x1fff8160       0x14 .\ARM_GCC_493\Debug\Active_Load_v6.a(DVDAC8_1.o)
 .data          0x1fff8174        0x1 .\ARM_GCC_493\Debug\Active_Load_v6.a(DVDAC8_1_DMA_dma.o)
                0x1fff8174                DVDAC8_1_DMA_DmaHandle
 *fill*         0x1fff8175        0x3 
 .data.impure_data
                0x1fff8178       0x60 c:/program files (x86)/cypress/psoc creator/3.3/psoc creator/import/gnu/arm/4.9.3/bin/../lib/gcc/arm-none-eabi/4.9.3/../../../../arm-none-eabi/lib/armv7-m\libg_nano.a(lib_a-impure.o)
 .data._impure_ptr
                0x1fff81d8        0x4 c:/program files (x86)/cypress/psoc creator/3.3/psoc creator/import/gnu/arm/4.9.3/bin/../lib/gcc/arm-none-eabi/4.9.3/../../../../arm-none-eabi/lib/armv7-m\libg_nano.a(lib_a-impure.o)
                0x1fff81d8                _impure_ptr
 .data.lconv    0x1fff81dc       0x38 c:/program files (x86)/cypress/psoc creator/3.3/psoc creator/import/gnu/arm/4.9.3/bin/../lib/gcc/arm-none-eabi/4.9.3/../../../../arm-none-eabi/lib/armv7-m\libg_nano.a(lib_a-locale.o)
                0x1fff8218                . = ALIGN (0x8)
 *fill*         0x1fff8214        0x4 
 *(.ram)
                0x1fff8218                _edata = .

.igot.plt       0x1fff8218        0x0 load address 0x00038868
 .igot.plt      0x00000000        0x0 c:/program files (x86)/cypress/psoc creator/3.3/psoc creator/import/gnu/arm/4.9.3/bin/../lib/gcc/arm-none-eabi/4.9.3/armv7-m/crtbegin.o

.bss            0x1fff8218      0x378 load address 0x00038868
                0x1fff8218                PROVIDE (__bss_start__, .)
 *(.shbss)
 *(.bss .bss.* .gnu.linkonce.b.*)
 .bss           0x1fff8218       0x1c c:/program files (x86)/cypress/psoc creator/3.3/psoc creator/import/gnu/arm/4.9.3/bin/../lib/gcc/arm-none-eabi/4.9.3/armv7-m/crtbegin.o
 .bss           0x1fff8234      0x100 .\ARM_GCC_493\Debug\u8g_dev_st7565_dogm128.o
                0x1fff8234                u8g_dev_st7565_dogm128_sw_spi_buf
                0x1fff82b4                u8g_dev_st7565_dogm128_hw_spi_buf
 .bss           0x1fff8334       0x14 .\ARM_GCC_493\Debug\state_machine.o
                0x1fff8334                DACValue
                0x1fff8336                Timer
                0x1fff8338                Loop_Counter
                0x1fff833c                Last_Counter
                0x1fff8340                Current_Counter
                0x1fff8344                Testowy_Counter
 .bss           0x1fff8348        0x1 .\ARM_GCC_493\Debug\Active_Load_v6.a(PWM_1.o)
                0x1fff8348                PWM_1_initVar
 .bss           0x1fff8349        0x1 .\ARM_GCC_493\Debug\Active_Load_v6.a(QD.o)
                0x1fff8349                QD_initVar
 .bss           0x1fff834a        0x1 .\ARM_GCC_493\Debug\Active_Load_v6.a(QD_Cnt16.o)
                0x1fff834a                QD_Cnt16_initVar
 .bss           0x1fff834b        0x5 .\ARM_GCC_493\Debug\Active_Load_v6.a(WaveDAC8_1.o)
                0x1fff834b                WaveDAC8_1_initVar
 .bss           0x1fff8350        0x1 .\ARM_GCC_493\Debug\Active_Load_v6.a(ADC_SAR_1.o)
                0x1fff8350                ADC_SAR_1_initVar
 .bss           0x1fff8351        0x1 .\ARM_GCC_493\Debug\Active_Load_v6.a(ADC_SAR_2.o)
                0x1fff8351                ADC_SAR_2_initVar
 .bss           0x1fff8352        0x1 .\ARM_GCC_493\Debug\Active_Load_v6.a(I2C.o)
                0x1fff8352                I2C_initVar
 .bss           0x1fff8353        0x1 .\ARM_GCC_493\Debug\Active_Load_v6.a(PWM_Buzz.o)
                0x1fff8353                PWM_Buzz_initVar
 .bss           0x1fff8354        0x1 .\ARM_GCC_493\Debug\Active_Load_v6.a(SPIM.o)
                0x1fff8354                SPIM_initVar
 .bss           0x1fff8355        0x1 .\ARM_GCC_493\Debug\Active_Load_v6.a(PWM_Back.o)
                0x1fff8355                PWM_Back_initVar
 .bss           0x1fff8356        0x2 .\ARM_GCC_493\Debug\Active_Load_v6.a(DVDAC8_1.o)
                0x1fff8356                DVDAC8_1_initVar
 .bss           0x1fff8358        0x1 .\ARM_GCC_493\Debug\Active_Load_v6.a(Counter_Buzz.o)
                0x1fff8358                Counter_Buzz_initVar
 *fill*         0x1fff8359        0x3 
 .bss           0x1fff835c        0x8 .\ARM_GCC_493\Debug\Active_Load_v6.a(CySpc.o)
                0x1fff835c                SpcLockState
 .bss.__malloc_sbrk_start
                0x1fff8364        0x4 c:/program files (x86)/cypress/psoc creator/3.3/psoc creator/import/gnu/arm/4.9.3/bin/../lib/gcc/arm-none-eabi/4.9.3/../../../../arm-none-eabi/lib/armv7-m\libg_nano.a(lib_a-nano-mallocr.o)
                0x1fff8364                __malloc_sbrk_start
 .bss.__malloc_free_list
                0x1fff8368        0x4 c:/program files (x86)/cypress/psoc creator/3.3/psoc creator/import/gnu/arm/4.9.3/bin/../lib/gcc/arm-none-eabi/4.9.3/../../../../arm-none-eabi/lib/armv7-m\libg_nano.a(lib_a-nano-mallocr.o)
                0x1fff8368                __malloc_free_list
 *(COMMON)
 COMMON         0x1fff836c       0x4c .\ARM_GCC_493\Debug\u8g_polygon.o
                0x1fff836c                u8g_pg
 COMMON         0x1fff83b8      0x18c .\ARM_GCC_493\Debug\main01.o
                0x1fff83b8                Previous_State
                0x1fff83bc                C_Ki
                0x1fff83c0                Current_FET_TempString
                0x1fff83c8                fCurrent
                0x1fff83cc                u8g
                0x1fff8408                cPower_Actual
                0x1fff8418                OverTemperature
                0x1fff841c                MaxPower
                0x1fff8420                MaxCurrent
                0x1fff8424                MinResistance
                0x1fff8428                Edit_Value_Mode
                0x1fff842c                fVoltage
                0x1fff8430                cCurrent_Set
                0x1fff8440                button5
                0x1fff8441                button4
                0x1fff8444                Set_Current_Temporary_Value
                0x1fff8448                Push_Buzzer__Default_Lenght
                0x1fff844c                fPower
                0x1fff8450                cCounter
                0x1fff8470                cVoltage_Actual
                0x1fff8480                Current_DIE_TempString
                0x1fff8488                XPosition
                0x1fff848a                Current_FET_Temp
                0x1fff848c                Current_DIE_Temp
                0x1fff848e                Max_FET_Temp
                0x1fff8490                MeasuredCurrent
                0x1fff8492                button2
                0x1fff8493                CurrentVolumeValue
                0x1fff8494                cVoltage_Set
                0x1fff84a4                MeasuredVoltage
                0x1fff84a8                Set_Power
                0x1fff84ac                Touched
                0x1fff84b0                CurrentVolumeValueString
                0x1fff84b8                cYPosition
                0x1fff84c8                C_Kd
                0x1fff84cc                Last_qdCount
                0x1fff84d0                Set_Current
                0x1fff84d4                qdCount
                0x1fff84d6                button3
                0x1fff84d8                TestChar
                0x1fff84e8                Power
                0x1fff84ea                YPosition
                0x1fff84ec                Set_Voltage
                0x1fff84f0                OutputEnable
                0x1fff84f1                Current_Menu_Position
                0x1fff84f4                Set_Power_Temporary_Value
                0x1fff84f8                cPower_Set
                0x1fff8508                button6
                0x1fff8509                button1
                0x1fff850a                Sound_Enable
                0x1fff850b                Current_State
                0x1fff850c                Rotate_Buzzer__Default_Lenght
                0x1fff8510                cCurrent_Actual
                0x1fff8520                CurrentBacklightValueString
                0x1fff8528                CurrentBacklightValue
                0x1fff8529                push
                0x1fff852c                cXPosition
                0x1fff853c                MaxVoltage