Archive member included because of file (symbol)

.\ARM_GCC_493\Debug\Active_Load_v3.a(cyfitter_cfg.o)
                              .\ARM_GCC_493\Debug\Cm3Start.o (cyfitter_cfg)
.\ARM_GCC_493\Debug\Active_Load_v3.a(PWM_1.o)
                              .\ARM_GCC_493\Debug\main01.o (PWM_1_Start)
.\ARM_GCC_493\Debug\Active_Load_v3.a(QD.o)
                              .\ARM_GCC_493\Debug\main01.o (QD_Start)
.\ARM_GCC_493\Debug\Active_Load_v3.a(QD_Cnt16.o)
                              .\ARM_GCC_493\Debug\Active_Load_v3.a(QD.o) (QD_Cnt16_WriteCounter)
.\ARM_GCC_493\Debug\Active_Load_v3.a(CyBootAsmGnu.o)
                              .\ARM_GCC_493\Debug\Active_Load_v3.a(cyfitter_cfg.o) (CyDelayCycles)
.\ARM_GCC_493\Debug\Active_Load_v3.a(CyDmac.o)
                              .\ARM_GCC_493\Debug\Cm3Start.o (CyDmacConfigure)
.\ARM_GCC_493\Debug\Active_Load_v3.a(CyLib.o)
                              .\ARM_GCC_493\Debug\Cm3Start.o (CyResetStatus)
.\ARM_GCC_493\Debug\Active_Load_v3.a(cyPm.o)
                              .\ARM_GCC_493\Debug\Active_Load_v3.a(CyLib.o) (CyPmReadStatus)
.\ARM_GCC_493\Debug\Active_Load_v3.a(WaveDAC8_1.o)
                              .\ARM_GCC_493\Debug\main01.o (WaveDAC8_1_Start)
.\ARM_GCC_493\Debug\Active_Load_v3.a(WaveDAC8_1_Wave1_DMA_dma.o)
                              .\ARM_GCC_493\Debug\Active_Load_v3.a(WaveDAC8_1.o) (WaveDAC8_1_Wave1_DMA_DmaInitialize)
.\ARM_GCC_493\Debug\Active_Load_v3.a(WaveDAC8_1_Wave2_DMA_dma.o)
                              .\ARM_GCC_493\Debug\Active_Load_v3.a(WaveDAC8_1.o) (WaveDAC8_1_Wave2_DMA_DmaInitialize)
.\ARM_GCC_493\Debug\Active_Load_v3.a(WaveDAC8_1_VDAC8.o)
                              .\ARM_GCC_493\Debug\Active_Load_v3.a(WaveDAC8_1.o) (WaveDAC8_1_VDAC8_Init)
.\ARM_GCC_493\Debug\Active_Load_v3.a(Clock_QD_1.o)
                              .\ARM_GCC_493\Debug\main01.o (Clock_QD_1_Start)
.\ARM_GCC_493\Debug\Active_Load_v3.a(WaveDAC8_1_BuffAmp.o)
                              .\ARM_GCC_493\Debug\Active_Load_v3.a(WaveDAC8_1.o) (WaveDAC8_1_BuffAmp_Init)
.\ARM_GCC_493\Debug\Active_Load_v3.a(AMux_1.o)
                              .\ARM_GCC_493\Debug\main01.o (AMux_1_Select)
.\ARM_GCC_493\Debug\Active_Load_v3.a(DieTemp.o)
                              .\ARM_GCC_493\Debug\temp_manage.o (DieTemp_GetTemp)
.\ARM_GCC_493\Debug\Active_Load_v3.a(Button1_Reg.o)
                              .\ARM_GCC_493\Debug\global_variables.o (Button1_Reg_Read)
.\ARM_GCC_493\Debug\Active_Load_v3.a(Button2_Reg.o)
                              .\ARM_GCC_493\Debug\global_variables.o (Button2_Reg_Read)
.\ARM_GCC_493\Debug\Active_Load_v3.a(Button3_Reg.o)
                              .\ARM_GCC_493\Debug\global_variables.o (Button3_Reg_Read)
.\ARM_GCC_493\Debug\Active_Load_v3.a(Button4_Reg.o)
                              .\ARM_GCC_493\Debug\global_variables.o (Button4_Reg_Read)
.\ARM_GCC_493\Debug\Active_Load_v3.a(Push_Reg.o)
                              .\ARM_GCC_493\Debug\state_machine.o (Push_Reg_Read)
.\ARM_GCC_493\Debug\Active_Load_v3.a(ADC_SAR_1.o)
                              .\ARM_GCC_493\Debug\main01.o (ADC_SAR_1_Start)
.\ARM_GCC_493\Debug\Active_Load_v3.a(ADC_SAR_1_INT.o)
                              .\ARM_GCC_493\Debug\Active_Load_v3.a(ADC_SAR_1.o) (ADC_SAR_1_ISR)
.\ARM_GCC_493\Debug\Active_Load_v3.a(ADC_SAR_2.o)
                              .\ARM_GCC_493\Debug\main01.o (ADC_SAR_2_Start)
.\ARM_GCC_493\Debug\Active_Load_v3.a(ADC_SAR_2_INT.o)
                              .\ARM_GCC_493\Debug\Active_Load_v3.a(ADC_SAR_2.o) (ADC_SAR_2_ISR)
.\ARM_GCC_493\Debug\Active_Load_v3.a(I2C.o)
                              .\ARM_GCC_493\Debug\main01.o (I2C_Start)
.\ARM_GCC_493\Debug\Active_Load_v3.a(I2C_INT.o)
                              .\ARM_GCC_493\Debug\Active_Load_v3.a(I2C.o) (I2C_ISR)
.\ARM_GCC_493\Debug\Active_Load_v3.a(I2C_PM.o)
                              .\ARM_GCC_493\Debug\Active_Load_v3.a(I2C.o) (I2C_backup)
.\ARM_GCC_493\Debug\Active_Load_v3.a(I2C_MASTER.o)
                              .\ARM_GCC_493\Debug\Active_Load_v3.a(I2C.o) (I2C_mstrStatus)
.\ARM_GCC_493\Debug\Active_Load_v3.a(PWM_Buzz.o)
                              .\ARM_GCC_493\Debug\main01.o (PWM_Buzz_Start)
.\ARM_GCC_493\Debug\Active_Load_v3.a(SPIM.o)
                              .\ARM_GCC_493\Debug\u8g_arm.o (SPIM_Start)
.\ARM_GCC_493\Debug\Active_Load_v3.a(SPIM_IntClock.o)
                              .\ARM_GCC_493\Debug\Active_Load_v3.a(SPIM.o) (SPIM_IntClock_Start)
.\ARM_GCC_493\Debug\Active_Load_v3.a(LCD_RESET.o)
                              .\ARM_GCC_493\Debug\u8g_arm.o (LCD_RESET_Write)
.\ARM_GCC_493\Debug\Active_Load_v3.a(LCD_A0.o)
                              .\ARM_GCC_493\Debug\u8g_arm.o (LCD_A0_Write)
.\ARM_GCC_493\Debug\Active_Load_v3.a(LCD_CS.o)
                              .\ARM_GCC_493\Debug\u8g_arm.o (LCD_CS_Write)
.\ARM_GCC_493\Debug\Active_Load_v3.a(PWM_Back.o)
                              .\ARM_GCC_493\Debug\main01.o (PWM_Back_Start)
[...]
Memory Configuration

Name             Origin             Length             Attributes
rom              0x00000000         0x00040000         xr
ram              0x1fff8000         0x00010000         xrw
*default*        0x00000000         0xffffffff

Linker script and memory map

LOAD c:/program files (x86)/cypress/psoc creator/3.3/psoc creator/import/gnu/arm/4.9.3/bin/../lib/gcc/arm-none-eabi/4.9.3/armv7-m/crti.o
LOAD c:/program files (x86)/cypress/psoc creator/3.3/psoc creator/import/gnu/arm/4.9.3/bin/../lib/gcc/arm-none-eabi/4.9.3/armv7-m/crtbegin.o
LOAD c:/program files (x86)/cypress/psoc creator/3.3/psoc creator/import/gnu/arm/4.9.3/bin/../lib/gcc/arm-none-eabi/4.9.3/../../../../arm-none-eabi/lib/armv7-m/crt0.o
START GROUP
LOAD .\ARM_GCC_493\Debug\chessengine.o
LOAD .\ARM_GCC_493\Debug\u8g_bitmap.o
LOAD .\ARM_GCC_493\Debug\u8g_circle.o
LOAD .\ARM_GCC_493\Debug\u8g_clip.o
LOAD .\ARM_GCC_493\Debug\u8g_com_api.o
LOAD .\ARM_GCC_493\Debug\u8g_com_api_16gr.o
LOAD .\ARM_GCC_493\Debug\u8g_com_i2c.o
LOAD .\ARM_GCC_493\Debug\u8g_com_io.o
LOAD .\ARM_GCC_493\Debug\u8g_com_msp430_hw_spi.o
LOAD .\ARM_GCC_493\Debug\u8g_com_null.o
LOAD .\ARM_GCC_493\Debug\u8g_com_raspberrypi_hw_spi.o
LOAD .\ARM_GCC_493\Debug\u8g_com_raspberrypi_ssd_i2c.o
LOAD .\ARM_GCC_493\Debug\u8g_com_std_sw_spi.o
LOAD .\ARM_GCC_493\Debug\u8g_cursor.o
LOAD .\ARM_GCC_493\Debug\u8g_delay.o
LOAD .\ARM_GCC_493\Debug\u8g_ellipse.o
LOAD .\ARM_GCC_493\Debug\u8g_font.o
LOAD .\ARM_GCC_493\Debug\u8g_line.o
LOAD .\ARM_GCC_493\Debug\u8g_ll_api.o
LOAD .\ARM_GCC_493\Debug\u8g_page.o
LOAD .\ARM_GCC_493\Debug\u8g_pb.o
LOAD .\ARM_GCC_493\Debug\u8g_pb8h1.o
LOAD .\ARM_GCC_493\Debug\u8g_pb8h1f.o
LOAD .\ARM_GCC_493\Debug\u8g_pb8h2.o
LOAD .\ARM_GCC_493\Debug\u8g_pb8h8.o
LOAD .\ARM_GCC_493\Debug\u8g_pb8v1.o
LOAD .\ARM_GCC_493\Debug\u8g_pb8v2.o
LOAD .\ARM_GCC_493\Debug\u8g_pb14v1.o
LOAD .\ARM_GCC_493\Debug\u8g_pb16h1.o
LOAD .\ARM_GCC_493\Debug\u8g_pb16h2.o
LOAD .\ARM_GCC_493\Debug\u8g_pb16v1.o
LOAD .\ARM_GCC_493\Debug\u8g_pb16v2.o
LOAD .\ARM_GCC_493\Debug\u8g_pb32h1.o
LOAD .\ARM_GCC_493\Debug\u8g_pbxh16.o
LOAD .\ARM_GCC_493\Debug\u8g_pbxh24.o
LOAD .\ARM_GCC_493\Debug\u8g_polygon.o
LOAD .\ARM_GCC_493\Debug\u8g_rect.o
LOAD .\ARM_GCC_493\Debug\u8g_rot.o
LOAD .\ARM_GCC_493\Debug\u8g_scale.o
LOAD .\ARM_GCC_493\Debug\u8g_state.o
LOAD .\ARM_GCC_493\Debug\u8g_u8toa.o
LOAD .\ARM_GCC_493\Debug\u8g_u16toa.o
LOAD .\ARM_GCC_493\Debug\u8g_virtual_screen.o
LOAD .\ARM_GCC_493\Debug\u8g_font_data.o
LOAD .\ARM_GCC_493\Debug\u8g_arm.o
LOAD .\ARM_GCC_493\Debug\u8g_dev_uc1601_c128032.o
LOAD .\ARM_GCC_493\Debug\u8g_dev_st7565_dogm128.o
LOAD .\ARM_GCC_493\Debug\main01.o
LOAD .\ARM_GCC_493\Debug\state_machine.o
LOAD .\ARM_GCC_493\Debug\LCD_Menu.o
LOAD .\ARM_GCC_493\Debug\global_variables.o
LOAD .\ARM_GCC_493\Debug\temp_manage.o
LOAD .\ARM_GCC_493\Debug\cymetadata.o
LOAD .\ARM_GCC_493\Debug\Cm3Start.o
LOAD .\ARM_GCC_493\Debug\Active_Load_v3.a
LOAD C:\Program Files (x86)\Cypress\PSoC Creator\3.3\PSoC Creator\psoc\content\cycomponentlibrary\CyComponentLibrary.cylib\CortexM3\ARM_GCC_493\Debug\CyComponentLibrary.a
END GROUP
START GROUP
LOAD c:/program files (x86)/cypress/psoc creator/3.3/psoc creator/import/gnu/arm/4.9.3/bin/../lib/gcc/arm-none-eabi/4.9.3/armv7-m\libgcc.a
LOAD c:/program files (x86)/cypress/psoc creator/3.3/psoc creator/import/gnu/arm/4.9.3/bin/../lib/gcc/arm-none-eabi/4.9.3/../../../../arm-none-eabi/lib/armv7-m\libg_nano.a
LOAD c:/program files (x86)/cypress/psoc creator/3.3/psoc creator/import/gnu/arm/4.9.3/bin/../lib/gcc/arm-none-eabi/4.9.3/../../../../arm-none-eabi/lib/armv7-m\libc_nano.a
END GROUP
START GROUP
LOAD c:/program files (x86)/cypress/psoc creator/3.3/psoc creator/import/gnu/arm/4.9.3/bin/../lib/gcc/arm-none-eabi/4.9.3/armv7-m\libgcc.a
LOAD c:/program files (x86)/cypress/psoc creator/3.3/psoc creator/import/gnu/arm/4.9.3/bin/../lib/gcc/arm-none-eabi/4.9.3/../../../../arm-none-eabi/lib/armv7-m\libc_nano.a
END GROUP
LOAD c:/program files (x86)/cypress/psoc creator/3.3/psoc creator/import/gnu/arm/4.9.3/bin/../lib/gcc/arm-none-eabi/4.9.3/armv7-m/crtend.o
LOAD c:/program files (x86)/cypress/psoc creator/3.3/psoc creator/import/gnu/arm/4.9.3/bin/../lib/gcc/arm-none-eabi/4.9.3/armv7-m/crtn.o
START GROUP
LOAD c:/program files (x86)/cypress/psoc creator/3.3/psoc creator/import/gnu/arm/4.9.3/bin/../lib/gcc/arm-none-eabi/4.9.3/armv7-m\libgcc.a
LOAD c:/program files (x86)/cypress/psoc creator/3.3/psoc creator/import/gnu/arm/4.9.3/bin/../lib/gcc/arm-none-eabi/4.9.3/../../../../arm-none-eabi/lib/armv7-m\libc.a
LOAD c:/program files (x86)/cypress/psoc creator/3.3/psoc creator/import/gnu/arm/4.9.3/bin/../lib/gcc/arm-none-eabi/4.9.3/../../../../arm-none-eabi/lib/armv7-m\libnosys.a
END GROUP
                0x00000000                CY_APPL_ORIGIN = 0x0
                0x00000100                CY_FLASH_ROW_SIZE = 0x100
                0x00000020                CY_ECC_ROW_SIZE = 0x20
                0x00000000                CY_EE_IN_BTLDR = 0x0
                0x00000000                CY_APPL_LOADABLE = 0x0
                0x00000800                CY_EE_SIZE = 0x800
                0x00000001                CY_APPL_NUM = 0x1
                0x00000001                CY_APPL_MAX = 0x1
                0x00000040                CY_METADATA_SIZE = 0x40
                0x00000000                CY_APPL_LOADABLE = 0x0
                0x00000000                CY_CHECKSUM_EXCLUDE_SIZE = ALIGN (0x0, CY_FLASH_ROW_SIZE)
                0x1fff8528                PROVIDE (__cy_heap_start, _end)
                0x00000001                PROVIDE (__cy_region_num, ((__cy_regions_end - __cy_regions) / 0x10))
                0x20008000                PROVIDE (__cy_stack, (ORIGIN (ram) + 0x10000))
                0x20007800                PROVIDE (__cy_heap_end, (__cy_stack - 0x800))

.cybootloader   0x00000000        0x0
 *(.cybootloader)
                0x00000000                appl1_start = CY_APPL_ORIGIN?CY_APPL_ORIGIN:ALIGN (CY_FLASH_ROW_SIZE)
                0x0001ff00                appl2_start = (appl1_start + ALIGN ((((0x40000 - appl1_start) - (0x2 * CY_FLASH_ROW_SIZE)) / 0x2), CY_FLASH_ROW_SIZE))
                0x00000000                appl_start = (CY_APPL_NUM == 0x1)?appl1_start:appl2_start
                0x00000000                ecc_offset = ((appl_start / CY_FLASH_ROW_SIZE) * CY_ECC_ROW_SIZE)
                0x00000000                ee_offset = (CY_APPL_LOADABLE && ! (CY_EE_IN_BTLDR))?((CY_EE_SIZE / CY_APPL_MAX) * (CY_APPL_NUM - 0x1)):0x0
                0x00000800                ee_size = (CY_APPL_LOADABLE && ! (CY_EE_IN_BTLDR))?(CY_EE_SIZE / CY_APPL_MAX):CY_EE_SIZE
                0x00000000                PROVIDE (CY_ECC_OFFSET, ecc_offset)

.text           0x00000000     0x9930
 CREATE_OBJECT_SYMBOLS
                0x00000000                PROVIDE (__cy_interrupt_vector, RomVectors)
 *(.romvectors)
 .romvectors    0x00000000       0x10 .\ARM_GCC_493\Debug\Cm3Start.o
                0x00000000                RomVectors
                0x00000001                ASSERT ((. != __cy_interrupt_vector), No interrupt vector)
                0x00000001                ASSERT (CY_APPL_ORIGIN?(SIZEOF (.cybootloader) <= CY_APPL_ORIGIN):0x1, Wrong image location)
                0x00000010                PROVIDE (__cy_reset, Reset)
 *(.text.Reset)
 .text.Reset    0x00000010       0x18 .\ARM_GCC_493\Debug\Cm3Start.o
                0x00000010                Reset
                0x00000001                ASSERT ((. != __cy_reset), No reset code)
 *(.dma_init)
                0x00000001                ASSERT ((((appl_start + .) <= 0x10000) || 0x1), DMA Init must be within the first 64k of flash)
 *(.text .text.* .gnu.linkonce.t.*)
 .text          0x00000028       0x5c c:/program files (x86)/cypress/psoc creator/3.3/psoc creator/import/gnu/arm/4.9.3/bin/../lib/gcc/arm-none-eabi/4.9.3/armv7-m/crtbegin.o
 .text.u8g_IsBBXIntersection
                0x00000084       0xf8 .\ARM_GCC_493\Debug\u8g_clip.o
                0x00000084                u8g_IsBBXIntersection
 .text.u8g_InitCom
                0x0000017c       0x28 .\ARM_GCC_493\Debug\u8g_com_api.o
                0x0000017c                u8g_InitCom
 .text.u8g_SetChipSelect
                0x000001a4       0x24 .\ARM_GCC_493\Debug\u8g_com_api.o
                0x000001a4                u8g_SetChipSelect
 .text.u8g_SetResetLow
                0x000001c8       0x20 .\ARM_GCC_493\Debug\u8g_com_api.o
                0x000001c8                u8g_SetResetLow
 .text.u8g_SetResetHigh
                0x000001e8       0x20 .\ARM_GCC_493\Debug\u8g_com_api.o
                0x000001e8                u8g_SetResetHigh
 .text.u8g_SetAddress
                0x00000208       0x24 .\ARM_GCC_493\Debug\u8g_com_api.o
                0x00000208                u8g_SetAddress
 .text.u8g_WriteByte
                0x0000022c       0x28 .\ARM_GCC_493\Debug\u8g_com_api.o
                0x0000022c                u8g_WriteByte
 .text.u8g_WriteSequence
                0x00000254       0x2c .\ARM_GCC_493\Debug\u8g_com_api.o
                0x00000254                u8g_WriteSequence
 .text.u8g_WriteEscSeqP
                0x00000280      0x10c .\ARM_GCC_493\Debug\u8g_com_api.o
                0x00000280                u8g_WriteEscSeqP
 .text.u8g_com_null_fn
                0x0000038c       0x4c .\ARM_GCC_493\Debug\u8g_com_null.o
                0x0000038c                u8g_com_null_fn
 .text.u8g_font_get_byte
                0x000003d8       0x24 .\ARM_GCC_493\Debug\u8g_font.o
 .text.u8g_font_get_word
                0x000003fc       0x40 .\ARM_GCC_493\Debug\u8g_font.o
 .text.u8g_font_GetFormat
                0x0000043c       0x1c .\ARM_GCC_493\Debug\u8g_font.o
 .text.u8g_font_GetFontGlyphStructureSize
                0x00000458       0x34 .\ARM_GCC_493\Debug\u8g_font.o
 .text.u8g_font_GetCapitalAHeight
                0x0000048c       0x1c .\ARM_GCC_493\Debug\u8g_font.o
                0x0000048c                u8g_font_GetCapitalAHeight
 .text.u8g_font_GetEncoding65Pos
                0x000004a8       0x1c .\ARM_GCC_493\Debug\u8g_font.o
                0x000004a8                u8g_font_GetEncoding65Pos
 .text.u8g_font_GetEncoding97Pos
                0x000004c4       0x1c .\ARM_GCC_493\Debug\u8g_font.o
                0x000004c4                u8g_font_GetEncoding97Pos
 .text.u8g_font_GetFontStartEncoding
                0x000004e0       0x1c .\ARM_GCC_493\Debug\u8g_font.o
                0x000004e0                u8g_font_GetFontStartEncoding
 .text.u8g_font_GetFontEndEncoding
                0x000004fc       0x1c .\ARM_GCC_493\Debug\u8g_font.o
                0x000004fc                u8g_font_GetFontEndEncoding
 .text.u8g_font_GetLowerGDescent
                0x00000518       0x20 .\ARM_GCC_493\Debug\u8g_font.o
                0x00000518                u8g_font_GetLowerGDescent
 .text.u8g_font_GetFontAscent
                0x00000538       0x20 .\ARM_GCC_493\Debug\u8g_font.o
                0x00000538                u8g_font_GetFontAscent
 .text.u8g_font_GetFontDescent
                0x00000558       0x20 .\ARM_GCC_493\Debug\u8g_font.o
                0x00000558                u8g_font_GetFontDescent
 .text.u8g_font_GetFontXAscent
                0x00000578       0x20 .\ARM_GCC_493\Debug\u8g_font.o
                0x00000578                u8g_font_GetFontXAscent
 .text.u8g_font_GetFontXDescent
                0x00000598       0x20 .\ARM_GCC_493\Debug\u8g_font.o
                0x00000598                u8g_font_GetFontXDescent
 .text.u8g_font_GetGlyphDataStart
                0x000005b8       0x20 .\ARM_GCC_493\Debug\u8g_font.o
 .text.u8g_CopyGlyphDataToCache
                0x000005d8       0xc0 .\ARM_GCC_493\Debug\u8g_font.o
 .text.u8g_FillEmptyGlyphCache
                0x00000698       0x34 .\ARM_GCC_493\Debug\u8g_font.o
 .text.u8g_GetGlyph
                0x000006cc      0x130 .\ARM_GCC_493\Debug\u8g_font.o
                0x000006cc                u8g_GetGlyph
 .text.u8g_draw_glyph
                0x000007fc      0x110 .\ARM_GCC_493\Debug\u8g_font.o
                0x000007fc                u8g_draw_glyph
 .text.u8g_DrawStr
                0x0000090c       0x64 .\ARM_GCC_493\Debug\u8g_font.o
                0x0000090c                u8g_DrawStr
 .text.u8g_UpdateRefHeight
                0x00000970       0xf4 .\ARM_GCC_493\Debug\u8g_font.o
                0x00000970                u8g_UpdateRefHeight
 .text.u8g_font_calc_vref_font
                0x00000a64       0x18 .\ARM_GCC_493\Debug\u8g_font.o
                0x00000a64                u8g_font_calc_vref_font
 .text.u8g_SetFontPosBaseline
                0x00000a7c       0x1c .\ARM_GCC_493\Debug\u8g_font.o
                0x00000a7c                u8g_SetFontPosBaseline
 .text.u8g_SetFont
                0x00000a98       0x2c .\ARM_GCC_493\Debug\u8g_font.o
                0x00000a98                u8g_SetFont
 .text.u8g_DrawLine
                0x00000ac4      0x130 .\ARM_GCC_493\Debug\u8g_line.o
                0x00000ac4                u8g_DrawLine
 .text.u8g_call_dev_fn
                0x00000bf4       0x2c .\ARM_GCC_493\Debug\u8g_ll_api.o
                0x00000bf4                u8g_call_dev_fn
 .text.u8g_InitLL
                0x00000c20       0x3c .\ARM_GCC_493\Debug\u8g_ll_api.o
                0x00000c20                u8g_InitLL
 .text.u8g_FirstPageLL
                0x00000c5c       0x44 .\ARM_GCC_493\Debug\u8g_ll_api.o
                0x00000c5c                u8g_FirstPageLL
 .text.u8g_NextPageLL
                0x00000ca0       0x50 .\ARM_GCC_493\Debug\u8g_ll_api.o
                0x00000ca0                u8g_NextPageLL
 .text.u8g_SetContrastLL
                0x00000cf0       0x24 .\ARM_GCC_493\Debug\u8g_ll_api.o
                0x00000cf0                u8g_SetContrastLL
 .text.u8g_DrawPixelLL
                0x00000d14       0x3c .\ARM_GCC_493\Debug\u8g_ll_api.o
                0x00000d14                u8g_DrawPixelLL
 .text.u8g_Draw8PixelLL
                0x00000d50       0x4c .\ARM_GCC_493\Debug\u8g_ll_api.o
                0x00000d50                u8g_Draw8PixelLL
 .text.u8g_GetWidthLL
                0x00000d9c       0x24 .\ARM_GCC_493\Debug\u8g_ll_api.o
                0x00000d9c                u8g_GetWidthLL
 .text.u8g_GetHeightLL
                0x00000dc0       0x24 .\ARM_GCC_493\Debug\u8g_ll_api.o
                0x00000dc0                u8g_GetHeightLL
 .text.u8g_GetModeLL
                0x00000de4       0x20 .\ARM_GCC_493\Debug\u8g_ll_api.o
                0x00000de4                u8g_GetModeLL
 .text.u8g_UpdateDimension
                0x00000e04       0x5c .\ARM_GCC_493\Debug\u8g_ll_api.o
                0x00000e04                u8g_UpdateDimension
 .text.u8g_init_data
                0x00000e60       0x74 .\ARM_GCC_493\Debug\u8g_ll_api.o
 .text.u8g_Begin
                0x00000ed4       0x30 .\ARM_GCC_493\Debug\u8g_ll_api.o
                0x00000ed4                u8g_Begin
 .text.u8g_InitComFn
                0x00000f04       0x30 .\ARM_GCC_493\Debug\u8g_ll_api.o
                0x00000f04                u8g_InitComFn
 .text.u8g_FirstPage
                0x00000f34       0x1c .\ARM_GCC_493\Debug\u8g_ll_api.o
                0x00000f34                u8g_FirstPage
 .text.u8g_NextPage
                0x00000f50       0x30 .\ARM_GCC_493\Debug\u8g_ll_api.o
                0x00000f50                u8g_NextPage
 .text.u8g_SetContrast
                0x00000f80       0x28 .\ARM_GCC_493\Debug\u8g_ll_api.o
                0x00000f80                u8g_SetContrast
 .text.u8g_DrawPixel
                0x00000fa8       0x24 .\ARM_GCC_493\Debug\u8g_ll_api.o
                0x00000fa8                u8g_DrawPixel
 .text.u8g_Draw8Pixel
                0x00000fcc       0x38 .\ARM_GCC_493\Debug\u8g_ll_api.o
                0x00000fcc                u8g_Draw8Pixel
 .text.u8g_SetColorIndex
                0x00001004       0x20 .\ARM_GCC_493\Debug\u8g_ll_api.o
                0x00001004                u8g_SetColorIndex
 .text.u8g_GetDefaultForegroundColor
                0x00001024       0x34 .\ARM_GCC_493\Debug\u8g_ll_api.o
                0x00001024                u8g_GetDefaultForegroundColor
 .text.u8g_SetDefaultForegroundColor
                0x00001058       0x38 .\ARM_GCC_493\Debug\u8g_ll_api.o
                0x00001058                u8g_SetDefaultForegroundColor
 .text.u8g_GetDefaultBackgroundColor
                0x00001090       0x18 .\ARM_GCC_493\Debug\u8g_ll_api.o
                0x00001090                u8g_GetDefaultBackgroundColor
 .text.u8g_SetDefaultBackgroundColor
                0x000010a8       0x20 .\ARM_GCC_493\Debug\u8g_ll_api.o
                0x000010a8                u8g_SetDefaultBackgroundColor
 .text.u8g_page_First
                0x000010c8       0x34 .\ARM_GCC_493\Debug\u8g_page.o
                0x000010c8                u8g_page_First
 .text.u8g_page_Next
                0x000010fc       0x64 .\ARM_GCC_493\Debug\u8g_page.o
                0x000010fc                u8g_page_Next
 .text.u8g_pb_Clear
                0x00001160       0x3c .\ARM_GCC_493\Debug\u8g_pb.o
                0x00001160                u8g_pb_Clear
 .text.u8g_pb_IsYIntersection
                0x0000119c       0x84 .\ARM_GCC_493\Debug\u8g_pb.o
                0x0000119c                u8g_pb_IsYIntersection
 .text.u8g_pb_GetPageBox
                0x00001220       0x40 .\ARM_GCC_493\Debug\u8g_pb.o
                0x00001220                u8g_pb_GetPageBox
 .text.u8g_pb_Is8PixelVisible
                0x00001260       0x5c .\ARM_GCC_493\Debug\u8g_pb.o
                0x00001260                u8g_pb_Is8PixelVisible
 .text.u8g_pb_WriteBuffer
                0x000012bc       0x28 .\ARM_GCC_493\Debug\u8g_pb.o
                0x000012bc                u8g_pb_WriteBuffer
 .text.u8g_pb8v1_set_pixel
                0x000012e4       0x74 .\ARM_GCC_493\Debug\u8g_pb8v1.o
                0x000012e4                u8g_pb8v1_set_pixel
 .text.u8g_pb8v1_SetPixel
                0x00001358       0x4c .\ARM_GCC_493\Debug\u8g_pb8v1.o
                0x00001358                u8g_pb8v1_SetPixel
 .text.u8g_pb8v1_Set8PixelOpt2
                0x000013a4       0x90 .\ARM_GCC_493\Debug\u8g_pb8v1.o
                0x000013a4                u8g_pb8v1_Set8PixelOpt2
 .text.u8g_dev_pb8v1_base_fn
                0x00001434      0x1a0 .\ARM_GCC_493\Debug\u8g_pb8v1.o
                0x00001434                u8g_dev_pb8v1_base_fn
 .text.pge_Next
                0x000015d4       0xa0 .\ARM_GCC_493\Debug\u8g_polygon.o
 .text.pge_Init
                0x00001674       0xb8 .\ARM_GCC_493\Debug\u8g_polygon.o
 .text.pg_inc   0x0000172c       0x30 .\ARM_GCC_493\Debug\u8g_polygon.o
 .text.pg_dec   0x0000175c       0x34 .\ARM_GCC_493\Debug\u8g_polygon.o
 .text.pg_expand_min_y
                0x00001790       0x74 .\ARM_GCC_493\Debug\u8g_polygon.o
 .text.pg_prepare
                0x00001804      0x134 .\ARM_GCC_493\Debug\u8g_polygon.o
 .text.pg_hline
                0x00001938       0xf0 .\ARM_GCC_493\Debug\u8g_polygon.o
 .text.pg_line_init
                0x00001a28       0x88 .\ARM_GCC_493\Debug\u8g_polygon.o
 .text.pg_exec  0x00001ab0       0x90 .\ARM_GCC_493\Debug\u8g_polygon.o
 .text.pg_ClearPolygonXY
                0x00001b40       0x18 .\ARM_GCC_493\Debug\u8g_polygon.o
                0x00001b40                pg_ClearPolygonXY
 .text.pg_AddPolygonXY
                0x00001b58       0x50 .\ARM_GCC_493\Debug\u8g_polygon.o
                0x00001b58                pg_AddPolygonXY
 .text.pg_DrawPolygon
                0x00001ba8       0x28 .\ARM_GCC_493\Debug\u8g_polygon.o
                0x00001ba8                pg_DrawPolygon
 .text.u8g_ClearPolygonXY
                0x00001bd0       0x10 .\ARM_GCC_493\Debug\u8g_polygon.o
                0x00001bd0                u8g_ClearPolygonXY
 .text.u8g_AddPolygonXY
                0x00001be0       0x2c .\ARM_GCC_493\Debug\u8g_polygon.o
                0x00001be0                u8g_AddPolygonXY
 .text.u8g_DrawPolygon
                0x00001c0c       0x1c .\ARM_GCC_493\Debug\u8g_polygon.o
                0x00001c0c                u8g_DrawPolygon
 .text.u8g_DrawTriangle
                0x00001c28       0x60 .\ARM_GCC_493\Debug\u8g_polygon.o
                0x00001c28                u8g_DrawTriangle
 .text.u8g_draw_hline
                0x00001c88       0x7c .\ARM_GCC_493\Debug\u8g_rect.o
                0x00001c88                u8g_draw_hline
 .text.u8g_DrawHLine
                0x00001d04       0x48 .\ARM_GCC_493\Debug\u8g_rect.o
                0x00001d04                u8g_DrawHLine
 .text.u8g_draw_box
                0x00001d4c       0x40 .\ARM_GCC_493\Debug\u8g_rect.o
                0x00001d4c                u8g_draw_box
 .text.u8g_DrawBox
                0x00001d8c       0x4c .\ARM_GCC_493\Debug\u8g_rect.o
                0x00001d8c                u8g_DrawBox
 .text.u8g_state_dummy_cb
                0x00001dd8       0x14 .\ARM_GCC_493\Debug\u8g_state.o
                0x00001dd8                u8g_state_dummy_cb
 .text.u8g_Delay
                0x00001dec       0x18 .\ARM_GCC_493\Debug\u8g_arm.o
                0x00001dec                u8g_Delay
 .text.u8g_MicroDelay
                0x00001e04        0xc .\ARM_GCC_493\Debug\u8g_arm.o
                0x00001e04                u8g_MicroDelay
 .text.u8g_10MicroDelay
                0x00001e10        0xc .\ARM_GCC_493\Debug\u8g_arm.o
                0x00001e10                u8g_10MicroDelay
 .text.u8g_com_hw_spi_fn
                0x00001e1c       0xf4 .\ARM_GCC_493\Debug\u8g_arm.o
                0x00001e1c                u8g_com_hw_spi_fn
 .text.u8g_dev_st7565_dogm128_fn
                0x00001f10      0x138 .\ARM_GCC_493\Debug\u8g_dev_st7565_dogm128.o
                0x00001f10                u8g_dev_st7565_dogm128_fn
 .text.main     0x00002048       0x84 .\ARM_GCC_493\Debug\main01.o
                0x00002048                main
 .text.Initialize
                0x000020cc       0x80 .\ARM_GCC_493\Debug\main01.o
                0x000020cc                Initialize
 .text.State_Machine
                0x0000214c       0xb8 .\ARM_GCC_493\Debug\state_machine.o
                0x0000214c                State_Machine
 .text.State_Machine_Home
                0x00002204       0x98 .\ARM_GCC_493\Debug\state_machine.o
                0x00002204                State_Machine_Home
 .text.State_Machine_ConstantMode
                0x0000229c       0xa4 .\ARM_GCC_493\Debug\state_machine.o
                0x0000229c                State_Machine_ConstantMode
 .text.State_Machine_ArbitraryMode
                0x00002340       0x28 .\ARM_GCC_493\Debug\state_machine.o
                0x00002340                State_Machine_ArbitraryMode
 .text.State_Machine_ConstantCurrent
                0x00002368      0x6f8 .\ARM_GCC_493\Debug\state_machine.o
                0x00002368                State_Machine_ConstantCurrent
 .text.State_Machine_Settings
                0x00002a60       0xf0 .\ARM_GCC_493\Debug\state_machine.o
                0x00002a60                State_Machine_Settings
 .text.State_Machine_BacklightSetting
                0x00002b50       0x68 .\ARM_GCC_493\Debug\state_machine.o
                0x00002b50                State_Machine_BacklightSetting
 .text.State_Machine_VolumeSetting
                0x00002bb8       0x68 .\ARM_GCC_493\Debug\state_machine.o
                0x00002bb8                State_Machine_VolumeSetting
 .text.State_Machine_Information
                0x00002c20       0x60 .\ARM_GCC_493\Debug\state_machine.o
                0x00002c20                State_Machine_Information
 .text.LCD_Draw
                0x00002c80      0xac0 .\ARM_GCC_493\Debug\LCD_Menu.o
                0x00002c80                LCD_Draw
 .text.Buzzer   0x00003740       0x30 .\ARM_GCC_493\Debug\global_variables.o
                0x00003740                Buzzer
 .text.Get_Encoder
                0x00003770       0x80 .\ARM_GCC_493\Debug\global_variables.o
                0x00003770                Get_Encoder
 .text.Get_Encoder_Menu
                0x000037f0       0x90 .\ARM_GCC_493\Debug\global_variables.o
                0x000037f0                Get_Encoder_Menu
 .text.Check_Buttons
                0x00003880       0x68 .\ARM_GCC_493\Debug\global_variables.o
                0x00003880                Check_Buttons
 .text.SetBacklight
                0x000038e8       0x50 .\ARM_GCC_493\Debug\global_variables.o
                0x000038e8                SetBacklight
 .text.SetVolume
                0x00003938       0x50 .\ARM_GCC_493\Debug\global_variables.o
                0x00003938                SetVolume
 .text.TempRead_FET
                0x00003988       0x50 .\ARM_GCC_493\Debug\temp_manage.o
                0x00003988                TempRead_FET
 .text.TempRead_DIE
                0x000039d8       0x34 .\ARM_GCC_493\Debug\temp_manage.o
                0x000039d8                TempRead_DIE
 .text.IntDefaultHandler
                0x00003a0c        0x8 .\ARM_GCC_493\Debug\Cm3Start.o
                0x00003a0c                IntDefaultHandler
 .text._sbrk    0x00003a14       0x54 .\ARM_GCC_493\Debug\Cm3Start.o
                0x00003a14                _sbrk
 .text.Start_c  0x00003a68       0x98 .\ARM_GCC_493\Debug\Cm3Start.o
                0x00003a68                Start_c
 .text.initialize_psoc
                0x00003b00       0x90 .\ARM_GCC_493\Debug\Cm3Start.o
                0x00003b00                initialize_psoc
 .text.CYMEMZERO
                0x00003b90       0x1c .\ARM_GCC_493\Debug\Active_Load_v3.a(cyfitter_cfg.o)
 .text.CYCONFIGCPY
                0x00003bac       0x1c .\ARM_GCC_493\Debug\Active_Load_v3.a(cyfitter_cfg.o)
 .text.CyClockStartupError
                0x00003bc8        0xc .\ARM_GCC_493\Debug\Active_Load_v3.a(cyfitter_cfg.o)
 .text.cfg_write_bytes32
                0x00003bd4       0x74 .\ARM_GCC_493\Debug\Active_Load_v3.a(cyfitter_cfg.o)
 .text.ClockSetup
                0x00003c48      0x1c0 .\ARM_GCC_493\Debug\Active_Load_v3.a(cyfitter_cfg.o)
 .text.AnalogSetDefault
                0x00003e08       0xf8 .\ARM_GCC_493\Debug\Active_Load_v3.a(cyfitter_cfg.o)
 .text.AMux_1_Set
                0x00003f00       0x6c .\ARM_GCC_493\Debug\Active_Load_v3.a(cyfitter_cfg.o)
                0x00003f00                AMux_1_Set
 .text.AMux_1_Unset
                0x00003f6c       0x74 .\ARM_GCC_493\Debug\Active_Load_v3.a(cyfitter_cfg.o)
                0x00003f6c                AMux_1_Unset
 .text.cyfitter_cfg
                0x00003fe0      0x1dc .\ARM_GCC_493\Debug\Active_Load_v3.a(cyfitter_cfg.o)
                0x00003fe0                cyfitter_cfg
 .text.PWM_1_Start
                0x000041bc       0x20 .\ARM_GCC_493\Debug\Active_Load_v3.a(PWM_1.o)
                0x000041bc                PWM_1_Start
 .text.PWM_1_Init
                0x000041dc       0x78 .\ARM_GCC_493\Debug\Active_Load_v3.a(PWM_1.o)
                0x000041dc                PWM_1_Init
 .text.PWM_1_Enable
                0x00004254       0x20 .\ARM_GCC_493\Debug\Active_Load_v3.a(PWM_1.o)
                0x00004254                PWM_1_Enable
 .text.PWM_1_WriteCounter
                0x00004274       0x20 .\ARM_GCC_493\Debug\Active_Load_v3.a(PWM_1.o)
                0x00004274                PWM_1_WriteCounter
 .text.PWM_1_ClearFIFO
                0x00004294       0x1c .\ARM_GCC_493\Debug\Active_Load_v3.a(PWM_1.o)
                0x00004294                PWM_1_ClearFIFO
 .text.PWM_1_WritePeriod
                0x000042b0       0x20 .\ARM_GCC_493\Debug\Active_Load_v3.a(PWM_1.o)
                0x000042b0                PWM_1_WritePeriod
 .text.PWM_1_WriteCompare
                0x000042d0       0x20 .\ARM_GCC_493\Debug\Active_Load_v3.a(PWM_1.o)
                0x000042d0                PWM_1_WriteCompare
 .text.PWM_1_SetInterruptMode
                0x000042f0       0x20 .\ARM_GCC_493\Debug\Active_Load_v3.a(PWM_1.o)
                0x000042f0                PWM_1_SetInterruptMode
 .text.PWM_1_ReadStatusRegister
                0x00004310       0x18 .\ARM_GCC_493\Debug\Active_Load_v3.a(PWM_1.o)
                0x00004310                PWM_1_ReadStatusRegister
 .text.PWM_1_ReadCapture
                0x00004328       0x18 .\ARM_GCC_493\Debug\Active_Load_v3.a(PWM_1.o)
                0x00004328                PWM_1_ReadCapture
 .text.QD_Init  0x00004340        0xc .\ARM_GCC_493\Debug\Active_Load_v3.a(QD.o)
                0x00004340                QD_Init
 .text.QD_Enable
                0x0000434c       0x3c .\ARM_GCC_493\Debug\Active_Load_v3.a(QD.o)
                0x0000434c                QD_Enable
 .text.QD_Start
                0x00004388       0x2c .\ARM_GCC_493\Debug\Active_Load_v3.a(QD.o)
                0x00004388                QD_Start
 .text.QD_GetCounter
                0x000043b4       0x24 .\ARM_GCC_493\Debug\Active_Load_v3.a(QD.o)
                0x000043b4                QD_GetCounter
 .text.QD_SetCounter
                0x000043d8       0x34 .\ARM_GCC_493\Debug\Active_Load_v3.a(QD.o)
                0x000043d8                QD_SetCounter
 .text.QD_GetEvents
                0x0000440c       0x20 .\ARM_GCC_493\Debug\Active_Load_v3.a(QD.o)
                0x0000440c                QD_GetEvents
 .text.QD_SetInterruptMask
                0x0000442c       0x20 .\ARM_GCC_493\Debug\Active_Load_v3.a(QD.o)
                0x0000442c                QD_SetInterruptMask
 .text.QD_Cnt16_Init
                0x0000444c       0x80 .\ARM_GCC_493\Debug\Active_Load_v3.a(QD_Cnt16.o)
                0x0000444c                QD_Cnt16_Init
 .text.QD_Cnt16_Enable
                0x000044cc       0x20 .\ARM_GCC_493\Debug\Active_Load_v3.a(QD_Cnt16.o)
                0x000044cc                QD_Cnt16_Enable
 .text.QD_Cnt16_Start
                0x000044ec       0x20 .\ARM_GCC_493\Debug\Active_Load_v3.a(QD_Cnt16.o)
                0x000044ec                QD_Cnt16_Start
 .text.QD_Cnt16_SetInterruptMode
                0x0000450c       0x20 .\ARM_GCC_493\Debug\Active_Load_v3.a(QD_Cnt16.o)
                0x0000450c                QD_Cnt16_SetInterruptMode
 .text.QD_Cnt16_ReadStatusRegister
                0x0000452c       0x18 .\ARM_GCC_493\Debug\Active_Load_v3.a(QD_Cnt16.o)
                0x0000452c                QD_Cnt16_ReadStatusRegister
 .text.QD_Cnt16_WriteCounter
                0x00004544       0x20 .\ARM_GCC_493\Debug\Active_Load_v3.a(QD_Cnt16.o)
                0x00004544                QD_Cnt16_WriteCounter
 .text.QD_Cnt16_ReadCounter
                0x00004564       0x20 .\ARM_GCC_493\Debug\Active_Load_v3.a(QD_Cnt16.o)
                0x00004564                QD_Cnt16_ReadCounter
 .text.QD_Cnt16_ReadCapture
                0x00004584       0x18 .\ARM_GCC_493\Debug\Active_Load_v3.a(QD_Cnt16.o)
                0x00004584                QD_Cnt16_ReadCapture
 .text.QD_Cnt16_WritePeriod
                0x0000459c       0x20 .\ARM_GCC_493\Debug\Active_Load_v3.a(QD_Cnt16.o)
                0x0000459c                QD_Cnt16_WritePeriod
 .text.QD_Cnt16_WriteCompare
                0x000045bc       0x20 .\ARM_GCC_493\Debug\Active_Load_v3.a(QD_Cnt16.o)
                0x000045bc                QD_Cnt16_WriteCompare
 .text.QD_Cnt16_ClearFIFO
                0x000045dc       0x1c .\ARM_GCC_493\Debug\Active_Load_v3.a(QD_Cnt16.o)
                0x000045dc                QD_Cnt16_ClearFIFO
 .text          0x000045f8       0x58 .\ARM_GCC_493\Debug\Active_Load_v3.a(CyBootAsmGnu.o)
                0x000045f8                CyDelayCycles
                0x00004636                CyEnterCriticalSection
                0x0000463e                CyExitCriticalSection
 .text.CyDmacConfigure
                0x00004650       0x5c .\ARM_GCC_493\Debug\Active_Load_v3.a(CyDmac.o)
                0x00004650                CyDmacConfigure
 .text.CyDmaChEnable
                0x000046ac       0x8c .\ARM_GCC_493\Debug\Active_Load_v3.a(CyDmac.o)
                0x000046ac                CyDmaChEnable
 .text.CyDmaChPriority
                0x00004738       0x60 .\ARM_GCC_493\Debug\Active_Load_v3.a(CyDmac.o)
                0x00004738                CyDmaChPriority
 .text.CyDmaChSetExtendedAddress
                0x00004798       0x7c .\ARM_GCC_493\Debug\Active_Load_v3.a(CyDmac.o)
                0x00004798                CyDmaChSetExtendedAddress
 .text.CyDmaChSetInitialTd
                0x00004814       0x3c .\ARM_GCC_493\Debug\Active_Load_v3.a(CyDmac.o)
                0x00004814                CyDmaChSetInitialTd
 .text.CyDmaChSetConfiguration
                0x00004850       0xa0 .\ARM_GCC_493\Debug\Active_Load_v3.a(CyDmac.o)
                0x00004850                CyDmaChSetConfiguration
 .text.CyDmaTdAllocate
                0x000048f0       0x5c .\ARM_GCC_493\Debug\Active_Load_v3.a(CyDmac.o)
                0x000048f0                CyDmaTdAllocate
 .text.CyDmaTdSetConfiguration
                0x0000494c       0x80 .\ARM_GCC_493\Debug\Active_Load_v3.a(CyDmac.o)
                0x0000494c                CyDmaTdSetConfiguration
 .text.CyDmaTdSetAddress
                0x000049cc       0x5c .\ARM_GCC_493\Debug\Active_Load_v3.a(CyDmac.o)
                0x000049cc                CyDmaTdSetAddress
 .text.CyHalt   0x00004a28       0x18 .\ARM_GCC_493\Debug\Active_Load_v3.a(CyLib.o)
                0x00004a28                CyHalt
 .text.CyDelay  0x00004a40       0x44 .\ARM_GCC_493\Debug\Active_Load_v3.a(CyLib.o)
                0x00004a40                CyDelay
 .text.CyDelayUs
                0x00004a84       0x24 .\ARM_GCC_493\Debug\Active_Load_v3.a(CyLib.o)
                0x00004a84                CyDelayUs
 .text.CyIntSetVector
                0x00004aa8       0x50 .\ARM_GCC_493\Debug\Active_Load_v3.a(CyLib.o)
                0x00004aa8                CyIntSetVector
 .text.CyIntSetPriority
                0x00004af8       0x44 .\ARM_GCC_493\Debug\Active_Load_v3.a(CyLib.o)
                0x00004af8                CyIntSetPriority
 .text.WaveDAC8_1_Init
                0x00004b3c       0x54 .\ARM_GCC_493\Debug\Active_Load_v3.a(WaveDAC8_1.o)
                0x00004b3c                WaveDAC8_1_Init
 .text.WaveDAC8_1_Enable
                0x00004b90       0x34 .\ARM_GCC_493\Debug\Active_Load_v3.a(WaveDAC8_1.o)
                0x00004b90                WaveDAC8_1_Enable
 .text.WaveDAC8_1_Start
                0x00004bc4       0x20 .\ARM_GCC_493\Debug\Active_Load_v3.a(WaveDAC8_1.o)
                0x00004bc4                WaveDAC8_1_Start
 .text.WaveDAC8_1_Wave1Setup
                0x00004be4       0x70 .\ARM_GCC_493\Debug\Active_Load_v3.a(WaveDAC8_1.o)
                0x00004be4                WaveDAC8_1_Wave1Setup
 .text.WaveDAC8_1_Wave2Setup
                0x00004c54       0x70 .\ARM_GCC_493\Debug\Active_Load_v3.a(WaveDAC8_1.o)
                0x00004c54                WaveDAC8_1_Wave2Setup
 .text.WaveDAC8_1_Wave1_DMA_DmaInitialize
                0x00004cc4       0x68 .\ARM_GCC_493\Debug\Active_Load_v3.a(WaveDAC8_1_Wave1_DMA_dma.o)
                0x00004cc4                WaveDAC8_1_Wave1_DMA_DmaInitialize
 .text.WaveDAC8_1_Wave2_DMA_DmaInitialize
                0x00004d2c       0x68 .\ARM_GCC_493\Debug\Active_Load_v3.a(WaveDAC8_1_Wave2_DMA_dma.o)
                0x00004d2c                WaveDAC8_1_Wave2_DMA_DmaInitialize
 .text.WaveDAC8_1_VDAC8_Init
                0x00004d94       0x3c .\ARM_GCC_493\Debug\Active_Load_v3.a(WaveDAC8_1_VDAC8.o)
                0x00004d94                WaveDAC8_1_VDAC8_Init
 .text.WaveDAC8_1_VDAC8_Enable
                0x00004dd0       0x34 .\ARM_GCC_493\Debug\Active_Load_v3.a(WaveDAC8_1_VDAC8.o)
                0x00004dd0                WaveDAC8_1_VDAC8_Enable
 .text.WaveDAC8_1_VDAC8_SetSpeed
                0x00004e04       0x40 .\ARM_GCC_493\Debug\Active_Load_v3.a(WaveDAC8_1_VDAC8.o)
                0x00004e04                WaveDAC8_1_VDAC8_SetSpeed
 .text.WaveDAC8_1_VDAC8_SetRange
                0x00004e44       0x40 .\ARM_GCC_493\Debug\Active_Load_v3.a(WaveDAC8_1_VDAC8.o)
                0x00004e44                WaveDAC8_1_VDAC8_SetRange
 .text.WaveDAC8_1_VDAC8_SetValue
                0x00004e84       0x20 .\ARM_GCC_493\Debug\Active_Load_v3.a(WaveDAC8_1_VDAC8.o)
                0x00004e84                WaveDAC8_1_VDAC8_SetValue
 .text.WaveDAC8_1_VDAC8_DacTrim
                0x00004ea4       0x3c .\ARM_GCC_493\Debug\Active_Load_v3.a(WaveDAC8_1_VDAC8.o)
                0x00004ea4                WaveDAC8_1_VDAC8_DacTrim
 .text.Clock_QD_1_Start
                0x00004ee0       0x34 .\ARM_GCC_493\Debug\Active_Load_v3.a(Clock_QD_1.o)
                0x00004ee0                Clock_QD_1_Start
 .text.WaveDAC8_1_BuffAmp_Init
                0x00004f14        0xc .\ARM_GCC_493\Debug\Active_Load_v3.a(WaveDAC8_1_BuffAmp.o)
                0x00004f14                WaveDAC8_1_BuffAmp_Init
 .text.WaveDAC8_1_BuffAmp_Enable
                0x00004f20       0x48 .\ARM_GCC_493\Debug\Active_Load_v3.a(WaveDAC8_1_BuffAmp.o)
                0x00004f20                WaveDAC8_1_BuffAmp_Enable
 .text.WaveDAC8_1_BuffAmp_SetPower
                0x00004f68       0x40 .\ARM_GCC_493\Debug\Active_Load_v3.a(WaveDAC8_1_BuffAmp.o)
                0x00004f68                WaveDAC8_1_BuffAmp_SetPower
 .text.AMux_1_Start
                0x00004fa8       0x30 .\ARM_GCC_493\Debug\Active_Load_v3.a(AMux_1.o)
                0x00004fa8                AMux_1_Start
 .text.AMux_1_Select
                0x00004fd8       0x28 .\ARM_GCC_493\Debug\Active_Load_v3.a(AMux_1.o)
                0x00004fd8                AMux_1_Select
 .text.DieTemp_Start
                0x00005000       0x40 .\ARM_GCC_493\Debug\Active_Load_v3.a(DieTemp.o)
                0x00005000                DieTemp_Start
 .text.DieTemp_Query
                0x00005040       0x84 .\ARM_GCC_493\Debug\Active_Load_v3.a(DieTemp.o)
                0x00005040                DieTemp_Query
 .text.DieTemp_GetTempT
                0x000050c4       0x60 .\ARM_GCC_493\Debug\Active_Load_v3.a(DieTemp.o)
 .text.DieTemp_GetTemp
                0x00005124       0x34 .\ARM_GCC_493\Debug\Active_Load_v3.a(DieTemp.o)
                0x00005124                DieTemp_GetTemp
 .text.Button1_Reg_Read
                0x00005158       0x18 .\ARM_GCC_493\Debug\Active_Load_v3.a(Button1_Reg.o)
                0x00005158                Button1_Reg_Read
 .text.Button2_Reg_Read
                0x00005170       0x18 .\ARM_GCC_493\Debug\Active_Load_v3.a(Button2_Reg.o)
                0x00005170                Button2_Reg_Read
 .text.Button3_Reg_Read
                0x00005188       0x18 .\ARM_GCC_493\Debug\Active_Load_v3.a(Button3_Reg.o)
                0x00005188                Button3_Reg_Read
 .text.Button4_Reg_Read
                0x000051a0       0x18 .\ARM_GCC_493\Debug\Active_Load_v3.a(Button4_Reg.o)
                0x000051a0                Button4_Reg_Read
 .text.Push_Reg_Read
                0x000051b8       0x18 .\ARM_GCC_493\Debug\Active_Load_v3.a(Push_Reg.o)
                0x000051b8                Push_Reg_Read
 .text.ADC_SAR_1_Start
                0x000051d0       0x20 .\ARM_GCC_493\Debug\Active_Load_v3.a(ADC_SAR_1.o)
                0x000051d0                ADC_SAR_1_Start
 .text.ADC_SAR_1_Init
                0x000051f0       0x40 .\ARM_GCC_493\Debug\Active_Load_v3.a(ADC_SAR_1.o)
                0x000051f0                ADC_SAR_1_Init
 .text.ADC_SAR_1_Enable
                0x00005230       0xcc .\ARM_GCC_493\Debug\Active_Load_v3.a(ADC_SAR_1.o)
                0x00005230                ADC_SAR_1_Enable
 .text.ADC_SAR_1_SetResolution
                0x000052fc       0x50 .\ARM_GCC_493\Debug\Active_Load_v3.a(ADC_SAR_1.o)
                0x000052fc                ADC_SAR_1_SetResolution
 .text.ADC_SAR_1_StartConvert
                0x0000534c       0x20 .\ARM_GCC_493\Debug\Active_Load_v3.a(ADC_SAR_1.o)
                0x0000534c                ADC_SAR_1_StartConvert
 .text.ADC_SAR_1_GetResult16
                0x0000536c       0x34 .\ARM_GCC_493\Debug\Active_Load_v3.a(ADC_SAR_1.o)
                0x0000536c                ADC_SAR_1_GetResult16
 .text.ADC_SAR_1_CalcGain
                0x000053a0       0x7c .\ARM_GCC_493\Debug\Active_Load_v3.a(ADC_SAR_1.o)
 .text.ADC_SAR_1_CountsTo_Volts
                0x0000541c       0x84 .\ARM_GCC_493\Debug\Active_Load_v3.a(ADC_SAR_1.o)
                0x0000541c                ADC_SAR_1_CountsTo_Volts
 .text.ADC_SAR_1_ISR
                0x000054a0        0xc .\ARM_GCC_493\Debug\Active_Load_v3.a(ADC_SAR_1_INT.o)
                0x000054a0                ADC_SAR_1_ISR
 .text.ADC_SAR_2_Start
                0x000054ac       0x20 .\ARM_GCC_493\Debug\Active_Load_v3.a(ADC_SAR_2.o)
                0x000054ac                ADC_SAR_2_Start
 .text.ADC_SAR_2_Init
                0x000054cc       0x40 .\ARM_GCC_493\Debug\Active_Load_v3.a(ADC_SAR_2.o)
                0x000054cc                ADC_SAR_2_Init
 .text.ADC_SAR_2_Enable
                0x0000550c       0xcc .\ARM_GCC_493\Debug\Active_Load_v3.a(ADC_SAR_2.o)
                0x0000550c                ADC_SAR_2_Enable
 .text.ADC_SAR_2_SetResolution
                0x000055d8       0x50 .\ARM_GCC_493\Debug\Active_Load_v3.a(ADC_SAR_2.o)
                0x000055d8                ADC_SAR_2_SetResolution
 .text.ADC_SAR_2_StartConvert
                0x00005628       0x20 .\ARM_GCC_493\Debug\Active_Load_v3.a(ADC_SAR_2.o)
                0x00005628                ADC_SAR_2_StartConvert
 .text.ADC_SAR_2_GetResult16
                0x00005648       0x34 .\ARM_GCC_493\Debug\Active_Load_v3.a(ADC_SAR_2.o)
                0x00005648                ADC_SAR_2_GetResult16
 .text.ADC_SAR_2_CalcGain
                0x0000567c       0x7c .\ARM_GCC_493\Debug\Active_Load_v3.a(ADC_SAR_2.o)
 .text.ADC_SAR_2_CountsTo_Volts
                0x000056f8       0x84 .\ARM_GCC_493\Debug\Active_Load_v3.a(ADC_SAR_2.o)
                0x000056f8                ADC_SAR_2_CountsTo_Volts
 .text.ADC_SAR_2_ISR
                0x0000577c        0xc .\ARM_GCC_493\Debug\Active_Load_v3.a(ADC_SAR_2_INT.o)
                0x0000577c                ADC_SAR_2_ISR
 .text.I2C_Init
                0x00005788       0x80 .\ARM_GCC_493\Debug\Active_Load_v3.a(I2C.o)
                0x00005788                I2C_Init
 .text.I2C_Enable
                0x00005808       0x44 .\ARM_GCC_493\Debug\Active_Load_v3.a(I2C.o)
                0x00005808                I2C_Enable
 .text.I2C_Start
                0x0000584c       0x2c .\ARM_GCC_493\Debug\Active_Load_v3.a(I2C.o)
                0x0000584c                I2C_Start
 .text.I2C_ISR  0x00005878      0x3ac .\ARM_GCC_493\Debug\Active_Load_v3.a(I2C_INT.o)
                0x00005878                I2C_ISR
 .text.I2C_MasterSendStart
                0x00005c24       0xbc .\ARM_GCC_493\Debug\Active_Load_v3.a(I2C_MASTER.o)
                0x00005c24                I2C_MasterSendStart
 .text.I2C_MasterSendStop
                0x00005ce0       0x58 .\ARM_GCC_493\Debug\Active_Load_v3.a(I2C_MASTER.o)
                0x00005ce0                I2C_MasterSendStop
 .text.I2C_MasterReadByte
                0x00005d38       0x7c .\ARM_GCC_493\Debug\Active_Load_v3.a(I2C_MASTER.o)
                0x00005d38                I2C_MasterReadByte
 .text.PWM_Buzz_Start
                0x00005db4       0x20 .\ARM_GCC_493\Debug\Active_Load_v3.a(PWM_Buzz.o)
                0x00005db4                PWM_Buzz_Start
 .text.PWM_Buzz_Init
                0x00005dd4       0x78 .\ARM_GCC_493\Debug\Active_Load_v3.a(PWM_Buzz.o)
                0x00005dd4                PWM_Buzz_Init
 .text.PWM_Buzz_Enable
                0x00005e4c       0x20 .\ARM_GCC_493\Debug\Active_Load_v3.a(PWM_Buzz.o)
                0x00005e4c                PWM_Buzz_Enable
 .text.PWM_Buzz_Stop
                0x00005e6c       0x20 .\ARM_GCC_493\Debug\Active_Load_v3.a(PWM_Buzz.o)
                0x00005e6c                PWM_Buzz_Stop
 .text.PWM_Buzz_WriteCounter
                0x00005e8c       0x20 .\ARM_GCC_493\Debug\Active_Load_v3.a(PWM_Buzz.o)
                0x00005e8c                PWM_Buzz_WriteCounter
 .text.PWM_Buzz_ClearFIFO
                0x00005eac       0x1c .\ARM_GCC_493\Debug\Active_Load_v3.a(PWM_Buzz.o)
                0x00005eac                PWM_Buzz_ClearFIFO
 .text.PWM_Buzz_WritePeriod
                0x00005ec8       0x20 .\ARM_GCC_493\Debug\Active_Load_v3.a(PWM_Buzz.o)
                0x00005ec8                PWM_Buzz_WritePeriod
 .text.PWM_Buzz_WriteCompare
                0x00005ee8       0x20 .\ARM_GCC_493\Debug\Active_Load_v3.a(PWM_Buzz.o)
                0x00005ee8                PWM_Buzz_WriteCompare
 .text.PWM_Buzz_SetInterruptMode
                0x00005f08       0x20 .\ARM_GCC_493\Debug\Active_Load_v3.a(PWM_Buzz.o)
                0x00005f08                PWM_Buzz_SetInterruptMode
 .text.PWM_Buzz_ReadStatusRegister
                0x00005f28       0x18 .\ARM_GCC_493\Debug\Active_Load_v3.a(PWM_Buzz.o)
                0x00005f28                PWM_Buzz_ReadStatusRegister
 .text.PWM_Buzz_ReadCapture
                0x00005f40       0x18 .\ARM_GCC_493\Debug\Active_Load_v3.a(PWM_Buzz.o)
                0x00005f40                PWM_Buzz_ReadCapture
 .text.SPIM_Init
                0x00005f58       0x30 .\ARM_GCC_493\Debug\Active_Load_v3.a(SPIM.o)
                0x00005f58                SPIM_Init
 .text.SPIM_Enable
                0x00005f88       0x64 .\ARM_GCC_493\Debug\Active_Load_v3.a(SPIM.o)
                0x00005f88                SPIM_Enable
 .text.SPIM_Start
                0x00005fec       0x20 .\ARM_GCC_493\Debug\Active_Load_v3.a(SPIM.o)
                0x00005fec                SPIM_Start
 .text.SPIM_EnableTxInt
                0x0000600c        0xc .\ARM_GCC_493\Debug\Active_Load_v3.a(SPIM.o)
                0x0000600c                SPIM_EnableTxInt
 .text.SPIM_EnableRxInt
                0x00006018        0xc .\ARM_GCC_493\Debug\Active_Load_v3.a(SPIM.o)
                0x00006018                SPIM_EnableRxInt
 .text.SPIM_ReadTxStatus
                0x00006024       0x20 .\ARM_GCC_493\Debug\Active_Load_v3.a(SPIM.o)
                0x00006024                SPIM_ReadTxStatus
 .text.SPIM_ReadRxStatus
                0x00006044       0x20 .\ARM_GCC_493\Debug\Active_Load_v3.a(SPIM.o)
                0x00006044                SPIM_ReadRxStatus
 .text.SPIM_WriteTxData
                0x00006064       0x34 .\ARM_GCC_493\Debug\Active_Load_v3.a(SPIM.o)
                0x00006064                SPIM_WriteTxData
 .text.SPIM_ClearFIFO
                0x00006098       0x5c .\ARM_GCC_493\Debug\Active_Load_v3.a(SPIM.o)
                0x00006098                SPIM_ClearFIFO
 .text.SPIM_IntClock_Start
                0x000060f4       0x34 .\ARM_GCC_493\Debug\Active_Load_v3.a(SPIM_IntClock.o)
                0x000060f4                SPIM_IntClock_Start
 .text.LCD_RESET_Write
                0x00006128       0x3c .\ARM_GCC_493\Debug\Active_Load_v3.a(LCD_RESET.o)
                0x00006128                LCD_RESET_Write
 .text.LCD_A0_Write
                0x00006164       0x3c .\ARM_GCC_493\Debug\Active_Load_v3.a(LCD_A0.o)
                0x00006164                LCD_A0_Write
 .text.LCD_CS_Write
                0x000061a0       0x38 .\ARM_GCC_493\Debug\Active_Load_v3.a(LCD_CS.o)
                0x000061a0                LCD_CS_Write
 .text.PWM_Back_Start
                0x000061d8       0x20 .\ARM_GCC_493\Debug\Active_Load_v3.a(PWM_Back.o)
                0x000061d8                PWM_Back_Start
 .text.PWM_Back_Init
                0x000061f8       0x78 .\ARM_GCC_493\Debug\Active_Load_v3.a(PWM_Back.o)
                0x000061f8                PWM_Back_Init
 .text.PWM_Back_Enable
                0x00006270       0x20 .\ARM_GCC_493\Debug\Active_Load_v3.a(PWM_Back.o)
                0x00006270                PWM_Back_Enable
 .text.PWM_Back_WriteCounter
                0x00006290       0x20 .\ARM_GCC_493\Debug\Active_Load_v3.a(PWM_Back.o)
                0x00006290                PWM_Back_WriteCounter
 .text.PWM_Back_ClearFIFO
                0x000062b0       0x1c .\ARM_GCC_493\Debug\Active_Load_v3.a(PWM_Back.o)
                0x000062b0                PWM_Back_ClearFIFO
 .text.PWM_Back_WritePeriod
                0x000062cc       0x20 .\ARM_GCC_493\Debug\Active_Load_v3.a(PWM_Back.o)
                0x000062cc                PWM_Back_WritePeriod
 .text.PWM_Back_WriteCompare
                0x000062ec       0x20 .\ARM_GCC_493\Debug\Active_Load_v3.a(PWM_Back.o)
                0x000062ec                PWM_Back_WriteCompare
 .text.PWM_Back_SetInterruptMode
                0x0000630c       0x20 .\ARM_GCC_493\Debug\Active_Load_v3.a(PWM_Back.o)
                0x0000630c                PWM_Back_SetInterruptMode
 .text.PWM_Back_ReadStatusRegister
                0x0000632c       0x18 .\ARM_GCC_493\Debug\Active_Load_v3.a(PWM_Back.o)
                0x0000632c                PWM_Back_ReadStatusRegister
 .text.PWM_Back_ReadCapture
                0x00006344       0x18 .\ARM_GCC_493\Debug\Active_Load_v3.a(PWM_Back.o)
                0x00006344                PWM_Back_ReadCapture
 .text.Button5_Reg_Read
                0x0000635c       0x18 .\ARM_GCC_493\Debug\Active_Load_v3.a(Button5_Reg.o)
                0x0000635c                Button5_Reg_Read
 .text.Button6_Reg_Read
                0x00006374       0x18 .\ARM_GCC_493\Debug\Active_Load_v3.a(Button6_Reg.o)
                0x00006374                Button6_Reg_Read
 .text.RELAY_Write
                0x0000638c       0x3c .\ARM_GCC_493\Debug\Active_Load_v3.a(RELAY.o)
                0x0000638c                RELAY_Write
 .text.Clock_QD_4_Start
                0x000063c8       0x34 .\ARM_GCC_493\Debug\Active_Load_v3.a(Clock_QD_4.o)
                0x000063c8                Clock_QD_4_Start
 .text.DVDAC8_1_Init
                0x000063fc       0x1c .\ARM_GCC_493\Debug\Active_Load_v3.a(DVDAC8_1.o)
                0x000063fc                DVDAC8_1_Init
 .text.DVDAC8_1_Enable
                0x00006418       0x1c .\ARM_GCC_493\Debug\Active_Load_v3.a(DVDAC8_1.o)
                0x00006418                DVDAC8_1_Enable
 .text.DVDAC8_1_Start
                0x00006434       0x20 .\ARM_GCC_493\Debug\Active_Load_v3.a(DVDAC8_1.o)
                0x00006434                DVDAC8_1_Start
 .text.DVDAC8_1_SetValue
                0x00006454       0x8c .\ARM_GCC_493\Debug\Active_Load_v3.a(DVDAC8_1.o)
                0x00006454                DVDAC8_1_SetValue
 .text.DVDAC8_1_InitDma
                0x000064e0       0x70 .\ARM_GCC_493\Debug\Active_Load_v3.a(DVDAC8_1.o)
 .text.DVDAC8_1_DMA_DmaInitialize
                0x00006550       0x68 .\ARM_GCC_493\Debug\Active_Load_v3.a(DVDAC8_1_DMA_dma.o)
                0x00006550                DVDAC8_1_DMA_DmaInitialize
 .text.DVDAC8_1_VDAC8_Init
                0x000065b8       0x3c .\ARM_GCC_493\Debug\Active_Load_v3.a(DVDAC8_1_VDAC8.o)
                0x000065b8                DVDAC8_1_VDAC8_Init
 .text.DVDAC8_1_VDAC8_Enable
                0x000065f4       0x34 .\ARM_GCC_493\Debug\Active_Load_v3.a(DVDAC8_1_VDAC8.o)
                0x000065f4                DVDAC8_1_VDAC8_Enable
 .text.DVDAC8_1_VDAC8_SetSpeed
                0x00006628       0x40 .\ARM_GCC_493\Debug\Active_Load_v3.a(DVDAC8_1_VDAC8.o)
                0x00006628                DVDAC8_1_VDAC8_SetSpeed
 .text.DVDAC8_1_VDAC8_SetRange
                0x00006668       0x40 .\ARM_GCC_493\Debug\Active_Load_v3.a(DVDAC8_1_VDAC8.o)
                0x00006668                DVDAC8_1_VDAC8_SetRange
 .text.DVDAC8_1_VDAC8_DacTrim
                0x000066a8       0x3c .\ARM_GCC_493\Debug\Active_Load_v3.a(DVDAC8_1_VDAC8.o)
                0x000066a8                DVDAC8_1_VDAC8_DacTrim
 .text.CySpcStart
                0x000066e4       0x44 .\ARM_GCC_493\Debug\Active_Load_v3.a(CySpc.o)
                0x000066e4                CySpcStart
 .text.CySpcReadData
                0x00006728       0x58 .\ARM_GCC_493\Debug\Active_Load_v3.a(CySpc.o)
                0x00006728                CySpcReadData
 .text.CySpcGetTemp
                0x00006780       0x64 .\ARM_GCC_493\Debug\Active_Load_v3.a(CySpc.o)
                0x00006780                CySpcGetTemp
 .text.CySpcLock
                0x000067e4       0x68 .\ARM_GCC_493\Debug\Active_Load_v3.a(CySpc.o)
                0x000067e4                CySpcLock
 .text.CySpcUnlock
                0x0000684c       0x50 .\ARM_GCC_493\Debug\Active_Load_v3.a(CySpc.o)
                0x0000684c                CySpcUnlock
 .text          0x0000689c      0x370 c:/program files (x86)/cypress/psoc creator/3.3/psoc creator/import/gnu/arm/4.9.3/bin/../lib/gcc/arm-none-eabi/4.9.3/armv7-m\libgcc.a(_arm_addsubdf3.o)
                0x0000689c                __aeabi_drsub
                0x000068a4                __aeabi_dsub
                0x000068a4                __subdf3
                0x000068a8                __aeabi_dadd
                0x000068a8                __adddf3
                0x00006b20                __floatunsidf
                0x00006b20                __aeabi_ui2d
                0x00006b40                __floatsidf
                0x00006b40                __aeabi_i2d
                0x00006b64                __aeabi_f2d
                0x00006b64                __extendsfdf2
                0x00006ba0                __floatundidf
                0x00006ba0                __aeabi_ul2d
                0x00006bb0                __floatdidf
                0x00006bb0                __aeabi_l2d
 .text          0x00006c0c      0x424 c:/program files (x86)/cypress/psoc creator/3.3/psoc creator/import/gnu/arm/4.9.3/bin/../lib/gcc/arm-none-eabi/4.9.3/armv7-m\libgcc.a(_arm_muldivdf3.o)
                0x00006c0c                __aeabi_dmul
                0x00006c0c                __muldf3
                0x00006e60                __divdf3
                0x00006e60                __aeabi_ddiv
 .text          0x00007030      0x110 c:/program files (x86)/cypress/psoc creator/3.3/psoc creator/import/gnu/arm/4.9.3/bin/../lib/gcc/arm-none-eabi/4.9.3/armv7-m\libgcc.a(_arm_cmpdf2.o)
                0x00007030                __gtdf2
                0x00007030                __gedf2
                0x00007038                __ltdf2
                0x00007038                __ledf2
                0x00007040                __nedf2
                0x00007040                __eqdf2
                0x00007040                __cmpdf2
                0x000070bc                __aeabi_cdrcmple
                0x000070cc                __aeabi_cdcmpeq
                0x000070cc                __aeabi_cdcmple
                0x000070dc                __aeabi_dcmpeq
                0x000070f0                __aeabi_dcmplt
                0x00007104                __aeabi_dcmple
                0x00007118                __aeabi_dcmpge
                0x0000712c                __aeabi_dcmpgt
 .text          0x00007140       0xa0 c:/program files (x86)/cypress/psoc creator/3.3/psoc creator/import/gnu/arm/4.9.3/bin/../lib/gcc/arm-none-eabi/4.9.3/armv7-m\libgcc.a(_arm_truncdfsf2.o)
                0x00007140                __truncdfsf2
                0x00007140                __aeabi_d2f
 .text          0x000071e0      0x21c c:/program files (x86)/cypress/psoc creator/3.3/psoc creator/import/gnu/arm/4.9.3/bin/../lib/gcc/arm-none-eabi/4.9.3/armv7-m\libgcc.a(_arm_addsubsf3.o)
                0x000071e0                __aeabi_frsub
                0x000071e8                __subsf3
                0x000071e8                __aeabi_fsub
                0x000071ec                __aeabi_fadd
                0x000071ec                __addsf3
                0x0000734c                __aeabi_ui2f
                0x0000734c                __floatunsisf
                0x00007354                __aeabi_i2f
                0x00007354                __floatsisf
                0x00007370                __aeabi_ul2f
                0x00007370                __floatundisf
                0x00007380                __aeabi_l2f
                0x00007380                __floatdisf
 .text          0x000073fc      0x2a0 c:/program files (x86)/cypress/psoc creator/3.3/psoc creator/import/gnu/arm/4.9.3/bin/../lib/gcc/arm-none-eabi/4.9.3/armv7-m\libgcc.a(_arm_muldivsf3.o)
                0x000073fc                __mulsf3
                0x000073fc                __aeabi_fmul
                0x00007564                __aeabi_fdiv
                0x00007564                __divsf3
 .text          0x0000769c       0xec c:/program files (x86)/cypress/psoc creator/3.3/psoc creator/import/gnu/arm/4.9.3/bin/../lib/gcc/arm-none-eabi/4.9.3/armv7-m\libgcc.a(_arm_cmpsf2.o)
                0x0000769c                __gesf2
                0x0000769c                __gtsf2
                0x000076a4                __lesf2
                0x000076a4                __ltsf2
                0x000076ac                __nesf2
                0x000076ac                __eqsf2
                0x000076ac                __cmpsf2
                0x0000770c                __aeabi_cfrcmple
                0x00007714                __aeabi_cfcmpeq
                0x00007714                __aeabi_cfcmple
                0x00007724                __aeabi_fcmpeq
                0x00007738                __aeabi_fcmplt
                0x0000774c                __aeabi_fcmple
                0x00007760                __aeabi_fcmpge
                0x00007774                __aeabi_fcmpgt
 .text          0x00007788       0x40 c:/program files (x86)/cypress/psoc creator/3.3/psoc creator/import/gnu/arm/4.9.3/bin/../lib/gcc/arm-none-eabi/4.9.3/armv7-m\libgcc.a(_arm_fixunssfsi.o)
                0x00007788                __fixunssfsi
                0x00007788                __aeabi_f2uiz
 .text.__errno  0x000077c8        0xc c:/program files (x86)/cypress/psoc creator/3.3/psoc creator/import/gnu/arm/4.9.3/bin/../lib/gcc/arm-none-eabi/4.9.3/../../../../arm-none-eabi/lib/armv7-m\libg_nano.a(lib_a-errno.o)
                0x000077c8                __errno
 .text.__libc_init_array
                0x000077d4       0x4c c:/program files (x86)/cypress/psoc creator/3.3/psoc creator/import/gnu/arm/4.9.3/bin/../lib/gcc/arm-none-eabi/4.9.3/../../../../arm-none-eabi/lib/armv7-m\libg_nano.a(lib_a-init.o)
                0x000077d4                __libc_init_array
 .text.memcpy   0x00007820       0x16 c:/program files (x86)/cypress/psoc creator/3.3/psoc creator/import/gnu/arm/4.9.3/bin/../lib/gcc/arm-none-eabi/4.9.3/../../../../arm-none-eabi/lib/armv7-m\libg_nano.a(lib_a-memcpy.o)
                0x00007820                memcpy
 .text.memset   0x00007836       0x10 c:/program files (x86)/cypress/psoc creator/3.3/psoc creator/import/gnu/arm/4.9.3/bin/../lib/gcc/arm-none-eabi/4.9.3/../../../../arm-none-eabi/lib/armv7-m\libg_nano.a(lib_a-memset.o)
                0x00007836                memset
 .text.__cvt    0x00007846       0xbc c:/program files (x86)/cypress/psoc creator/3.3/psoc creator/import/gnu/arm/4.9.3/bin/../lib/gcc/arm-none-eabi/4.9.3/../../../../arm-none-eabi/lib/armv7-m\libg_nano.a(lib_a-nano-vfprintf_float.o)
                0x00007846                __cvt
 .text.__exponent
                0x00007902       0x62 c:/program files (x86)/cypress/psoc creator/3.3/psoc creator/import/gnu/arm/4.9.3/bin/../lib/gcc/arm-none-eabi/4.9.3/../../../../arm-none-eabi/lib/armv7-m\libg_nano.a(lib_a-nano-vfprintf_float.o)
                0x00007902                __exponent
 .text._printf_float
                0x00007964      0x48c c:/program files (x86)/cypress/psoc creator/3.3/psoc creator/import/gnu/arm/4.9.3/bin/../lib/gcc/arm-none-eabi/4.9.3/../../../../arm-none-eabi/lib/armv7-m\libg_nano.a(lib_a-nano-vfprintf_float.o)
                0x00007964                _printf_float
 .text._printf_common
                0x00007df0       0xea c:/program files (x86)/cypress/psoc creator/3.3/psoc creator/import/gnu/arm/4.9.3/bin/../lib/gcc/arm-none-eabi/4.9.3/../../../../arm-none-eabi/lib/armv7-m\libg_nano.a(lib_a-nano-vfprintf_i.o)
                0x00007df0                _printf_common
 *fill*         0x00007eda        0x2 
 .text._printf_i
                0x00007edc      0x240 c:/program files (x86)/cypress/psoc creator/3.3/psoc creator/import/gnu/arm/4.9.3/bin/../lib/gcc/arm-none-eabi/4.9.3/../../../../arm-none-eabi/lib/armv7-m\libg_nano.a(lib_a-nano-vfprintf_i.o)
                0x00007edc                _printf_i
 .text.__fpclassifyd
                0x0000811c       0x50 c:/program files (x86)/cypress/psoc creator/3.3/psoc creator/import/gnu/arm/4.9.3/bin/../lib/gcc/arm-none-eabi/4.9.3/../../../../arm-none-eabi/lib/armv7-m\libg_nano.a(lib_a-s_fpclassify.o)
                0x0000811c                __fpclassifyd
 .text.sprintf  0x0000816c       0x48 c:/program files (x86)/cypress/psoc creator/3.3/psoc creator/import/gnu/arm/4.9.3/bin/../lib/gcc/arm-none-eabi/4.9.3/../../../../arm-none-eabi/lib/armv7-m\libg_nano.a(lib_a-sprintf.o)
                0x0000816c                siprintf
                0x0000816c                sprintf
 .text.strlen   0x000081b4       0x10 c:/program files (x86)/cypress/psoc creator/3.3/psoc creator/import/gnu/arm/4.9.3/bin/../lib/gcc/arm-none-eabi/4.9.3/../../../../arm-none-eabi/lib/armv7-m\libg_nano.a(lib_a-strlen.o)
                0x000081b4                strlen
 .text.quorem   0x000081c4      0x114 c:/program files (x86)/cypress/psoc creator/3.3/psoc creator/import/gnu/arm/4.9.3/bin/../lib/gcc/arm-none-eabi/4.9.3/../../../../arm-none-eabi/lib/armv7-m\libg_nano.a(lib_a-dtoa.o)
 .text._dtoa_r  0x000082d8      0xb78 c:/program files (x86)/cypress/psoc creator/3.3/psoc creator/import/gnu/arm/4.9.3/bin/../lib/gcc/arm-none-eabi/4.9.3/../../../../arm-none-eabi/lib/armv7-m\libg_nano.a(lib_a-dtoa.o)
                0x000082d8                _dtoa_r
 .text._localeconv_r
                0x00008e50        0x8 c:/program files (x86)/cypress/psoc creator/3.3/psoc creator/import/gnu/arm/4.9.3/bin/../lib/gcc/arm-none-eabi/4.9.3/../../../../arm-none-eabi/lib/armv7-m\libg_nano.a(lib_a-locale.o)
                0x00008e50                _localeconv_r
 .text.malloc   0x00008e58       0x10 c:/program files (x86)/cypress/psoc creator/3.3/psoc creator/import/gnu/arm/4.9.3/bin/../lib/gcc/arm-none-eabi/4.9.3/../../../../arm-none-eabi/lib/armv7-m\libg_nano.a(lib_a-malloc.o)
                0x00008e58                malloc
 .text.memchr   0x00008e68       0x1c c:/program files (x86)/cypress/psoc creator/3.3/psoc creator/import/gnu/arm/4.9.3/bin/../lib/gcc/arm-none-eabi/4.9.3/../../../../arm-none-eabi/lib/armv7-m\libg_nano.a(lib_a-memchr.o)
                0x00008e68                memchr
 .text._Balloc  0x00008e84       0x6a c:/program files (x86)/cypress/psoc creator/3.3/psoc creator/import/gnu/arm/4.9.3/bin/../lib/gcc/arm-none-eabi/4.9.3/../../../../arm-none-eabi/lib/armv7-m\libg_nano.a(lib_a-mprec.o)
                0x00008e84                _Balloc
 .text._Bfree   0x00008eee       0x2e c:/program files (x86)/cypress/psoc creator/3.3/psoc creator/import/gnu/arm/4.9.3/bin/../lib/gcc/arm-none-eabi/4.9.3/../../../../arm-none-eabi/lib/armv7-m\libg_nano.a(lib_a-mprec.o)
                0x00008eee                _Bfree
 .text.__multadd
                0x00008f1c       0x7c c:/program files (x86)/cypress/psoc creator/3.3/psoc creator/import/gnu/arm/4.9.3/bin/../lib/gcc/arm-none-eabi/4.9.3/../../../../arm-none-eabi/lib/armv7-m\libg_nano.a(lib_a-mprec.o)
                0x00008f1c                __multadd
 .text.__hi0bits
                0x00008f98       0x40 c:/program files (x86)/cypress/psoc creator/3.3/psoc creator/import/gnu/arm/4.9.3/bin/../lib/gcc/arm-none-eabi/4.9.3/../../../../arm-none-eabi/lib/armv7-m\libg_nano.a(lib_a-mprec.o)
                0x00008f98                __hi0bits
 .text.__lo0bits
                0x00008fd8       0x5a c:/program files (x86)/cypress/psoc creator/3.3/psoc creator/import/gnu/arm/4.9.3/bin/../lib/gcc/arm-none-eabi/4.9.3/../../../../arm-none-eabi/lib/armv7-m\libg_nano.a(lib_a-mprec.o)
                0x00008fd8                __lo0bits
 .text.__i2b    0x00009032       0x12 c:/program files (x86)/cypress/psoc creator/3.3/psoc creator/import/gnu/arm/4.9.3/bin/../lib/gcc/arm-none-eabi/4.9.3/../../../../arm-none-eabi/lib/armv7-m\libg_nano.a(lib_a-mprec.o)
                0x00009032                __i2b
 .text.__multiply
                0x00009044      0x120 c:/program files (x86)/cypress/psoc creator/3.3/psoc creator/import/gnu/arm/4.9.3/bin/../lib/gcc/arm-none-eabi/4.9.3/../../../../arm-none-eabi/lib/armv7-m\libg_nano.a(lib_a-mprec.o)
                0x00009044                __multiply
 .text.__pow5mult
                0x00009164       0x9c c:/program files (x86)/cypress/psoc creator/3.3/psoc creator/import/gnu/arm/4.9.3/bin/../lib/gcc/arm-none-eabi/4.9.3/../../../../arm-none-eabi/lib/armv7-m\libg_nano.a(lib_a-mprec.o)
                0x00009164                __pow5mult
 .text.__lshift
                0x00009200       0xa6 c:/program files (x86)/cypress/psoc creator/3.3/psoc creator/import/gnu/arm/4.9.3/bin/../lib/gcc/arm-none-eabi/4.9.3/../../../../arm-none-eabi/lib/armv7-m\libg_nano.a(lib_a-mprec.o)
                0x00009200                __lshift
 .text.__mcmp   0x000092a6       0x38 c:/program files (x86)/cypress/psoc creator/3.3/psoc creator/import/gnu/arm/4.9.3/bin/../lib/gcc/arm-none-eabi/4.9.3/../../../../arm-none-eabi/lib/armv7-m\libg_nano.a(lib_a-mprec.o)
                0x000092a6                __mcmp
 .text.__mdiff  0x000092de       0xbe c:/program files (x86)/cypress/psoc creator/3.3/psoc creator/import/gnu/arm/4.9.3/bin/../lib/gcc/arm-none-eabi/4.9.3/../../../../arm-none-eabi/lib/armv7-m\libg_nano.a(lib_a-mprec.o)
                0x000092de                __mdiff
 .text.__d2b    0x0000939c       0xa4 c:/program files (x86)/cypress/psoc creator/3.3/psoc creator/import/gnu/arm/4.9.3/bin/../lib/gcc/arm-none-eabi/4.9.3/../../../../arm-none-eabi/lib/armv7-m\libg_nano.a(lib_a-mprec.o)
                0x0000939c                __d2b
 .text._calloc_r
                0x00009440       0x1c c:/program files (x86)/cypress/psoc creator/3.3/psoc creator/import/gnu/arm/4.9.3/bin/../lib/gcc/arm-none-eabi/4.9.3/../../../../arm-none-eabi/lib/armv7-m\libg_nano.a(lib_a-nano-callocr.o)
                0x00009440                _calloc_r
 .text._free_r  0x0000945c       0x88 c:/program files (x86)/cypress/psoc creator/3.3/psoc creator/import/gnu/arm/4.9.3/bin/../lib/gcc/arm-none-eabi/4.9.3/../../../../arm-none-eabi/lib/armv7-m\libg_nano.a(lib_a-nano-freer.o)
                0x0000945c                _free_r
 .text._malloc_r
                0x000094e4       0xac c:/program files (x86)/cypress/psoc creator/3.3/psoc creator/import/gnu/arm/4.9.3/bin/../lib/gcc/arm-none-eabi/4.9.3/../../../../arm-none-eabi/lib/armv7-m\libg_nano.a(lib_a-nano-mallocr.o)
                0x000094e4                _malloc_r
 .text.__ssputs_r
                0x00009590       0xb2 c:/program files (x86)/cypress/psoc creator/3.3/psoc creator/import/gnu/arm/4.9.3/bin/../lib/gcc/arm-none-eabi/4.9.3/../../../../arm-none-eabi/lib/armv7-m\libg_nano.a(lib_a-nano-svfprintf.o)
                0x00009590                __ssputs_r
 *fill*         0x00009642        0x2 
 .text._svfprintf_r
                0x00009644      0x1e4 c:/program files (x86)/cypress/psoc creator/3.3/psoc creator/import/gnu/arm/4.9.3/bin/../lib/gcc/arm-none-eabi/4.9.3/../../../../arm-none-eabi/lib/armv7-m\libg_nano.a(lib_a-nano-svfprintf.o)
                0x00009644                _svfiprintf_r
                0x00009644                _svfprintf_r
 .text._sbrk_r  0x00009828       0x20 c:/program files (x86)/cypress/psoc creator/3.3/psoc creator/import/gnu/arm/4.9.3/bin/../lib/gcc/arm-none-eabi/4.9.3/../../../../arm-none-eabi/lib/armv7-m\libg_nano.a(lib_a-sbrkr.o)
                0x00009828                _sbrk_r
 .text.memmove  0x00009848       0x36 c:/program files (x86)/cypress/psoc creator/3.3/psoc creator/import/gnu/arm/4.9.3/bin/../lib/gcc/arm-none-eabi/4.9.3/../../../../arm-none-eabi/lib/armv7-m\libg_nano.a(lib_a-memmove.o)
                0x00009848                memmove
 .text._realloc_r
                0x0000987e       0x4c c:/program files (x86)/cypress/psoc creator/3.3/psoc creator/import/gnu/arm/4.9.3/bin/../lib/gcc/arm-none-eabi/4.9.3/../../../../arm-none-eabi/lib/armv7-m\libg_nano.a(lib_a-nano-reallocr.o)
                0x0000987e                _realloc_r
 .text._malloc_usable_size_r
                0x000098ca       0x14 c:/program files (x86)/cypress/psoc creator/3.3/psoc creator/import/gnu/arm/4.9.3/bin/../lib/gcc/arm-none-eabi/4.9.3/../../../../arm-none-eabi/lib/armv7-m\libg_nano.a(lib_a-nano-msizer.o)
                0x000098ca                _malloc_usable_size_r
 *fill*         0x000098de        0x2 
 .text          0x000098e0       0x50 c:/program files (x86)/cypress/psoc creator/3.3/psoc creator/import/gnu/arm/4.9.3/bin/../lib/gcc/arm-none-eabi/4.9.3/armv7-m\libgcc.a(_arm_fixdfsi.o)
                0x000098e0                __aeabi_d2iz
                0x000098e0                __fixdfsi
 *(.plt)
 *(.gnu.warning)
 *(.glue_7t)
 .glue_7t       0x00000000        0x0 linker stubs
 *(.glue_7)
 .glue_7        0x00000000        0x0 linker stubs
 *(.vfp11_veneer)
 .vfp11_veneer  0x00000000        0x0 linker stubs
 *(.bootloader)
 *(.ARM.extab* .gnu.linkonce.armextab.*)
 *(.gcc_except_table)

.v4_bx          0x00009930        0x0
 .v4_bx         0x00000000        0x0 linker stubs

.iplt           0x00009930        0x0
 .iplt          0x00000000        0x0 c:/program files (x86)/cypress/psoc creator/3.3/psoc creator/import/gnu/arm/4.9.3/bin/../lib/gcc/arm-none-eabi/4.9.3/armv7-m/crtbegin.o

.eh_frame_hdr
 *(.eh_frame_hdr)

.eh_frame       0x00009930        0x4
 *(.eh_frame)
 .eh_frame      0x00009930        0x0 c:/program files (x86)/cypress/psoc creator/3.3/psoc creator/import/gnu/arm/4.9.3/bin/../lib/gcc/arm-none-eabi/4.9.3/armv7-m/crtbegin.o
 .eh_frame      0x00009930        0x0 c:/program files (x86)/cypress/psoc creator/3.3/psoc creator/import/gnu/arm/4.9.3/bin/../lib/gcc/arm-none-eabi/4.9.3/../../../../arm-none-eabi/lib/armv7-m\libg_nano.a(lib_a-strcmp.o)
                                 0x28 (size before relaxing)
 .eh_frame      0x00009930        0x4 c:/program files (x86)/cypress/psoc creator/3.3/psoc creator/import/gnu/arm/4.9.3/bin/../lib/gcc/arm-none-eabi/4.9.3/armv7-m/crtend.o
                0x00009934                PROVIDE (__exidx_start, .)

.ARM.exidx
 *(.ARM.exidx* .gnu.linkonce.armexidx.*)
                0x00009934                __exidx_end = .

.rodata         0x00009938    0x2ce90
 *(.rodata .rodata.* .gnu.linkonce.r.*)
 .rodata        0x00009938    0x2c9f8 .\ARM_GCC_493\Debug\u8g_font_data.o
                0x00009938                u8g_font_fub20
                0x0000bc0c                u8g_font_fub20n
                0x0000be68                u8g_font_fub20r
                0x0000ce20                u8g_font_ncenB10
                0x0000ddc4                u8g_font_ncenB10r
                0x0000e504                u8g_font_ncenB12
                0x0000f784                u8g_font_ncenB12r
                0x00010018                u8g_font_ncenB14
                0x000115d0                u8g_font_ncenB14r
                0x00011ffc                u8g_font_ncenB18
                0x00013fb0                u8g_font_ncenB18r
                0x00014e48                u8g_font_ncenB24
                0x000180ec                u8g_font_ncenB24n
                0x00018450                u8g_font_ncenB24r
                0x00019b84                u8g_font_ncenR10
                0x0001aa6c                u8g_font_ncenR10r
                0x0001b164                u8g_font_ncenR12
                0x0001c1fc                u8g_font_ncenR12r
                0x0001c9b4                u8g_font_ncenR14
                0x0001de7c                u8g_font_ncenR14r
                0x0001e864                u8g_font_ncenR18
                0x000205a4                u8g_font_ncenR18r
                0x0002133c                u8g_font_ncenR24
                0x00024110                u8g_font_ncenR24n
                0x000243f8                u8g_font_ncenR24r
                0x000258f0                u8g_font_unifont_0_10
                0x00026d00                u8g_font_unifont_0_11
                0x000279a8                u8g_font_unifont_0_8
                0x00028a44                u8g_font_unifont_12_13
                0x000299d8                u8g_font_unifont_18_19
                0x0002b580                u8g_font_unifont_2_3
                0x0002c79c                u8g_font_unifont_4_5
                0x0002d66c                u8g_font_unifont_67_75
                0x0002e3cc                u8g_font_unifont_72_73
                0x0003015c                u8g_font_unifont_75r
                0x000303a0                u8g_font_unifont_76
                0x00030d8c                u8g_font_unifont_77
                0x00031408                u8g_font_unifont_78_79
                0x00032fb4                u8g_font_unifont_86
                0x000336f8                u8g_font_unifont_8_9
                0x000347b0                u8g_font_unifont
                0x00035d60                u8g_font_unifontr
 .rodata        0x00036330       0x40 .\ARM_GCC_493\Debug\u8g_dev_st7565_dogm128.o
                0x00036330                u8g_dev_st7565_dogm128_init_seq
 .rodata        0x00036370       0x24 .\ARM_GCC_493\Debug\state_machine.o
 .rodata        0x00036394      0x114 .\ARM_GCC_493\Debug\LCD_Menu.o
 .rodata        0x000364a8        0x4 .\ARM_GCC_493\Debug\global_variables.o
 .rodata        0x000364ac        0x8 .\ARM_GCC_493\Debug\temp_manage.o
 .rodata        0x000364b4       0x78 .\ARM_GCC_493\Debug\Active_Load_v3.a(cyfitter_cfg.o)
                0x000364b4                AMux_1__addrTable
                0x000364cc                AMux_1__maskTable
                0x000364d4                ResistiveTouch_1_ADC_AMux__addrTable
                0x000364dc                ResistiveTouch_1_ADC_AMux__maskTable
 .rodata        0x0003652c      0x104 .\ARM_GCC_493\Debug\Active_Load_v3.a(WaveDAC8_1.o)
                0x0003652c                WaveDAC8_1_wave1
                0x00036534                WaveDAC8_1_wave2
 .rodata.str1.1
                0x00036630        0x2 c:/program files (x86)/cypress/psoc creator/3.3/psoc creator/import/gnu/arm/4.9.3/bin/../lib/gcc/arm-none-eabi/4.9.3/../../../../arm-none-eabi/lib/armv7-m\libg_nano.a(lib_a-impure.o)
 .rodata.str1.1
                0x00036632       0x12 c:/program files (x86)/cypress/psoc creator/3.3/psoc creator/import/gnu/arm/4.9.3/bin/../lib/gcc/arm-none-eabi/4.9.3/../../../../arm-none-eabi/lib/armv7-m\libg_nano.a(lib_a-nano-vfprintf_float.o)
 .rodata.str1.1
                0x00036644       0x22 c:/program files (x86)/cypress/psoc creator/3.3/psoc creator/import/gnu/arm/4.9.3/bin/../lib/gcc/arm-none-eabi/4.9.3/../../../../arm-none-eabi/lib/armv7-m\libg_nano.a(lib_a-nano-vfprintf_i.o)
 .rodata.str1.1
                0x00036666        0xd c:/program files (x86)/cypress/psoc creator/3.3/psoc creator/import/gnu/arm/4.9.3/bin/../lib/gcc/arm-none-eabi/4.9.3/../../../../arm-none-eabi/lib/armv7-m\libg_nano.a(lib_a-dtoa.o)
                                  0xf (size before relaxing)
 .rodata.str1.1
                0x00036673        0x8 c:/program files (x86)/cypress/psoc creator/3.3/psoc creator/import/gnu/arm/4.9.3/bin/../lib/gcc/arm-none-eabi/4.9.3/../../../../arm-none-eabi/lib/armv7-m\libg_nano.a(lib_a-locale.o)
                                  0xb (size before relaxing)
 *fill*         0x0003667b        0x5 
 .rodata.__mprec_tens
                0x00036680       0xc8 c:/program files (x86)/cypress/psoc creator/3.3/psoc creator/import/gnu/arm/4.9.3/bin/../lib/gcc/arm-none-eabi/4.9.3/../../../../arm-none-eabi/lib/armv7-m\libg_nano.a(lib_a-mprec.o)
                0x00036680                __mprec_tens
 .rodata.__mprec_bigtens
                0x00036748       0x28 c:/program files (x86)/cypress/psoc creator/3.3/psoc creator/import/gnu/arm/4.9.3/bin/../lib/gcc/arm-none-eabi/4.9.3/../../../../arm-none-eabi/lib/armv7-m\libg_nano.a(lib_a-mprec.o)
                0x00036748                __mprec_bigtens
 .rodata.p05.5308
                0x00036770        0xc c:/program files (x86)/cypress/psoc creator/3.3/psoc creator/import/gnu/arm/4.9.3/bin/../lib/gcc/arm-none-eabi/4.9.3/../../../../arm-none-eabi/lib/armv7-m\libg_nano.a(lib_a-mprec.o)
 .rodata.str1.1
                0x0003677c       0x11 c:/program files (x86)/cypress/psoc creator/3.3/psoc creator/import/gnu/arm/4.9.3/bin/../lib/gcc/arm-none-eabi/4.9.3/../../../../arm-none-eabi/lib/armv7-m\libg_nano.a(lib_a-nano-svfprintf.o)
                0x00036790                . = ALIGN (0x4)
 *fill*         0x0003678d        0x3 
 *(.init)
 .init          0x00036790        0x4 c:/program files (x86)/cypress/psoc creator/3.3/psoc creator/import/gnu/arm/4.9.3/bin/../lib/gcc/arm-none-eabi/4.9.3/armv7-m/crti.o
                0x00036790                _init
 .init          0x00036794        0x8 c:/program files (x86)/cypress/psoc creator/3.3/psoc creator/import/gnu/arm/4.9.3/bin/../lib/gcc/arm-none-eabi/4.9.3/armv7-m/crtn.o
                0x0003679c                . = ALIGN (0x4)
                0x0003679c                __preinit_array_start = .
 *(.preinit_array)
                0x0003679c                __preinit_array_end = .
                0x0003679c                . = ALIGN (0x4)
                0x0003679c                __init_array_start = .
 *(SORT(.init_array.*))
 *(.init_array)
 .init_array    0x0003679c        0x4 c:/program files (x86)/cypress/psoc creator/3.3/psoc creator/import/gnu/arm/4.9.3/bin/../lib/gcc/arm-none-eabi/4.9.3/armv7-m/crtbegin.o
 .init_array    0x000367a0        0x4 .\ARM_GCC_493\Debug\Cm3Start.o
                0x000367a4                __init_array_end = .
                0x000367a4                . = ALIGN (0x4)
 *(.fini)
 .fini          0x000367a4        0x4 c:/program files (x86)/cypress/psoc creator/3.3/psoc creator/import/gnu/arm/4.9.3/bin/../lib/gcc/arm-none-eabi/4.9.3/armv7-m/crti.o
                0x000367a4                _fini
 .fini          0x000367a8        0x8 c:/program files (x86)/cypress/psoc creator/3.3/psoc creator/import/gnu/arm/4.9.3/bin/../lib/gcc/arm-none-eabi/4.9.3/armv7-m/crtn.o
                0x000367b0                . = ALIGN (0x4)
                0x000367b0                __fini_array_start = .
 *(.fini_array)
 .fini_array    0x000367b0        0x4 c:/program files (x86)/cypress/psoc creator/3.3/psoc creator/import/gnu/arm/4.9.3/bin/../lib/gcc/arm-none-eabi/4.9.3/armv7-m/crtbegin.o
 *(SORT(.fini_array.*))
                0x000367b4                __fini_array_end = .
                0x000367b4                . = ALIGN (0x4)
 *crtbegin.o(.ctors)
 *(EXCLUDE_FILE(*crtend.o) .ctors)
 *(SORT(.ctors.*))
 *crtend.o(.ctors)
                0x000367b4                . = ALIGN (0x4)
 *crtbegin.o(.dtors)
 *(EXCLUDE_FILE(*crtend.o) .dtors)
 *(SORT(.dtors.*))
 *crtend.o(.dtors)
                0x000367b4                . = ALIGN (0x4)
                0x000367b4                __cy_regions = .
                0x000367b4        0x4 LONG 0x367c8 __cy_region_init_ram
                0x000367b8        0x4 LONG 0x1fff8108 __cy_region_start_data
                0x000367bc        0x4 LONG 0x110 __cy_region_init_size_ram
                0x000367c0        0x4 LONG 0x310 __cy_region_zero_size_ram
                0x000367c4                __cy_regions_end = .
                0x000367c8                . = ALIGN (0x8)
 *fill*         0x000367c4        0x4 
                0x000367c8                _etext = .

.cy_checksum_exclude
                0x000367c8        0x0
 *(.cy_checksum_exclude)

.ramvectors     0x1fff8000      0x100
                0x1fff8000                __cy_region_start_ram = .
 *(.ramvectors)
 .ramvectors    0x1fff8000      0x100 .\ARM_GCC_493\Debug\Cm3Start.o
                0x1fff8000                CyRamVectors

.noinit         0x1fff8100        0x5
 *(.noinit)
 .noinit        0x1fff8100        0x4 .\ARM_GCC_493\Debug\Cm3Start.o
 .noinit        0x1fff8104        0x1 .\ARM_GCC_493\Debug\Active_Load_v3.a(CyLib.o)
                0x1fff8104                CyResetStatus

.data           0x1fff8108      0x110 load address 0x000367c8
                0x1fff8108                __cy_region_start_data = .
 *(.jcr)
 .jcr           0x1fff8108        0x0 c:/program files (x86)/cypress/psoc creator/3.3/psoc creator/import/gnu/arm/4.9.3/bin/../lib/gcc/arm-none-eabi/4.9.3/armv7-m/crtbegin.o
 .jcr           0x1fff8108        0x4 c:/program files (x86)/cypress/psoc creator/3.3/psoc creator/import/gnu/arm/4.9.3/bin/../lib/gcc/arm-none-eabi/4.9.3/armv7-m/crtend.o
 *(.got.plt)
 *(.got)
 *(.shdata)
 *(.data .data.* .gnu.linkonce.d.*)
 .data          0x1fff810c       0x30 .\ARM_GCC_493\Debug\u8g_dev_st7565_dogm128.o
                0x1fff810c                u8g_dev_st7565_dogm128_sw_spi_pb
                0x1fff8118                u8g_dev_st7565_dogm128_sw_spi
                0x1fff8124                u8g_dev_st7565_dogm128_hw_spi_pb
                0x1fff8130                u8g_dev_st7565_dogm128_hw_spi
 .data          0x1fff813c        0x2 .\ARM_GCC_493\Debug\state_machine.o
                0x1fff813c                Position_Number
                0x1fff813d                Set_Value_1
 *fill*         0x1fff813e        0x2 
 .data          0x1fff8140        0x4 .\ARM_GCC_493\Debug\Cm3Start.o
 .data          0x1fff8144        0x8 .\ARM_GCC_493\Debug\Active_Load_v3.a(CyDmac.o)
 .data          0x1fff814c       0x10 .\ARM_GCC_493\Debug\Active_Load_v3.a(CyLib.o)
                0x1fff814c                cydelay_freq_hz
                0x1fff8150                cydelay_freq_khz
                0x1fff8154                cydelay_freq_mhz
                0x1fff8158                cydelay_32k_ms
 .data          0x1fff815c        0x1 .\ARM_GCC_493\Debug\Active_Load_v3.a(WaveDAC8_1_Wave1_DMA_dma.o)
                0x1fff815c                WaveDAC8_1_Wave1_DMA_DmaHandle
 .data          0x1fff815d        0x1 .\ARM_GCC_493\Debug\Active_Load_v3.a(WaveDAC8_1_Wave2_DMA_dma.o)
                0x1fff815d                WaveDAC8_1_Wave2_DMA_DmaHandle
 .data          0x1fff815e        0x1 .\ARM_GCC_493\Debug\Active_Load_v3.a(AMux_1.o)
 *fill*         0x1fff815f        0x1 
 .data          0x1fff8160       0x14 .\ARM_GCC_493\Debug\Active_Load_v3.a(DVDAC8_1.o)
 .data          0x1fff8174        0x1 .\ARM_GCC_493\Debug\Active_Load_v3.a(DVDAC8_1_DMA_dma.o)
                0x1fff8174                DVDAC8_1_DMA_DmaHandle
 *fill*         0x1fff8175        0x3 
 .data.impure_data
                0x1fff8178       0x60 c:/program files (x86)/cypress/psoc creator/3.3/psoc creator/import/gnu/arm/4.9.3/bin/../lib/gcc/arm-none-eabi/4.9.3/../../../../arm-none-eabi/lib/armv7-m\libg_nano.a(lib_a-impure.o)
 .data._impure_ptr
                0x1fff81d8        0x4 c:/program files (x86)/cypress/psoc creator/3.3/psoc creator/import/gnu/arm/4.9.3/bin/../lib/gcc/arm-none-eabi/4.9.3/../../../../arm-none-eabi/lib/armv7-m\libg_nano.a(lib_a-impure.o)
                0x1fff81d8                _impure_ptr
 .data.lconv    0x1fff81dc       0x38 c:/program files (x86)/cypress/psoc creator/3.3/psoc creator/import/gnu/arm/4.9.3/bin/../lib/gcc/arm-none-eabi/4.9.3/../../../../arm-none-eabi/lib/armv7-m\libg_nano.a(lib_a-locale.o)
                0x1fff8218                . = ALIGN (0x8)
 *fill*         0x1fff8214        0x4 
 *(.ram)
                0x1fff8218                _edata = .

.igot.plt       0x1fff8218        0x0 load address 0x000368d8
 .igot.plt      0x00000000        0x0 c:/program files (x86)/cypress/psoc creator/3.3/psoc creator/import/gnu/arm/4.9.3/bin/../lib/gcc/arm-none-eabi/4.9.3/armv7-m/crtbegin.o

.bss            0x1fff8218      0x310 load address 0x000368d8
                0x1fff8218                PROVIDE (__bss_start__, .)
 *(.shbss)
 *(.bss .bss.* .gnu.linkonce.b.*)
 .bss           0x1fff8218       0x1c c:/program files (x86)/cypress/psoc creator/3.3/psoc creator/import/gnu/arm/4.9.3/bin/../lib/gcc/arm-none-eabi/4.9.3/armv7-m/crtbegin.o
 .bss           0x1fff8234      0x100 .\ARM_GCC_493\Debug\u8g_dev_st7565_dogm128.o
                0x1fff8234                u8g_dev_st7565_dogm128_sw_spi_buf
                0x1fff82b4                u8g_dev_st7565_dogm128_hw_spi_buf
 .bss           0x1fff8334       0x10 .\ARM_GCC_493\Debug\state_machine.o
                0x1fff8334                DACValue
                0x1fff8336                Timer
                0x1fff8338                Loop_Counter
                0x1fff833c                Set_Value_2
                0x1fff833d                Set_Value_0
                0x1fff8340                Set_Current
 .bss           0x1fff8344        0x1 .\ARM_GCC_493\Debug\Active_Load_v3.a(PWM_1.o)
                0x1fff8344                PWM_1_initVar
 .bss           0x1fff8345        0x1 .\ARM_GCC_493\Debug\Active_Load_v3.a(QD.o)
                0x1fff8345                QD_initVar
 .bss           0x1fff8346        0x1 .\ARM_GCC_493\Debug\Active_Load_v3.a(QD_Cnt16.o)
                0x1fff8346                QD_Cnt16_initVar
 .bss           0x1fff8347        0x5 .\ARM_GCC_493\Debug\Active_Load_v3.a(WaveDAC8_1.o)
                0x1fff8347                WaveDAC8_1_initVar
 .bss           0x1fff834c        0x1 .\ARM_GCC_493\Debug\Active_Load_v3.a(ADC_SAR_1.o)
                0x1fff834c                ADC_SAR_1_initVar
 .bss           0x1fff834d        0x1 .\ARM_GCC_493\Debug\Active_Load_v3.a(ADC_SAR_2.o)
                0x1fff834d                ADC_SAR_2_initVar
 .bss           0x1fff834e        0x1 .\ARM_GCC_493\Debug\Active_Load_v3.a(I2C.o)
                0x1fff834e                I2C_initVar
 .bss           0x1fff834f        0x1 .\ARM_GCC_493\Debug\Active_Load_v3.a(PWM_Buzz.o)
                0x1fff834f                PWM_Buzz_initVar
 .bss           0x1fff8350        0x1 .\ARM_GCC_493\Debug\Active_Load_v3.a(SPIM.o)
                0x1fff8350                SPIM_initVar
 .bss           0x1fff8351        0x1 .\ARM_GCC_493\Debug\Active_Load_v3.a(PWM_Back.o)
                0x1fff8351                PWM_Back_initVar
 .bss           0x1fff8352        0x2 .\ARM_GCC_493\Debug\Active_Load_v3.a(DVDAC8_1.o)
                0x1fff8352                DVDAC8_1_initVar
 .bss           0x1fff8354        0x8 .\ARM_GCC_493\Debug\Active_Load_v3.a(CySpc.o)
                0x1fff8354                SpcLockState
 .bss.__malloc_sbrk_start
                0x1fff835c        0x4 c:/program files (x86)/cypress/psoc creator/3.3/psoc creator/import/gnu/arm/4.9.3/bin/../lib/gcc/arm-none-eabi/4.9.3/../../../../arm-none-eabi/lib/armv7-m\libg_nano.a(lib_a-nano-mallocr.o)
                0x1fff835c                __malloc_sbrk_start
 .bss.__malloc_free_list
                0x1fff8360        0x4 c:/program files (x86)/cypress/psoc creator/3.3/psoc creator/import/gnu/arm/4.9.3/bin/../lib/gcc/arm-none-eabi/4.9.3/../../../../arm-none-eabi/lib/armv7-m\libg_nano.a(lib_a-nano-mallocr.o)
                0x1fff8360                __malloc_free_list
 *(COMMON)
 COMMON         0x1fff8364       0x4c .\ARM_GCC_493\Debug\u8g_polygon.o
                0x1fff8364                u8g_pg
 COMMON         0x1fff83b0      0x140 .\ARM_GCC_493\Debug\main01.o
                0x1fff83b0                C_Ki
                0x1fff83b4                Current_FET_TempString
                0x1fff83bc                fCurrent
                0x1fff83c0                u8g
                0x1fff83fc                cPower_Actual
                0x1fff840c                OverTemperature
                0x1fff8410                MaxPower
                0x1fff8414                MaxCurrent
                0x1fff8418                Edit_Value_Mode
                0x1fff841c                fVoltage
                0x1fff8420                cCurrent_Set
                0x1fff8430                button5
                0x1fff8431                button4
                0x1fff8434                fPower
                0x1fff8438                cCounter
                0x1fff8458                cVoltage_Actual
                0x1fff8468                Current_DIE_TempString
                0x1fff8470                Current_FET_Temp
                0x1fff8472                Current_DIE_Temp
                0x1fff8474                Max_FET_Temp
                0x1fff8476                MeasuredCurrent
                0x1fff8478                button2
                0x1fff8479                CurrentVolumeValue
                0x1fff847c                cVoltage_Set
                0x1fff848c                MeasuredVoltage
                0x1fff8490                CurrentVolumeValueString
                0x1fff8498                C_Kd
                0x1fff849c                Last_qdCount
                0x1fff849e                qdCount
                0x1fff84a0                button3
                0x1fff84a4                TestChar
                0x1fff84b4                Power
                0x1fff84b6                OutputEnable
                0x1fff84b7                Current_Menu_Position
                0x1fff84b8                cPower_Set
                0x1fff84c8                button6
                0x1fff84c9                button1
                0x1fff84ca                Sound_Enable
                0x1fff84cb                Current_State
                0x1fff84cc                cCurrent_Actual
                0x1fff84dc                CurrentBacklightValueString
                0x1fff84e4                CurrentBacklightValue
                0x1fff84e5                push
                0x1fff84e8                MaxVoltage
                0x1fff84ec                C_Kp
 COMMON         0x1fff84f0        0x8 .\ARM_GCC_493\Debug\state_machine.o
                0x1fff84f0                Set_Power
                0x1fff84f4                Set_Voltage
 COMMON         0x1fff84f8        0x4 .\ARM_GCC_493\Debug\temp_manage.o
                0x1fff84f8                Status
 COMMON         0x1fff84fc        0xa .\ARM_GCC_493\Debug\Active_Load_v3.a(ADC_SAR_1.o)
                0x1fff84fc                ADC_SAR_1_countsPerVolt
                0x1fff84fe                ADC_SAR_1_shift
                0x1fff8500                ADC_SAR_1_countsPer10Volt
                0x1fff8504                ADC_SAR_1_offset
 *fill*         0x1fff8506        0x2 
 COMMON         0x1fff8508        0xa .\ARM_GCC_493\Debug\Active_Load_v3.a(ADC_SAR_2.o)
                0x1fff8508                ADC_SAR_2_countsPer10Volt
                0x1fff850c                ADC_SAR_2_shift
                0x1fff850e                ADC_SAR_2_offset
                0x1fff8510                ADC_SAR_2_countsPerVolt
 COMMON         0x1fff8512        0x1 .\ARM_GCC_493\Debug\Active_Load_v3.a(I2C.o)
                0x1fff8512                I2C_state
 *fill*         0x1fff8513        0x1 
 COMMON         0x1fff8514       0x10 .\ARM_GCC_493\Debug\Active_Load_v3.a(I2C_MASTER.o)
                0x1fff8514                I2C_mstrWrBufIndex
                0x1fff8515                I2C_mstrWrBufSize
                0x1fff8516                I2C_mstrStatus
                0x1fff8518                I2C_mstrRdBufPtr
                0x1fff851c                I2C_mstrControl
                0x1fff851d                I2C_mstrRdBufSize
                0x1fff851e                I2C_mstrRdBufIndex
                0x1fff8520                I2C_mstrWrBufPtr
 COMMON         0x1fff8524        0x4 c:/program files (x86)/cypress/psoc creator/3.3/psoc creator/import/gnu/arm/4.9.3/bin/../lib/gcc/arm-none-eabi/4.9.3/../../../../arm-none-eabi/lib/armv7-m\libg_nano.a(lib_a-reent.o)
                0x1fff8524                errno
                0x1fff8528                . = ALIGN (0x8)
 *(.ram.b)
                0x1fff8528                _end = .
                0x1fff8528                __end = .
                0x1fff8528                PROVIDE (end, .)
                0x1fff8528                PROVIDE (__bss_end__, .)
                0x000367c8                __cy_region_init_ram = LOADADDR (.data)
                0x00000110                __cy_region_init_size_ram = (_edata - ADDR (.data))
                0x00000310                __cy_region_zero_size_ram = (_end - _edata)

.heap           0x1fff8528      0x200 load address 0x000368d8
                0x1fff8528                . = _end
                0x1fff8728                . = (. + 0x200)
 *fill*         0x1fff8528      0x200 
                0x1fff8728                __cy_heap_limit = .

.stack          0x20007800      0x800
                0x20007800                __cy_stack_limit = .
                0x20008000                . = (. + 0x800)
 *fill*         0x20007800      0x800 
                0x00000001                ASSERT ((__cy_stack_limit >= __cy_heap_limit), region RAM overflowed with stack)
                0x00000000                cy_checksum_exclude_size = (CY_APPL_LOADABLE == 0x1)?SIZEOF (.cy_checksum_exclude):0x0
                0x00000001                ASSERT ((cy_checksum_exclude_size <= CY_CHECKSUM_EXCLUDE_SIZE), CY_BOOT: Section .cy_checksum_exclude size exceedes specified limit.)

.cyloadermeta
 *(.cyloadermeta)

.cyloadablemeta
 *(.cyloadablemeta)

.cyconfigecc    0x80000000      0xad0
 *(.cyconfigecc)
 .cyconfigecc   0x80000000      0xad0 .\ARM_GCC_493\Debug\cymetadata.o
                0x80000000                cy_meta_configecc

.cycustnvl      0x90000000        0x4
 *(.cycustnvl)
 .cycustnvl     0x90000000        0x4 .\ARM_GCC_493\Debug\cymetadata.o
                0x90000000                cy_meta_custnvl

.cywolatch      0x90100000        0x4
 *(.cywolatch)
 .cywolatch     0x90100000        0x4 .\ARM_GCC_493\Debug\cymetadata.o
                0x90100000                cy_meta_wonvl

.cyeeprom       0x90200000        0x0
 *(.cyeeprom)
                0x00000001                ASSERT ((. <= ((0x90200000 + ee_offset) + ee_size)), .cyeeprom data will not fit in EEPROM)

.cyflashprotect
                0x90400000      0x100
 *(.cyflashprotect)
 .cyflashprotect
                0x90400000      0x100 .\ARM_GCC_493\Debug\cymetadata.o
                0x90400000                cy_meta_flashprotect

.cymeta         0x90500000        0xc
 *(.cymeta)
 .cymeta        0x90500000        0xc .\ARM_GCC_493\Debug\cymetadata.o
                0x90500000                cy_metadata

.rel.dyn        0x000368d8        0x0 load address 0x9050000c
 .rel.iplt      0x00000000        0x0 c:/program files (x86)/cypress/psoc creator/3.3/psoc creator/import/gnu/arm/4.9.3/bin/../lib/gcc/arm-none-eabi/4.9.3/armv7-m/crtbegin.o

.stab
 *(.stab)

.stabstr
 *(.stabstr)

.debug
 *(.debug)

.line
 *(.line)

.debug_srcinfo
 *(.debug_srcinfo)

.debug_sfnames
 *(.debug_sfnames)

.debug_aranges  0x00000000     0x2460
 *(.debug_aranges)
 .debug_aranges
                0x00000000      0x1e8 .\ARM_GCC_493\Debug\chessengine.o
 .debug_aranges
                0x000001e8       0x58 .\ARM_GCC_493\Debug\u8g_bitmap.o
 .debug_aranges